******************************************************************************
                  TI ARM Linker PC v15.12.3                    
******************************************************************************
>> Linked Mon Nov 30 20:59:22 2020

OUTPUT FILE NAME:   <JTKJ_labra.out>
ENTRY POINT SYMBOL: "ResetISR"  address: 00009755


MEMORY CONFIGURATION

         name            origin    length      used     unused   attr    fill
----------------------  --------  ---------  --------  --------  ----  --------
  FLASH                 00000000   00020000  0000d598  00012a68  R  X
  SRAM                  20000000   00005000  00003f7f  00001081  RW X


SEGMENT ALLOCATION MAP

run origin  load origin   length   init length attrs members
----------  ----------- ---------- ----------- ----- -------
00000000    00000000    0000003c   0000003c    r--
  00000000    00000000    0000003c   0000003c    r-- .resetVecs
00000100    00000100    0000d514   0000d514    r-x
  00000100    00000100    0000003c   0000003c    r-- .const:ti_sysbios_knl_Task_Object__PARAMS__C
  0000013c    0000013c    00000034   00000034    r-- .const:ti_sysbios_knl_Mailbox_Object__PARAMS__C
  00000170    00000170    00000030   00000030    r-- .const:ti_sysbios_family_arm_m3_Hwi_Object__PARAMS__C
  000001a0    000001a0    0000002c   0000002c    r-- .const:ti_sysbios_hal_Hwi_Object__PARAMS__C
  000001cc    000001cc    00000028   00000028    r-- .const:ti_sysbios_heaps_HeapMem_Module__FXNS__C
  000001f4    000001f4    00000028   00000028    r-- .const:ti_sysbios_knl_Swi_Object__PARAMS__C
  0000021c    0000021c    00000024   00000024    r-- .const:ti_sysbios_gates_GateHwi_Module__FXNS__C
  00000240    00000240    00000024   00000024    r-- .const:ti_sysbios_gates_GateMutex_Module__FXNS__C
  00000264    00000264    00000024   00000024    r-- .const:ti_sysbios_heaps_HeapMem_Object__PARAMS__C
  00000288    00000288    00000024   00000024    r-- .const:ti_sysbios_knl_Clock_Object__PARAMS__C
  000002ac    000002ac    00000024   00000024    r-- .const:ti_sysbios_knl_Semaphore_Object__PARAMS__C
  000002d0    000002d0    00000020   00000020    r-- .const:ti_sysbios_family_arm_m3_Hwi_Object__DESC__C
  000002f0    000002f0    00000020   00000020    r-- .const:ti_sysbios_gates_GateHwi_Object__DESC__C
  00000310    00000310    00000020   00000020    r-- .const:ti_sysbios_gates_GateMutex_Object__DESC__C
  00000330    00000330    00000020   00000020    r-- .const:ti_sysbios_hal_Hwi_Object__DESC__C
  00000350    00000350    00000020   00000020    r-- .const:ti_sysbios_heaps_HeapMem_Object__DESC__C
  00000370    00000370    00000020   00000020    r-- .const:ti_sysbios_knl_Clock_Object__DESC__C
  00000390    00000390    00000020   00000020    r-- .const:ti_sysbios_knl_Mailbox_Object__DESC__C
  000003b0    000003b0    00000020   00000020    r-- .const:ti_sysbios_knl_Queue_Object__DESC__C
  000003d0    000003d0    00000020   00000020    r-- .const:ti_sysbios_knl_Semaphore_Object__DESC__C
  000003f0    000003f0    00000020   00000020    r-- .const:ti_sysbios_knl_Swi_Object__DESC__C
  00000410    00000410    00000020   00000020    r-- .const:ti_sysbios_knl_Task_Object__DESC__C
  00000430    00000430    00000018   00000018    r-- .const:ti_sysbios_gates_GateHwi_Object__PARAMS__C
  00000448    00000448    00000018   00000018    r-- .const:ti_sysbios_gates_GateMutex_Object__PARAMS__C
  00000460    00000460    00000018   00000018    r-- .const:ti_sysbios_knl_Queue_Object__PARAMS__C
  00000478    00000478    00000008   00000008    r-- .const:ti_sysbios_knl_Idle_funcList__C
  00000484    00000484    00000004   00000004    r-- .const:ti_sysbios_family_arm_cc26xx_Timer_startupNeeded__C
  00000488    00000488    00000004   00000004    r-- .const:ti_sysbios_family_arm_m3_Hwi_E_alreadyDefined__C
  0000048c    0000048c    00000004   00000004    r-- .const:ti_sysbios_family_arm_m3_Hwi_E_hwiLimitExceeded__C
  00000490    00000490    00000004   00000004    r-- .const:ti_sysbios_family_arm_m3_Hwi_NUM_INTERRUPTS__C
  00000494    00000494    00000004   00000004    r-- .const:ti_sysbios_family_arm_m3_Hwi_Object__count__C
  00000498    00000498    00000004   00000004    r-- .const:ti_sysbios_family_arm_m3_Hwi_Object__table__C
  0000049c    0000049c    00000004   00000004    r-- .const:ti_sysbios_family_arm_m3_Hwi_ccr__C
  000004a0    000004a0    00000004   00000004    r-- .const:ti_sysbios_family_arm_m3_Hwi_excHandlerFunc__C
  000004a4    000004a4    00000004   00000004    r-- .const:ti_sysbios_family_arm_m3_Hwi_nullIsrFunc__C
  000004a8    000004a8    00000004   00000004    r-- .const:ti_sysbios_family_arm_m3_Hwi_numSparseInterrupts__C
  000004ac    000004ac    00000004   00000004    r-- .const:ti_sysbios_family_arm_m3_Hwi_priGroup__C
  000004b0    000004b0    00000004   00000004    r-- .const:ti_sysbios_family_arm_m3_TaskSupport_stackAlignment__C
  000004b4    000004b4    00000004   00000004    r-- .const:ti_sysbios_heaps_HeapMem_E_memory__C
  000004b8    000004b8    00000004   00000004    r-- .const:ti_sysbios_heaps_HeapMem_Module__gateObj__C
  000004bc    000004bc    00000004   00000004    r-- .const:ti_sysbios_heaps_HeapMem_Object__count__C
  000004c0    000004c0    00000004   00000004    r-- .const:ti_sysbios_heaps_HeapMem_Object__table__C
  000004c4    000004c4    00000004   00000004    r-- .const:ti_sysbios_heaps_HeapMem_reqAlign__C
  000004c8    000004c8    00000004   00000004    r-- .const:ti_sysbios_knl_Clock_serviceMargin__C
  000004cc    000004cc    00000004   00000004    r-- .const:ti_sysbios_knl_Mailbox_Object__count__C
  000004d0    000004d0    00000004   00000004    r-- .const:ti_sysbios_knl_Mailbox_Object__table__C
  000004d4    000004d4    00000004   00000004    r-- .const:ti_sysbios_knl_Queue_Object__count__C
  000004d8    000004d8    00000004   00000004    r-- .const:ti_sysbios_knl_Queue_Object__table__C
  000004dc    000004dc    00000004   00000004    r-- .const:ti_sysbios_knl_Swi_Object__count__C
  000004e0    000004e0    00000004   00000004    r-- .const:ti_sysbios_knl_Swi_Object__table__C
  000004e4    000004e4    00000004   00000004    r-- .const:ti_sysbios_knl_Swi_numPriorities__C
  000004e8    000004e8    00000004   00000004    r-- .const:ti_sysbios_knl_Task_Object__count__C
  000004ec    000004ec    00000004   00000004    r-- .const:ti_sysbios_knl_Task_Object__table__C
  000004f0    000004f0    00000004   00000004    r-- .const:ti_sysbios_knl_Task_allBlockedFunc__C
  000004f4    000004f4    00000004   00000004    r-- .const:ti_sysbios_knl_Task_defaultStackHeap__C
  000004f8    000004f8    00000004   00000004    r-- .const:ti_sysbios_knl_Task_defaultStackSize__C
  000004fc    000004fc    00000004   00000004    r-- .const:ti_sysbios_knl_Task_numConstructedTasks__C
  00000502    00000502    00000002   00000002    r-- .const:ti_sysbios_family_arm_cc26xx_Timer_Module__id__C
  00000504    00000504    00000002   00000002    r-- .const:ti_sysbios_family_arm_cc26xx_TimestampProvider_useClockTimer__C
  00000506    00000506    00000002   00000002    r-- .const:ti_sysbios_family_arm_m3_Hwi_Module__id__C
  00000508    00000508    00000002   00000002    r-- .const:ti_sysbios_gates_GateHwi_Module__id__C
  0000050a    0000050a    00000002   00000002    r-- .const:ti_sysbios_gates_GateMutex_Module__id__C
  0000050c    0000050c    00000002   00000002    r-- .const:ti_sysbios_heaps_HeapMem_Module__id__C
  0000050e    0000050e    00000002   00000002    r-- .const:ti_sysbios_knl_Task_initStackFlag__C
  00000510    00000510    00000001   00000001    r-- .const:ti_sysbios_knl_Clock_tickMode__C
  00000514    00000514    00000008   00000008    r-- .const:xdc_runtime_Startup_firstFxns__C
  0000051c    0000051c    00000008   00000008    r-- .const:xdc_runtime_Startup_lastFxns__C
  00000524    00000524    00000004   00000004    r-- .const:xdc_runtime_Assert_E_assertFailed__C
  00000528    00000528    00000004   00000004    r-- .const:xdc_runtime_Error_E_memory__C
  0000052c    0000052c    00000004   00000004    r-- .const:xdc_runtime_Error_policyFxn__C
  00000530    00000530    00000004   00000004    r-- .const:xdc_runtime_IGateProvider_Interface__BASE__C
  00000534    00000534    00000004   00000004    r-- .const:xdc_runtime_IHeap_Interface__BASE__C
  00000538    00000538    00000004   00000004    r-- .const:xdc_runtime_IModule_Interface__BASE__C
  0000053c    0000053c    00000004   00000004    r-- .const:xdc_runtime_Main_Module__diagsEnabled__C
  00000540    00000540    00000004   00000004    r-- .const:xdc_runtime_Main_Module__diagsIncluded__C
  00000544    00000544    00000004   00000004    r-- .const:xdc_runtime_Main_Module__diagsMask__C
  00000548    00000548    00000004   00000004    r-- .const:xdc_runtime_Memory_defaultHeapInstance__C
  0000054c    0000054c    00000004   00000004    r-- .const:xdc_runtime_Startup_execImpl__C
  00000550    00000550    00000004   00000004    r-- .const:xdc_runtime_Startup_maxPasses__C
  00000554    00000554    00000004   00000004    r-- .const:xdc_runtime_Startup_sfxnRts__C
  00000558    00000558    00000004   00000004    r-- .const:xdc_runtime_Startup_sfxnTab__C
  0000055c    0000055c    00000004   00000004    r-- .const:xdc_runtime_Startup_startModsFxn__C
  00000560    00000560    00000004   00000004    r-- .const:xdc_runtime_SysCallback_abortFxn__C
  00000564    00000564    00000004   00000004    r-- .const:xdc_runtime_SysCallback_exitFxn__C
  00000568    00000568    00000004   00000004    r-- .const:xdc_runtime_System_abortFxn__C
  0000056c    0000056c    00000004   00000004    r-- .const:xdc_runtime_System_exitFxn__C
  00000570    00000570    00000004   00000004    r-- .const:xdc_runtime_System_maxAtexitHandlers__C
  00000574    00000574    00000004   00000004    r-- .const:xdc_runtime_Text_charTab__C
  00000578    00000578    00000004   00000004    r-- .const:xdc_runtime_Text_nameEmpty__C
  0000057c    0000057c    00000004   00000004    r-- .const:xdc_runtime_Text_nameStatic__C
  00000580    00000580    00000004   00000004    r-- .const:xdc_runtime_Text_nameUnknown__C
  00000584    00000584    00000002   00000002    r-- .const:xdc_runtime_Main_Module__id__C
  00000586    00000586    00000002   00000002    r-- .const:xdc_runtime_Memory_Module__id__C
  00000588    00000588    00000002   00000002    r-- .const:xdc_runtime_Text_charCnt__C
  0000058a    0000058a    00000002   00000002    r-- .const:xdc_runtime_Text_isLoaded__C
  0000058c    0000058c    00000001   00000001    r-- .const:xdc_runtime_Error_policy__C
  00000590    00000590    00000004   00000004    r-- .const:ti_sysbios_rom_ROM_AONRTCChannelEnable
  00000594    00000594    00000004   00000004    r-- .const:ti_sysbios_rom_ROM_AONRTCCompareValueSet
  00000598    00000598    00000004   00000004    r-- .const:ti_sysbios_rom_ROM_AONRTCCurrentCompareValueGet
  0000059c    0000059c    00000004   00000004    r-- .const:ti_sysbios_rom_ROM_AONRTCEventClear
  000005a0    000005a0    00000004   00000004    r-- .const:ti_sysbios_rom_ROM_ti_sysbios_family_arm_cc26xx_Timer_getCount64__E
  000005a4    000005a4    00000004   00000004    r-- .const:ti_sysbios_rom_ROM_ti_sysbios_family_arm_cc26xx_Timer_getCurrentTick__E
  000005a8    000005a8    00000004   00000004    r-- .const:ti_sysbios_rom_ROM_ti_sysbios_family_arm_cc26xx_Timer_getMaxTicks__E
  000005ac    000005ac    00000004   00000004    r-- .const:ti_sysbios_rom_ROM_ti_sysbios_family_arm_cc26xx_Timer_initDevice__I
  000005b0    000005b0    00000004   00000004    r-- .const:ti_sysbios_rom_ROM_ti_sysbios_family_arm_cc26xx_Timer_setNextTick__E
  000005b4    000005b4    00000004   00000004    r-- .const:ti_sysbios_rom_ROM_ti_sysbios_family_arm_cc26xx_Timer_setThreshold__I
  000005b8    000005b8    00000004   00000004    r-- .const:ti_sysbios_rom_ROM_ti_sysbios_family_arm_cc26xx_Timer_start__E
  000005bc    000005bc    00000004   00000004    r-- .const:ti_sysbios_rom_ROM_ti_sysbios_family_arm_cc26xx_TimestampProvider_get32__E
  000005c0    000005c0    00000004   00000004    r-- .const:ti_sysbios_rom_ROM_xdc_runtime_Startup_getState__I
  000005c4    000005c4    00000004   00000004    r-- .const:ti_sysbios_rom_ROM_xdc_runtime_System_SupportProxy_abort__E
  000005c8    000005c8    00000004   00000004    r-- .const:ti_sysbios_rom_ROM_xdc_runtime_System_SupportProxy_exit__E
  000005cc    000005cc    00000004   00000004    r-- .const:ti_sysbios_gates_GateMutex_Instance_State_sem__O
  000005d0    000005d0    00000004   00000004    r-- .const:ti_sysbios_knl_Clock_Module_State_clockQ__O
  000005d4    000005d4    00000004   00000004    r-- .const:ti_sysbios_knl_Mailbox_Instance_State_dataQue__O
  000005d8    000005d8    00000004   00000004    r-- .const:ti_sysbios_knl_Mailbox_Instance_State_dataSem__O
  000005dc    000005dc    00000004   00000004    r-- .const:ti_sysbios_knl_Mailbox_Instance_State_freeQue__O
  000005e0    000005e0    00000004   00000004    r-- .const:ti_sysbios_knl_Mailbox_Instance_State_freeSem__O
  000005e4    000005e4    00000004   00000004    r-- .const:ti_sysbios_knl_Semaphore_Instance_State_pendQ__O
  000005e8    000005e8    00000004   00000004    r-- .const:ti_sysbios_knl_Task_Module_State_inactiveQ__O
  000005ec    000005ec    0000a880   0000a880    r-x .text
  0000ae70    0000ae70    00002380   00002380    r-- .const
  0000d1f0    0000d1f0    00000424   00000424    r-- .cinit
0001ffa8    0001ffa8    00000058   00000058    r--
  0001ffa8    0001ffa8    00000058   00000058    r-- .ccfg
20000000    20000000    000000c8   00000000    rw-
  20000000    20000000    000000c8   00000000    rw- .vecs
20000100    20000100    00000104   00000000    rw-
  20000100    20000100    00000044   00000000    rw- .data:ti_sysbios_knl_Task_Module__state__V
  20000144    20000144    00000034   00000000    rw- .data:ti_sysbios_family_arm_m3_Hwi_Module__state__V
  20000178    20000178    0000002c   00000000    rw- .data:ti_sysbios_knl_Clock_Module__state__V
  200001a4    200001a4    00000024   00000000    rw- .data:ti_sysbios_BIOS_Module__state__V
  200001c8    200001c8    0000001c   00000000    rw- .data:ti_sysbios_knl_Swi_Module__state__V
  200001e4    200001e4    00000008   00000000    rw- .data:ti_sysbios_family_arm_cc26xx_Timer_Module__state__V
  200001ec    200001ec    00000004   00000000    rw- .data:ti_sysbios_family_arm_cc26xx_TimestampProvider_Module__state__V
  200001f0    200001f0    00000008   00000000    rw- .data:xdc_runtime_Startup_Module__state__V
  200001f8    200001f8    00000008   00000000    rw- .data:xdc_runtime_System_Module__state__V
  20000200    20000200    00000004   00000000    rw- .data:xdc_runtime_Memory_Module__state__V
20000430    20000430    00000010   00000000    rw-
  20000430    20000430    00000010   00000000    rw- .TI.bound:dmaSpi0RxControlTableEntry
20000440    20000440    00000010   00000000    rw-
  20000440    20000440    00000010   00000000    rw- .TI.bound:dmaSpi0TxControlTableEntry
20000500    20000500    00000010   00000000    rw-
  20000500    20000500    00000010   00000000    rw- .TI.bound:dmaSpi1RxControlTableEntry
20000510    20000510    00003a87   00000000    rw-
  20000510    20000510    00000010   00000000    rw- .TI.bound:dmaSpi1TxControlTableEntry
  20000520    20000520    0000360c   00000000    rw- .bss
  20003b30    20003b30    00000467   00000000    rw- .data
20004d00    20004d00    00000300   00000000    rw-
  20004d00    20004d00    00000300   00000000    rw- .stack


SECTION ALLOCATION MAP

 output                                  attributes/
section   page    origin      length       input sections
--------  ----  ----------  ----------   ----------------
.text      0    000005ec    0000a880     
                  000005ec    000010f0     rtsv7M3_T_le_eabi.lib : _printfi.obj (.text)
                  000016dc    000009b0                           : e_pow.obj (.text)
                  0000208c    00000578     mpu9250.obj (.text:MPU9250SelfTest)
                  00002604    000004c4     mpu9250.obj (.text:accelgyrocalMPU9250)
                  00002ac8    00000418     main.obj (.text:displayTask)
                  00002ee0    0000034c     main.obj (.text:main)
                  0000322c    00000338     rom_sysbios.aem3 : rom_sysbios.obj (.text:xdc_runtime_System_doPrint__I)
                  00003564    00000324     rtsv7M3_T_le_eabi.lib : trgdrv.obj (.text)
                  00003888    000002e8     grlib.aem3 : string.oem3 (.text:GrStringDraw)
                  00003b70    000002bc     main.obj (.text:sensorFxn)
                  00003e2c    000002b8     main.obj (.text:musicalTask)
                  000040e4    00000268     CWC_CC2650_154Drv.obj (.text:CWC_CC2650_154_Init)
                  0000434c    00000228     drivers_cc26xxware.aem3 : PowerCC26XX.oem3 (.text:Power_sleep)
                  00004574    00000204     driverlib.lib : sys_ctrl.obj (.text:NOROM_SysCtrlSetRechargeBeforePowerDown)
                  00004778    000001f6     grlib.aem3 : image.oem3 (.text:GrImageDraw)
                  0000496e    000001f4     rtsv7M3_T_le_eabi.lib : ull_div_t2.obj (.text)
                  00004b62    00000002     drivers_cc26xxware.aem3 : SPICC26XXDMA.oem3 (.text:SPICC26XXDMA_serviceISR)
                  00004b64    000001d0                             : PowerCC26XX_calibrateRCOSC.oem3 (.text:calibrateRcoscHf1)
                  00004d34    000001c4                             : PINCC26XX.oem3 (.text:PIN_init)
                  00004ef8    000001b6     rtsv7M3_T_le_eabi.lib : fd_add_t2.obj (.text)
                  000050ae    00000002     drivers_cc26xxware.aem3 : PowerCC26XX.oem3 (.text:emptyClockFunc)
                  000050b0    00000184                             : PowerCC26XX_calibrateRCOSC.oem3 (.text:PowerCC26XX_doCalibrate)
                  00005234    00000184     rtsv7M3_T_le_eabi.lib : e_sqrt.obj (.text)
                  000053b8    00000160     drivers_cc26xxware.aem3 : SPICC26XXDMA.oem3 (.text:SPICC26XXDMA_initIO)
                  00005518    00000148                             : SPICC26XXDMA.oem3 (.text:SPICC26XXDMA_open)
                  00005660    00000140     CWC_CC2650_154Drv.obj (.text:CWC_CC2650_154_SendDataPacket_Forced)
                  000057a0    00000140     display.aem3 : DisplaySharp.oem3 (.text:DisplaySharp_open)
                  000058e0    00000136     rtsv7M3_T_le_eabi.lib : fd_div_t2.obj (.text)
                  00005a16    00000002                           : i_div0.obj (.text)
                  00005a18    00000130     driverlib.lib : setup.obj (.text:NOROM_SetupAfterColdResetWakeupFromShutDownCfg3)
                  00005b48    0000011c     drivers_cc26xxware.aem3 : PowerCC26XX.oem3 (.text:Power_init)
                  00005c64    00000114                             : PowerCC26XX.oem3 (.text:Power_shutdown)
                  00005d78    00000100     lcd.aem3 : SharpGrLib.oem3 (.text:SharpGrLib_flush)
                  00005e78    000000fc     rtsv7M3_T_le_eabi.lib : fd_mul_t2.obj (.text)
                  00005f74    000000fa                           : fs_add_t2.obj (.text)
                  0000606e    00000002     rom_sysbios.aem3 : rom_sysbios.obj (.text:ti_sysbios_BIOS_linkedWithIncorrectBootLibrary__E)
                  00006070    000000f8     drivers_cc26xxware.aem3 : I2CCC26XX.oem3 (.text:I2CCC26XX_open)
                  00006168    000000f8     comm_lib.obj (.text:Init6LoWPAN)
                  00006260    000000f8     mpu9250.obj (.text:mpu9250_get_data)
                  00006358    000000f8     labra_pem3.oem3 (.text:xdc_runtime_System_printfExtend__I)
                  00006450    000000ec     drivers_cc26xxware.aem3 : SPICC26XXDMA.oem3 (.text:SPICC26XXDMA_transferCancel)
                  0000653c    000000e8                             : I2CCC26XX.oem3 (.text:I2CCC26XX_hwiFxn)
                  00006624    000000e8     mpu9250.obj (.text:initMPU9250)
                  0000670c    000000e6     lcd.aem3 : SharpGrLib.oem3 (.text:SharpGrLib_rectFill)
                  000067f2    00000002     labra_pem3.oem3 (.text:ti_sysbios_BIOS_nullFunc__I)
                  000067f4    000000e4     driverlib.lib : setup.obj (.text:NOROM_SetupAfterColdResetWakeupFromShutDownCfg2)
                  000068d8    000000e0     display.aem3 : DisplaySharp.oem3 (.text:DisplaySharp_put5)
                  000069b8    000000d4     drivers_cc26xxware.aem3 : PowerCC26XX.oem3 (.text:Power_releaseDependency)
                  00006a8c    000000d4                             : SPICC26XXDMA.oem3 (.text:SPICC26XXDMA_configDMA)
                  00006b60    000000d0     display.aem3 : DisplaySharp.oem3 (.text:DisplaySharp_control)
                  00006c30    000000d0     drivers_cc26xxware.aem3 : PowerCC26XX.oem3 (.text:Power_setDependency)
                  00006d00    000000d0     comm_lib.obj (.text:Receive6LoWPAN)
                  00006dd0    000000d0     rtsv7M3_T_le_eabi.lib : s_scalbn.obj (.text)
                  00006ea0    000000cc     driverlib.lib : setup.obj (.text:TrimAfterColdResetWakeupFromShutDown)
                  00006f6c    000000c8     main.obj (.text:communicateTask)
                  00007034    000000c4     drivers_cc26xxware.aem3 : SPICC26XXDMA.oem3 (.text:SPICC26XXDMA_transfer)
                  000070f8    000000c2                             : I2CCC26XX.oem3 (.text:I2CCC26XX_transfer)
                  000071ba    00000002     rom_sysbios.aem3 : rom_sysbios.obj (.text:ti_sysbios_knl_Clock_triggerFunc__I)
                  000071bc    000000bc     power_cc26xx_tirtos.aem3 : PowerCC26XX_tirtos.oem3 (.text:PowerCC26XX_standbyPolicy)
                  00007278    000000bc     lcd.aem3 : SharpGrLib.oem3 (.text:SharpGrLib_clearScreen)
                  00007334    000000b8     drivers_cc26xxware.aem3 : PINCC26XX.oem3 (.text:PINCC26XX_setIoCfg)
                  000073ec    000000ac     comm_lib.obj (.text:Radio_IRQ)
                  00007498    000000aa     lcd.aem3 : SharpGrLib.oem3 (.text:SharpGrLib_lineDrawH)
                  00007542    00000002     labra_pem3.oem3 (.text:ti_sysbios_rom_cortexm_cc26xx_CC26xx_badRomRevision__E)
                  00007544    000000a4     driverlib.lib : setup.obj (.text:NOROM_SetupTrimDevice)
                  000075e8    000000a2     drivers_cc26xxware.aem3 : SPICC26XXDMA.oem3 (.text:SPICC26XXDMA_hwiFxn)
                  0000768a    00000002     rom_sysbios.aem3 : rom_sysbios.obj (.text:xdc_runtime_SysCallback_defaultAbort)
                  0000768c    000000a0     auto_init.aem3 : auto_init.oem3 (.text)
                  0000772c    0000009c     buzzer.obj (.text:buzzerSetFrequency)
                  000077c8    0000009c     rtsv7M3_T_le_eabi.lib : memcpy_t2.obj (.text)
                  00007864    0000009a     rom_sysbios.aem3 : rom_sysbios.obj (.text:xdc_runtime_Text_putSite__E)
                  000078fe    00000002                      : rom_sysbios.obj (.text:xdc_runtime_SysCallback_defaultExit)
                  00007900    00000098     CWC_CC2650_154Drv.obj (.text:RFCCPE1IntHandler)
                  00007998    00000098     rom_sysbios.aem3 : rom_sysbios.obj (.text:ti_sysbios_knl_Clock_workFuncDynamic__E)
                  00007a30    00000094     drivers_cc26xxware.aem3 : PINCC26XX.oem3 (.text:PIN_open)
                  00007ac4    00000094     rom_sysbios.aem3 : rom_sysbios.obj (.text:xdc_runtime_Text_putMod__E)
                  00007b58    00000092     comm_lib.obj (.text:CC2650_RXEntry_Decode)
                  00007bea    00000092     rtsv7M3_T_le_eabi.lib : fs_div_t2.obj (.text)
                  00007c7c    00000090     drivers_cc26xxware.aem3 : I2CCC26XX.oem3 (.text:I2CCC26XX_cancel)
                  00007d0c    00000090     mpu9250.obj (.text:mpu9250_setup)
                  00007d9c    00000090     drivers_cc26xxware.aem3 : PowerCC26XX.oem3 (.text:switchXOSCHFclockFunc)
                  00007e2c    0000008c                             : I2CCC26XX.oem3 (.text:I2CCC26XX_primeTransfer)
                  00007eb8    0000008c                             : SPICC26XXDMA.oem3 (.text:SPICC26XXDMA_control)
                  00007f44    00000088     grlib.aem3 : rectangle.oem3 (.text:GrRectFill)
                  00007fcc    00000086     rtsv7M3_T_le_eabi.lib : fd_cmp_t2.obj (.text:__aeabi_cdcmple)
                  00008052    00000086                           : fd_cmp_t2.obj (.text:__aeabi_cdrcmple)
                  000080d8    00000080     mpu9250.obj (.text:writeByte)
                  00008158    0000007c     drivers_cc26xxware.aem3 : PowerCC26XX.oem3 (.text:disableLFClockQualifiers)
                  000081d4    0000007c     mpu9250.obj (.text:readByte)
                  00008250    0000007a     rtsv7M3_T_le_eabi.lib : fs_mul_t2.obj (.text)
                  000082ca    0000007a                           : memset_t2.obj (.text)
                  00008344    00000078     driverlib.lib : setup.obj (.text:NOROM_SetupAfterColdResetWakeupFromShutDownCfg1)
                  000083bc    00000074     drivers_cc26xxware.aem3 : PowerCC26XX_calibrateRCOSC.oem3 (.text:PowerCC26XX_auxISR)
                  00008430    00000074                             : PowerCC26XX_calibrateRCOSC.oem3 (.text:calibrateRcoscHf2)
                  000084a4    00000070     driverlib.lib : chipinfo.obj (.text:NOROM_ChipInfo_GetHwRevision)
                  00008514    0000006e     rtsv7M3_T_le_eabi.lib : fd_tos_t2.obj (.text)
                  00008582    00000002     --HOLE-- [fill = 0]
                  00008584    0000006d     rom_sysbios.aem3 : rom_sysbios.obj (.text:xdc_runtime_System_formatNum__I)
                  000085f1    00000003     --HOLE-- [fill = 0]
                  000085f4    0000006c     driverlib.lib : setup.obj (.text:NOROM_SetupGetTrimForAmpcompCtrl)
                  00008660    0000006c     drivers_cc26xxware.aem3 : PINCC26XX.oem3 (.text:PIN_add)
                  000086cc    0000006c                             : PowerCC26XX.oem3 (.text:PowerCC26XX_calibrate)
                  00008738    0000006a     rtsv7M3_T_le_eabi.lib : copy_decompress_rle.obj (.text)
                  000087a2    00000002     --HOLE-- [fill = 0]
                  000087a4    00000068     driverlib.lib : setup.obj (.text:NOROM_SetupGetTrimForAnabypassValue1)
                  0000880c    00000068                   : sys_ctrl.obj (.text:NOROM_SysCtrl_DCDC_VoltageConditionalControl)
                  00008874    00000068     main.obj (.text:powerFxn)
                  000088dc    00000068     rtsv7M3_T_le_eabi.lib : trgmsg.obj (.text)
                  00008944    00000064     drivers_cc26xxware.aem3 : I2CCC26XX.oem3 (.text:I2CCC26XX_close)
                  000089a8    00000064                             : I2CCC26XX.oem3 (.text:I2CCC26XX_initIO)
                  00008a0c    00000064     rom_sysbios.aem3 : rom_sysbios.obj (.text:ti_sysbios_family_arm_cc26xx_Timer_start__E)
                  00008a70    00000060     display.aem3 : DisplaySharp.oem3 (.text:DisplaySharp_clearLines)
                  00008ad0    00000060     drivers_cc26xxware.aem3 : PowerCC26XX_calibrateRCOSC.oem3 (.text:PowerCC26XX_RCOSC_clockFunc)
                  00008b30    00000060                             : SPICC26XXDMA.oem3 (.text:SPICC26XXDMA_initHw)
                  00008b90    00000060     rtsv7M3_T_le_eabi.lib : fs_cmp_t2.obj (.text:__aeabi_cfcmple)
                  00008bf0    00000060                           : fs_cmp_t2.obj (.text:__aeabi_cfrcmple)
                  00008c50    00000060                           : sprintf.obj (.text)
                  00008cb0    00000060     drivers_cc26xxware.aem3 : PowerCC26XX_calibrateRCOSC.oem3 (.text:updateSubSecInc)
                  00008d10    0000005c     driverlib.lib : osc.obj (.text:NOROM_OSCHF_AttemptToSwitchToXosc)
                  00008d6c    0000005c                   : sys_ctrl.obj (.text:NOROM_SysCtrlAdjustRechargeAfterPowerDown)
                  00008dc8    0000005c     drivers_cc26xxware.aem3 : PINCC26XX.oem3 (.text:PIN_remove)
                  00008e24    0000005c     comm_lib.obj (.text:Send6LoWPAN)
                  00008e80    0000005c     drivers_cc26xxware.aem3 : UDMACC26XX.oem3 (.text:UDMACC26XX_open)
                  00008edc    0000005c     rtsv7M3_T_le_eabi.lib : s_frexp.obj (.text)
                  00008f38    0000005c     labra_pem3.oem3 (.text:xdc_runtime_Startup_getState__I)
                  00008f94    0000005b     rom_sysbios.aem3 : rom_sysbios.obj (.text:xdc_runtime_Text_putLab__E)
                  00008fef    00000001     --HOLE-- [fill = 0]
                  00008ff0    0000005a     drivers_cc26xxware.aem3 : SPICC26XXDMA.oem3 (.text:SPICC26XXDMA_close)
                  0000904a    00000058                             : I2CCC26XX.oem3 (.text:I2CCC26XX_swiFxn)
                  000090a2    00000002     --HOLE-- [fill = 0]
                  000090a4    00000058                             : PowerCC26XX_calibrateRCOSC.oem3 (.text:PowerCC26XX_initiateCalibration)
                  000090fc    00000058     lcd.aem3 : SharpGrLib.oem3 (.text:SharpGrLib_lineDrawV)
                  00009154    00000056     rtsv7M3_T_le_eabi.lib : ltoa.obj (.text)
                  000091aa    00000002     --HOLE-- [fill = 0]
                  000091ac    00000054     drivers_cc26xxware.aem3 : PowerCC26XX.oem3 (.text:configureXOSCHF)
                  00009200    00000054     mpu9250.obj (.text:getAres)
                  00009254    00000054     mpu9250.obj (.text:getGres)
                  000092a8    00000052     drivers_cc26xxware.aem3 : SPICC26XXDMA.oem3 (.text:SPICC26XXDMA_swiFxn)
                  000092fa    00000002     --HOLE-- [fill = 0]
                  000092fc    00000050     driverlib.lib : setup.obj (.text:NOROM_SetupSetCacheModeAccordingToCcfgSetting)
                  0000934c    0000004e     grlib.aem3 : line.oem3 (.text:GrLineDrawH)
                  0000939a    00000002     --HOLE-- [fill = 0]
                  0000939c    0000004c     driverlib.lib : osc.obj (.text:NOROM_OSCClockSourceSet)
                  000093e8    0000004c     rtsv7M3_T_le_eabi.lib : atoi.obj (.text)
                  00009434    0000004c                           : cpy_tbl.obj (.text)
                  00009480    0000004a     display.aem3 : DisplaySharp.oem3 (.text:DisplaySharp_close)
                  000094ca    0000004a     lcd.aem3 : SharpGrLib.oem3 (.text:SharpGrLib_drawMultiple)
                  00009514    00000048     CWC_CC2650_154Drv.obj (.text:CWC_CC2650_154_ReceiveStart)
                  0000955c    00000048     display.aem3 : Display.oem3 (.text:Display_doOpen)
                  000095a4    00000048     drivers_cc26xxware.aem3 : I2CCC26XX.oem3 (.text:I2CCC26XX_initHw)
                  000095ec    00000048     driverlib.lib : chipinfo.obj (.text:NOROM_ChipInfo_GetChipFamily)
                  00009634    00000048                   : ddi.obj (.text:NOROM_DDI16BitfieldWrite)
                  0000967c    00000048     drivers_cc26xxware.aem3 : PINCC26XX.oem3 (.text:PIN_swi)
                  000096c4    00000048                             : PowerCC26XX.oem3 (.text:notify)
                  0000970c    00000048     rtsv7M3_T_le_eabi.lib : fd_toi_t2.obj (.text)
                  00009754    00000044     boot.aem3 : boot.oem3 (.text)
                  00009798    00000044     buzzer.obj (.text:buzzerOpen)
                  000097dc    00000044     rom_sysbios.aem3 : rom_sysbios.obj (.text:xdc_runtime_SysMin_flush__E)
                  00009820    00000044                      : rom_sysbios.obj (.text:xdc_runtime_Text_xprintf__I)
                  00009864    00000042     lcd.aem3 : SharpGrLib.oem3 (.text:SharpGrLib_pixelDraw)
                  000098a6    00000002     --HOLE-- [fill = 0]
                  000098a8    00000040     grlib.aem3 : image.oem3 (.text:GrPaletteConversion)
                  000098e8    00000040     driverlib.lib : ddi.obj (.text:NOROM_DDI16BitfieldRead)
                  00009928    00000040     rtsv7M3_T_le_eabi.lib : strtok.obj (.text)
                  00009968    00000040                           : u_divt2.obj (.text)
                  000099a8    0000003c     CWC_CC2650_154Drv.obj (.text:CWC_CC2650_154_EnableRadioIRQs)
                  000099e4    0000003c     driverlib.lib : osc.obj (.text:NOROM_OSC_HPOSCRelativeFrequencyOffsetGet)
                  00009a20    0000003c     drivers_cc26xxware.aem3 : PINCC26XX.oem3 (.text:PINCC26XX_getConfig)
                  00009a5c    0000003c                             : PINCC26XX.oem3 (.text:PIN_setOutputValue)
                  00009a98    0000003c                             : SPICC26XXDMA.oem3 (.text:SPICC26XXDMA_csnCallback)
                  00009ad4    00000038                             : I2C.oem3 (.text:I2C_init)
                  00009b0c    00000038                             : PINCC26XX.oem3 (.text:PIN_setInterrupt)
                  00009b44    00000038     main.obj (.text:clkFxn)
                  00009b7c    00000038     rtsv7M3_T_le_eabi.lib : fs_tod_t2.obj (.text)
                  00009bb4    00000038                           : i_tofs_t2.obj (.text)
                  00009bec    00000038     rom_sysbios.aem3 : rom_sysbios.obj (.text:ti_sysbios_family_arm_cc26xx_Timer_getCurrentTick__E)
                  00009c24    00000038                      : rom_sysbios.obj (.text:xdc_runtime_SysMin_putch__E)
                  00009c5c    00000036     drivers_cc26xxware.aem3 : UDMACC26XX.oem3 (.text:UDMACC26XX_close)
                  00009c92    00000002     --HOLE-- [fill = 0]
                  00009c94    00000034     driverlib.lib : osc.obj (.text:NOROM_OSCHF_SwitchToRcOscTurnOffXosc)
                  00009cc8    00000034     drivers_cc26xxware.aem3 : PINCC26XX.oem3 (.text:PIN_setConfig)
                  00009cfc    00000032     display.aem3 : DisplaySharp.oem3 (.text:DisplaySharp_clear)
                  00009d2e    00000032     rom_sysbios.aem3 : rom_sysbios.obj (.text:ti_sysbios_family_arm_cc26xx_Timer_setNextTick__E)
                  00009d60    00000030     drivers_cc26xxware.aem3 : I2C.oem3 (.text:I2C_open)
                  00009d90    00000030     driverlib.lib : setup.obj (.text:NOROM_SetupSetAonRtcSubSecInc)
                  00009dc0    00000030     drivers_cc26xxware.aem3 : PowerCC26XX.oem3 (.text:Power_releaseConstraint)
                  00009df0    00000030                             : PowerCC26XX.oem3 (.text:Power_setConstraint)
                  00009e20    00000030                             : SPI.oem3 (.text:SPI_open)
                  00009e50    00000030     labra_pem3.oem3 (.text:ti_sysbios_BIOS_atExitFunc__I)
                  00009e80    00000030     labra_pem3.oem3 (.text:ti_sysbios_BIOS_startFunc__I)
                  00009eb0    00000030     rom_sysbios.aem3 : rom_sysbios.obj (.text:ti_sysbios_family_arm_cc26xx_Timer_initDevice__I)
                  00009ee0    00000030                      : rom_sysbios.obj (.text:ti_sysbios_family_arm_cc26xx_Timer_setThreshold__I)
                  00009f10    00000030                      : rom_sysbios.obj (.text:xdc_runtime_SysMin_abort__E)
                  00009f40    0000002f                      : rom_sysbios.obj (.text:xdc_runtime_Text_printVisFxn__I)
                  00009f6f    00000001     --HOLE-- [fill = 0]
                  00009f70    0000002e     lcd.aem3 : SharpGrLib.oem3 (.text:SharpGrLib_initializeDisplayBuffer)
                  00009f9e    0000002e     rtsv7M3_T_le_eabi.lib : i_tofd_t2.obj (.text)
                  00009fcc    0000002c     driverlib.lib : ddi.obj (.text:NOROM_DDI32RegWrite)
                  00009ff8    0000002c                   : setup.obj (.text:NOROM_SetupGetTrimForRadcExtCfg)
                  0000a024    0000002c     drivers_cc26xxware.aem3 : PINCC26XX.oem3 (.text:PINCC26XX_setMux)
                  0000a050    0000002c     lcd.aem3 : SharpGrLib.oem3 (.text:SharpGrLib_init)
                  0000a07c    0000002c     rom_sysbios.aem3 : rom_sysbios.obj (.text:ti_sysbios_knl_Clock_getTicksUntilInterrupt__E)
                  0000a0a8    0000002a     buzzer.obj (.text:TimerLoadSet)
                  0000a0d2    0000002a     buzzer.obj (.text:TimerMatchSet)
                  0000a0fc    0000002a     buzzer.obj (.text:TimerPrescaleMatchSet)
                  0000a126    0000002a     buzzer.obj (.text:TimerPrescaleSet)
                  0000a150    0000002a     rtsv7M3_T_le_eabi.lib : strspn.obj (.text)
                  0000a17a    0000002a     rom_sysbios.aem3 : rom_sysbios.obj (.text:xdc_runtime_System_putchar__I)
                  0000a1a4    00000028     driverlib.lib : aon_batmon.obj (.text:NOROM_AONBatMonTemperatureGetDegC)
                  0000a1cc    00000028     drivers_cc26xxware.aem3 : PINCC26XX.oem3 (.text:PINCC26XX_setWakeup)
                  0000a1f4    00000028                             : PowerCC26XX.oem3 (.text:Power_registerNotify)
                  0000a21c    00000028                             : SPICC26XXDMA.oem3 (.text:SPICC26XXDMA_flushFifos)
                  0000a244    00000028     driverlib.lib : adi.obj (.text:SafeHapiVoid)
                  0000a26c    00000028     main.obj (.text:buttonFxn)
                  0000a294    00000028     rom_sysbios.aem3 : rom_sysbios.obj (.text:ti_sysbios_family_arm_cc26xx_Timer_getMaxTicks__E)
                  0000a2bc    00000026     comm_lib.obj (.text:CC2650_RXEntry_Release)
                  0000a2e2    00000026     display.aem3 : Display.oem3 (.text:Display_doPut5)
                  0000a308    00000026     drivers_cc26xxware.aem3 : List.oem3 (.text:List_put)
                  0000a32e    00000002     --HOLE-- [fill = 0]
                  0000a330    00000024                             : PINCC26XX.oem3 (.text:PINCC26XX_getPinCount)
                  0000a354    00000024     mpu9250.obj (.text:delay)
                  0000a378    00000024     drivers_cc26xxware.aem3 : PowerCC26XX_calibrateRCOSC.oem3 (.text:getTdcSemaphore)
                  0000a39c    00000024     rtsv7M3_T_le_eabi.lib : strcspn.obj (.text)
                  0000a3c0    00000024                           : u_tofs_t2.obj (.text)
                  0000a3e4    00000024     labra_pem3.oem3 (.text:ti_sysbios_BIOS_registerRTSLock__I)
                  0000a408    00000024     labra_pem3.oem3 (.text:ti_sysbios_BIOS_removeRTSLock__I)
                  0000a42c    00000024     rom_sysbios.aem3 : rom_sysbios.obj (.text:xdc_runtime_System_vprintf__E)
                  0000a450    00000022     grlib.aem3 : context.oem3 (.text:GrContextInit)
                  0000a472    00000022     labra_pem3.oem3 (.text:xdc_runtime_SysMin_output__I)
                  0000a494    00000020     driverlib.lib : rfc.obj (.text:NOROM_RFCDoorbellSendTo)
                  0000a4b4    00000020                   : setup.obj (.text:NOROM_SetupGetTrimForXoscHfCtl)
                  0000a4d4    00000020     drivers_cc26xxware.aem3 : PowerCC26XX.oem3 (.text:Power_unregisterNotify)
                  0000a4f4    00000020     buzzer.obj (.text:buzzerClose)
                  0000a514    00000020     rtsv7M3_T_le_eabi.lib : u_tofd_t2.obj (.text)
                  0000a534    00000020     labra_pem3.oem3 (.text:ti_sysbios_BIOS_rtsLock__I)
                  0000a554    00000020     rom_sysbios.aem3 : rom_sysbios.obj (.text:ti_sysbios_knl_Clock_stop__E)
                  0000a574    00000020                      : rom_sysbios.obj (.text:xdc_runtime_Registry_findById__E)
                  0000a594    00000020                      : rom_sysbios.obj (.text:xdc_runtime_SysMin_Module_startup__E)
                  0000a5b4    0000001e     drivers_cc26xxware.aem3 : PINCC26XX.oem3 (.text:PIN_close)
                  0000a5d2    0000001e                             : PowerCC26XX.oem3 (.text:Power_getTransitionLatency)
                  0000a5f0    0000001e     buzzer.obj (.text:TimerDisable)
                  0000a60e    0000001e     buzzer.obj (.text:TimerEnable)
                  0000a62c    0000001c     driverlib.lib : osc.obj (.text:NOROM_OSCClockSourceGet)
                  0000a648    0000001c                   : setup.obj (.text:NOROM_SetupGetTrimForAmpcompTh2)
                  0000a664    0000001c                   : setup.obj (.text:NOROM_SetupGetTrimForRcOscLfRtuneCtuneTrim)
                  0000a680    0000001c     drivers_cc26xxware.aem3 : PINCC26XX.oem3 (.text:PINCC26XX_setIoCfgMux)
                  0000a69c    0000001c                             : PINCC26XX.oem3 (.text:PIN_hwi)
                  0000a6b8    0000001c     CWC_CC2650_154Drv.obj (.text:RFCCPE0IntHandler)
                  0000a6d4    0000001c     drivers_cc26xxware.aem3 : UDMACC26XX.oem3 (.text:UDMACC26XX_initHw)
                  0000a6f0    0000001c     rom_sysbios.aem3 : rom_sysbios.obj (.text:ti_sysbios_family_arm_cc26xx_Timer_dynamicStub__E)
                  0000a70c    0000001c                      : rom_sysbios.obj (.text:xdc_runtime_SysMin_exit__E)
                  0000a728    0000001a     drivers_cc26xxware.aem3 : List.oem3 (.text:List_remove)
                  0000a742    0000001a     grlib.aem3 : string.oem3 (.text:NumLeadingZeros)
                  0000a75c    0000001a     rtsv7M3_T_le_eabi.lib : memccpy.obj (.text)
                  0000a776    0000001a     rom_sysbios.aem3 : rom_sysbios_config.obj (.text:xdc_runtime_System_printf__E)
                  0000a790    0000001a                      : rom_sysbios_config.obj (.text:xdc_runtime_System_snprintf__E)
                  0000a7aa    00000018     display.aem3 : DisplayExt.oem3 (.text:DisplayExt_doGetGrlibContext)
                  0000a7c2    00000002     --HOLE-- [fill = 0]
                  0000a7c4    00000018     driverlib.lib : aon_rtc.obj (.text:NOROM_AONRTCCurrentCompareValueGet)
                  0000a7dc    00000018                   : chipinfo.obj (.text:NOROM_ChipInfo_GetPackageType)
                  0000a7f4    00000018                   : osc.obj (.text:NOROM_OSCHF_TurnOnXosc)
                  0000a80c    00000018                   : setup.obj (.text:NOROM_SetupGetTrimForAdcShModeEn)
                  0000a824    00000018                   : setup.obj (.text:NOROM_SetupGetTrimForAdcShVbufEn)
                  0000a83c    00000018                   : setup.obj (.text:NOROM_SetupGetTrimForAmpcompTh1)
                  0000a854    00000018                   : setup.obj (.text:NOROM_SetupGetTrimForDblrLoopFilterResetVoltage)
                  0000a86c    00000018                   : setup.obj (.text:NOROM_SetupGetTrimForRcOscLfIBiasTrim)
                  0000a884    00000018                   : setup.obj (.text:NOROM_SetupGetTrimForXoscLfRegulatorAndCmirrwrRatio)
                  0000a89c    00000018     drivers_cc26xxware.aem3 : PINCC26XX.oem3 (.text:PIN_getConfig)
                  0000a8b4    00000018                             : PowerCC26XX.oem3 (.text:Power_idleFunc)
                  0000a8cc    00000018                             : PowerCC26XX.oem3 (.text:configureRFCoreClocks)
                  0000a8e4    00000018     lcd.aem3 : SharpGrLib.oem3 (.text:reverse)
                  0000a8fc    00000018     rtsv7M3_T_le_eabi.lib : args_main.obj (.text)
                  0000a914    00000018                           : ll_mul_t2.obj (.text)
                  0000a92c    00000018                           : strcmp.obj (.text)
                  0000a944    00000018     labra_pem3.oem3 (.text:ti_sysbios_BIOS_rtsUnlock__I)
                  0000a95c    00000018     rom_sysbios.aem3 : rom_sysbios.obj (.text:ti_sysbios_knl_Swi_or__E)
                  0000a974    00000018     labra_pem3.oem3 (.text:ti_sysbios_rom_cortexm_cc26xx_CC26xx_checkRevision__E)
                  0000a98c    00000016     rtsv7M3_T_le_eabi.lib : strchr.obj (.text)
                  0000a9a2    00000016                           : strcpy.obj (.text)
                  0000a9b8    00000016     labra_pem3.oem3 (.text:ti_sysbios_BIOS_exitFunc__I)
                  0000a9ce    00000016     comm_lib.obj (.text:ti_sysbios_hal_Hwi_Params_init)
                  0000a9e4    00000016     main.obj (.text:ti_sysbios_knl_Clock_Params_init)
                  0000a9fa    00000016     main.obj (.text:ti_sysbios_knl_Task_Params_init)
                  0000aa10    00000014     driverlib.lib : aon_rtc.obj (.text:NOROM_AONRTCCurrent64BitValueGet)
                  0000aa24    00000014                   : chipinfo.obj (.text:NOROM_ThisCodeIsBuiltForCC26xxHwRev22AndLater_HaltIfViolated)
                  0000aa38    00000014     drivers_cc26xxware.aem3 : SPI.oem3 (.text:SPI_Params_init)
                  0000aa4c    00000014     rtsv7M3_T_le_eabi.lib : _lock.obj (.text)
                  0000aa60    00000014                           : strlen.obj (.text)
                  0000aa74    00000014     labra_pem3.oem3 (.text:ti_sysbios_knl_Clock_doTick__I)
                  0000aa88    00000012     labra_pem3.oem3 (.text:xdc_runtime_Startup_exec__I)
                  0000aa9a    00000002     --HOLE-- [fill = 0]
                  0000aa9c    00000010     drivers_cc26xxware.aem3 : I2C.oem3 (.text:I2C_Params_init)
                  0000aaac    00000010     CWC_CC2650_154Drv.obj (.text:IntMasterDisable)
                  0000aabc    00000010     CWC_CC2650_154Drv.obj (.text:IntMasterEnable)
                  0000aacc    00000010     driverlib.lib : setup.obj (.text:NOROM_SetupGetTrimForXoscHfFastStart)
                  0000aadc    00000010                   : setup.obj (.text:NOROM_SetupGetTrimForXoscHfIbiastherm)
                  0000aaec    00000010     CWC_CC2650_154Drv.obj (.text:RFCClockEnable)
                  0000aafc    00000010     drivers_cc26xxware.aem3 : I2CCC26XX.oem3 (.text:i2cPostNotify)
                  0000ab0c    00000010     rom_sysbios.aem3 : rom_sysbios.obj (.text:xdc_runtime_SysMin_ready__E)
                  0000ab1c    00000010                      : rom_sysbios.obj (.text:xdc_runtime_System_vsnprintf__E)
                  0000ab2c    0000000e     driverlib.lib : setup.obj (.text:NOROM_SetupSignExtendVddrTrimValue)
                  0000ab3a    0000000e                   : vims.obj (.text:NOROM_VIMSModeGet)
                  0000ab48    0000000e     drivers_cc26xxware.aem3 : SPICC26XXDMA.oem3 (.text:SPICC26XXDMA_init)
                  0000ab56    0000000e     rtsv7M3_T_le_eabi.lib : copy_decompress_none.obj (.text:decompress:none)
                  0000ab64    0000000e     rom_sysbios.aem3 : rom_sysbios.obj (.text:ti_sysbios_family_arm_cc26xx_TimestampProvider_get32__E)
                  0000ab72    0000000c     display.aem3 : Display.oem3 (.text:Display_doClear)
                  0000ab7e    0000000c                  : Display.oem3 (.text:Display_doClose)
                  0000ab8a    00000002     --HOLE-- [fill = 0]
                  0000ab8c    0000000c     comm_lib.obj (.text:GetRXFlag)
                  0000ab98    0000000c     driverlib.lib : cpu.obj (.text:NOROM_CPUcpsid)
                  0000aba4    0000000c                   : cpu.obj (.text:NOROM_CPUcpsie)
                  0000abb0    0000000c     drivers_cc26xxware.aem3 : PINCC26XX.oem3 (.text:PIN_registerIntCb)
                  0000abbc    0000000c                             : PowerCC26XX.oem3 (.text:Power_getConstraintMask)
                  0000abc8    0000000c                             : PowerCC26XX.oem3 (.text:Power_getDependencyCount)
                  0000abd4    0000000c     CWC_CC2650_154Drv.obj (.text:RFCAckIntClear)
                  0000abe0    0000000c     drivers_cc26xxware.aem3 : SPICC26XXDMA.oem3 (.text:spiPostNotify)
                  0000abec    0000000c     rom_sysbios.aem3 : rom_sysbios_config.obj (.text:ti_sysbios_hal_Hwi_Params__init__S)
                  0000abf8    0000000c                      : rom_sysbios.obj (.text:ti_sysbios_knl_Swi_getTrigger__E)
                  0000ac04    0000000c     labra_pem3.oem3 (.text:xdc_runtime_Startup_reset__I)
                  0000ac10    0000000c     rom_sysbios.aem3 : rom_sysbios.obj (.text:xdc_runtime_Startup_rtsDone__E)
                  0000ac1c    0000000a     drivers_cc26xxware.aem3 : I2CCC26XX.oem3 (.text:I2CCC26XX_init)
                  0000ac26    0000000a                             : I2C.oem3 (.text:I2C_close)
                  0000ac30    0000000a                             : I2C.oem3 (.text:I2C_transfer)
                  0000ac3a    0000000a                             : List.oem3 (.text:List_empty)
                  0000ac44    0000000a                             : SPI.oem3 (.text:SPI_close)
                  0000ac4e    0000000a                             : SPI.oem3 (.text:SPI_transfer)
                  0000ac58    0000000a     lcd.aem3 : SharpGrLib.oem3 (.text:SharpGrLib_colorTranslate)
                  0000ac62    0000000a     comm_lib.obj (.text:StartReceive6LoWPAN)
                  0000ac6c    0000000a     drivers_cc26xxware.aem3 : UDMACC26XX.oem3 (.text:UDMACC26XX_hwiIntFxn)
                  0000ac76    00000002     --HOLE-- [fill = 0]
                  0000ac78    00000008     display.aem3 : DisplaySharp.oem3 (.text:DisplaySharp_getType)
                  0000ac80    00000008     drivers_cc26xxware.aem3 : I2CCC26XX.oem3 (.text:I2CCC26XX_blockingCallback)
                  0000ac88    00000008                             : SPICC26XXDMA.oem3 (.text:SPICC26XXDMA_transferCallback)
                  0000ac90    00000008     rtsv7M3_T_le_eabi.lib : s_copysign.obj (.text)
                  0000ac98    00000008     labra_pem3.oem3 (.text:xdc_runtime_Text_visitRope__I)
                  0000aca0    00000006     display.aem3 : Display.oem3 (.text:Display_doParamsInit)
                  0000aca6    00000006     drivers_cc26xxware.aem3 : I2CCC26XX.oem3 (.text:I2CCC26XX_control)
                  0000acac    00000006     driverlib.lib : cpu.obj (.text:NOROM_CPUdelay)
                  0000acb2    00000006     rtsv7M3_T_le_eabi.lib : copy_decompress_rle.obj (.text:decompress:rle24)
                  0000acb8    00000004     tirtosport.aem3 : HwiP_tirtos.oem3 (.text:HwiP_disable)
                  0000acbc    00000004     drivers_cc26xxware.aem3 : List.oem3 (.text:List_head)
                  0000acc0    00000004                             : List.oem3 (.text:List_next)
                  0000acc4    00000004                             : PowerCC26XX.oem3 (.text:nopResourceHandler)
                  0000acc8    00000004     rom_sysbios.aem3 : rom_sysbios.obj (.text:ti_sysbios_family_arm_cc26xx_Timer_getCount64__E)
                  0000accc    00000004                      : rom_sysbios.obj (.text:xdc_runtime_System_printf_va__F)
                  0000acd0    00000004                      : rom_sysbios.obj (.text:xdc_runtime_System_snprintf_va__F)
                  0000acd4    00000008     (.tramp.xdc_runtime_Core_assignParams__I.1)
                  0000acdc    00000008     (.tramp.xdc_runtime_Startup_startMods__I.1)
                  0000ace4    00000008     (.tramp.ti_sysbios_knl_Clock_logTick__E.1)
                  0000acec    00000008     (.tramp.ti_sysbios_knl_Task_Params__init__S.1)
                  0000acf4    00000008     (.tramp.ti_sysbios_BIOS_RtsGateProxy_leave__E.1)
                  0000acfc    00000008     (.tramp.ti_sysbios_BIOS_RtsGateProxy_enter__E.1)
                  0000ad04    00000008     (.tramp.ti_sysbios_knl_Task_startup__E.1)
                  0000ad0c    00000008     (.tramp.ti_sysbios_knl_Swi_startup__E.1)
                  0000ad14    00000008     (.tramp.ti_sysbios_hal_Hwi_startup__E.1)
                  0000ad1c    00000008     (.tramp.ti_sysbios_family_arm_cc26xx_Timer_startup__E.1)
                  0000ad24    00000008     (.tramp.xdc_runtime_System_atexit__E.1)
                  0000ad2c    00000008     (.tramp.ti_sysbios_BIOS_setThreadType__E.1)
                  0000ad34    00000008     (.tramp.ti_sysbios_knl_Clock_getTicks__E.1)
                  0000ad3c    00000008     (.tramp.xdc_runtime_Gate_leaveSystem__E.1)
                  0000ad44    00000008     (.tramp.xdc_runtime_Gate_enterSystem__E.1)
                  0000ad4c    00000008     (.tramp.xdc_runtime_System_exit__E.1)
                  0000ad54    00000008     (.tramp.ti_sysbios_BIOS_getCpuFreq__E.1)
                  0000ad5c    00000008     (.tramp.ti_sysbios_knl_Semaphore_destruct.1)
                  0000ad64    00000008     (.tramp.ti_sysbios_knl_Swi_destruct.1)
                  0000ad6c    00000008     (.tramp.ti_sysbios_family_arm_m3_Hwi_destruct.1)
                  0000ad74    00000008     (.tramp.ti_sysbios_knl_Clock_scheduleNextTick__E.1)
                  0000ad7c    00000008     (.tramp.ti_sysbios_knl_Clock_walkQueueDynamic__E.1)
                  0000ad84    00000008     (.tramp.ti_sysbios_knl_Clock_TimerProxy_getCurrentTick__E.1)
                  0000ad8c    00000008     (.tramp.ti_sysbios_family_arm_m3_Hwi_enableInterrupt__E.1)
                  0000ad94    00000008     (.tramp.ti_sysbios_family_arm_m3_Hwi_disableInterrupt__E.1)
                  0000ad9c    00000008     (.tramp.ti_sysbios_knl_Swi_post__E.1)
                  0000ada4    00000008     (.tramp.ti_sysbios_hal_Hwi_create.1)
                  0000adac    00000008     (.tramp.ti_sysbios_knl_Clock_setTimeout__E.1)
                  0000adb4    00000008     (.tramp.ti_sysbios_knl_Clock_construct.1)
                  0000adbc    00000008     (.tramp.ti_sysbios_knl_Clock_Params__init__S.1)
                  0000adc4    00000008     (.tramp.ti_sysbios_knl_Semaphore_post__E.1)
                  0000adcc    00000008     (.tramp.ti_sysbios_knl_Semaphore_pend__E.1)
                  0000add4    00000008     (.tramp.ti_sysbios_family_arm_m3_Hwi_restoreFxn__E.1)
                  0000addc    00000008     (.tramp.ti_sysbios_family_arm_m3_Hwi_disableFxn__E.1)
                  0000ade4    00000008     (.tramp.ti_sysbios_knl_Clock_start__E.1)
                  0000adec    00000008     (.tramp.xdc_runtime_System_abortSpin__E.1)
                  0000adf4    00000008     (.tramp.ti_sysbios_knl_Swi_construct.1)
                  0000adfc    00000008     (.tramp.ti_sysbios_knl_Swi_Params__init__S.1)
                  0000ae04    00000008     (.tramp.ti_sysbios_family_arm_m3_Hwi_construct.1)
                  0000ae0c    00000008     (.tramp.ti_sysbios_family_arm_m3_Hwi_Params__init__S.1)
                  0000ae14    00000008     (.tramp.ti_sysbios_knl_Semaphore_construct.1)
                  0000ae1c    00000008     (.tramp.ti_sysbios_knl_Semaphore_Params__init__S.1)
                  0000ae24    00000008     (.tramp.ti_sysbios_knl_Task_restore__E.1)
                  0000ae2c    00000008     (.tramp.ti_sysbios_knl_Swi_restore__E.1)
                  0000ae34    00000008     (.tramp.ti_sysbios_knl_Swi_disable__E.1)
                  0000ae3c    00000008     (.tramp.ti_sysbios_knl_Task_disable__E.1)
                  0000ae44    00000008     (.tramp.ti_sysbios_BIOS_start__E.1)
                  0000ae4c    00000008     (.tramp.ti_sysbios_knl_Clock_create.1)
                  0000ae54    00000008     (.tramp.ti_sysbios_knl_Task_create.1)
                  0000ae5c    00000008     (.tramp.xdc_runtime_System_abort__E.1)
                  0000ae64    00000008     (.tramp.ti_sysbios_knl_Task_sleep__E.1)

.const     0    0000ae70    00002380     
                  0000ae70    00000480     splash_image.obj (.const:.string:blankData)
                  0000b2f0    00000480     splash_image.obj (.const:.string:downData)
                  0000b770    00000480     splash_image.obj (.const:.string:leftData)
                  0000bbf0    00000480     splash_image.obj (.const:.string:rightData)
                  0000c070    00000480     splash_image.obj (.const:.string:upData)
                  0000c4f0    000003c0     splash_image.obj (.const:.string:otitData)
                  0000c8b0    000002f8     grlib.aem3 : fontfixed6x8.oem3 (.const:.string:g_pucFontFixed6x8Data)
                  0000cba8    00000101     rtsv7M3_T_le_eabi.lib : ctype.obj (.const:.string:_ctypes_)
                  0000cca9    00000002     main.obj (.const:.string:$P$T0$1)
                  0000ccab    00000001     display.aem3 : Display.oem3 (.const)
                  0000ccac    000000c8     grlib.aem3 : fontfixed6x8.oem3 (.const:g_sFontFixed6x8)
                  0000cd74    00000068     CC2650STK.obj (.const:BoardGpioInitTable)
                  0000cddc    00000054     drivers_cc26xxware.aem3 : SPICC26XXDMA.oem3 (.const)
                  0000ce30    0000004c                             : PowerCC26XX.oem3 (.const:resourceDB)
                  0000ce7c    00000048     labra_pem3.oem3 (.const:.string)
                  0000cec4    00000004     labra_pem3.oem3 (.const:ti_sysbios_knl_Clock_tickPeriod__C)
                  0000cec8    00000040     CWC_CC2650_154Drv.obj (.const:IEEE_RX)
                  0000cf08    00000038     CC2650STK.obj (.const:spiCC26XXDMAHWAttrs)
                  0000cf40    00000030     rtsv7M3_T_le_eabi.lib : e_pow.obj (.const:$O1$$)
                  0000cf70    00000028     labra_pem3.oem3 (.const:xdc_runtime_Startup_sfxnTab__A)
                  0000cf98    00000024     CC2650STK.obj (.const:SPI_config)
                  0000cfbc    00000024     display.aem3 : DisplaySharp.oem3 (.const)
                  0000cfe0    00000020     CWC_CC2650_154Drv.obj (.const:ChannelMap)
                  0000d000    00000020     drivers_cc26xxware.aem3 : I2CCC26XX.oem3 (.const)
                  0000d020    00000020                             : SPI.oem3 (.const)
                  0000d040    00000020     lcd.aem3 : SharpGrLib.oem3 (.const)
                  0000d060    00000018     CC2650STK.obj (.const:Display_config)
                  0000d078    00000018     CC2650STK.obj (.const:I2C_config)
                  0000d090    00000018     CWC_CC2650_154Drv.obj (.const:IEEE_TX)
                  0000d0a8    00000018     CWC_CC2650_154Drv.obj (.const:RF_cmdRadioSetup)
                  0000d0c0    00000018     CC2650STK.obj (.const:i2cCC26xxHWAttrs)
                  0000d0d8    00000014     labra_pem3.oem3 (.const:xdc_runtime_Startup_sfxnRts__A)
                  0000d0ec    00000010     lcd.aem3 : SharpGrLib.oem3 (.const:.string)
                  0000d0fc    00000010     CC2650STK.obj (.const:PowerCC26XX_config)
                  0000d10c    00000010     CC2650STK.obj (.const:UDMACC26XX_config)
                  0000d11c    00000010     splash_image.obj (.const:blankImage)
                  0000d12c    00000010     CC2650STK.obj (.const:displaySharpHWattrs)
                  0000d13c    00000010     splash_image.obj (.const:downImage)
                  0000d14c    00000010     drivers_cc26xxware.aem3 : I2C.oem3 (.const)
                  0000d15c    00000010     splash_image.obj (.const:leftImage)
                  0000d16c    00000010     splash_image.obj (.const:otitImage)
                  0000d17c    00000010     splash_image.obj (.const:rightImage)
                  0000d18c    00000010     splash_image.obj (.const:upImage)
                  0000d19c    0000000c     labra_pem3.oem3 (.const:xdc_runtime_Startup_firstFxns__A)
                  0000d1a8    0000000a     CWC_CC2650_154Drv.obj (.const:RF_cmdGetFvInfo)
                  0000d1b2    00000009     CWC_CC2650_154Drv.obj (.const:IEEE154_header)
                  0000d1bb    00000001     labra_pem3.oem3 (.const:xdc_runtime_Text_charTab__A)
                  0000d1bc    00000008     CC2650STK.obj (.const:PINCC26XX_hwAttrs)
                  0000d1c4    00000008     CC2650STK.obj (.const:udmaHWAttrs)
                  0000d1cc    00000004     labra_pem3.oem3 (.const:ti_sysbios_knl_Clock_triggerClock__C)
                  0000d1d0    00000004     labra_pem3.oem3 (.const:ti_sysbios_knl_Idle_funcList__A)
                  0000d1d4    00000004     labra_pem3.oem3 (.const:xdc_runtime_SysMin_bufSize__C)
                  0000d1d8    00000004     labra_pem3.oem3 (.const:xdc_runtime_SysMin_outputFunc__C)
                  0000d1dc    00000004     labra_pem3.oem3 (.const:xdc_runtime_System_extendFxn__C)
                  0000d1e0    00000004     labra_pem3.oem3 (.const:xdc_runtime_Text_visitRopeFxn__C)
                  0000d1e4    00000002     CWC_CC2650_154Drv.obj (.const:RF_cmdPing)
                  0000d1e6    00000002     CWC_CC2650_154Drv.obj (.const:RF_cmdStartRat)
                  0000d1e8    00000002     main.obj (.const:i2cMPUCfg)
                  0000d1ea    00000002     labra_pem3.oem3 (.const:xdc_runtime_SysMin_flushAtExit__C)
                  0000d1ec    00000002     labra_pem3.oem3 (.const:xdc_runtime_Text_registryModsLastId__C)
                  0000d1ee    00000002     labra_pem3.oem3 (.const:xdc_runtime_Text_unnamedModsLastId__C)

.cinit     0    0000d1f0    00000424     
                  0000d1f0    00000221     (.cinit..data.load) [load image, compression = rle]
                  0000d411    00000007     --HOLE-- [fill = 0]
                  0000d418    0000002c     (.cinit..data:ti_sysbios_family_arm_m3_Hwi_Module__state__V.load) [load image, compression = rle]
                  0000d444    00000004     --HOLE-- [fill = 0]
                  0000d448    0000002c     (.cinit..data:ti_sysbios_knl_Task_Module__state__V.load) [load image, compression = rle]
                  0000d474    00000004     --HOLE-- [fill = 0]
                  0000d478    00000021     (.cinit..data:ti_sysbios_knl_Clock_Module__state__V.load) [load image, compression = rle]
                  0000d499    00000007     --HOLE-- [fill = 0]
                  0000d4a0    0000001f     (.cinit..data:ti_sysbios_BIOS_Module__state__V.load) [load image, compression = rle]
                  0000d4bf    00000001     --HOLE-- [fill = 0]
                  0000d4c0    00000011     (.cinit..data:ti_sysbios_knl_Swi_Module__state__V.load) [load image, compression = rle]
                  0000d4d1    00000007     --HOLE-- [fill = 0]
                  0000d4d8    0000000d     (.cinit..data:ti_sysbios_family_arm_cc26xx_Timer_Module__state__V.load) [load image, compression = rle]
                  0000d4e5    00000003     --HOLE-- [fill = 0]
                  0000d4e8    0000000d     (.cinit..data:xdc_runtime_System_Module__state__V.load) [load image, compression = rle]
                  0000d4f5    00000003     --HOLE-- [fill = 0]
                  0000d4f8    0000000b     (.cinit..bss.load) [load image, compression = rle]
                  0000d503    00000005     --HOLE-- [fill = 0]
                  0000d508    0000000a     (.cinit..data:xdc_runtime_Memory_Module__state__V.load) [load image, compression = rle]
                  0000d512    00000006     --HOLE-- [fill = 0]
                  0000d518    00000009     (.cinit..TI.bound:dmaSpi0RxControlTableEntry.load) [load image, compression = rle]
                  0000d521    00000007     --HOLE-- [fill = 0]
                  0000d528    00000009     (.cinit..TI.bound:dmaSpi0TxControlTableEntry.load) [load image, compression = rle]
                  0000d531    00000007     --HOLE-- [fill = 0]
                  0000d538    00000009     (.cinit..TI.bound:dmaSpi1RxControlTableEntry.load) [load image, compression = rle]
                  0000d541    00000007     --HOLE-- [fill = 0]
                  0000d548    00000009     (.cinit..TI.bound:dmaSpi1TxControlTableEntry.load) [load image, compression = rle]
                  0000d551    00000007     --HOLE-- [fill = 0]
                  0000d558    00000009     (.cinit..data:ti_sysbios_family_arm_cc26xx_TimestampProvider_Module__state__V.load) [load image, compression = rle]
                  0000d561    00000007     --HOLE-- [fill = 0]
                  0000d568    00000009     (.cinit..data:xdc_runtime_Startup_Module__state__V.load) [load image, compression = rle]
                  0000d571    00000007     --HOLE-- [fill = 0]
                  0000d578    00000009     (.cinit..vecs.load) [load image, compression = rle]
                  0000d581    00000003     --HOLE-- [fill = 0]
                  0000d584    00000008     (__TI_handler_table)
                  0000d58c    00000088     (__TI_cinit_table)

.init_array 
*          0    00000000    00000000     UNINITIALIZED

.ccfg      0    0001ffa8    00000058     
                  0001ffa8    00000058     ccfg.obj (.ccfg:retain)

.resetVecs 
*          0    00000000    0000003c     
                  00000000    0000003c     labra_pem3.oem3 (.resetVecs)

.binit     0    00000000    00000000     

.const:ti_sysbios_knl_Task_Object__PARAMS__C 
*          0    00000100    0000003c     
                  00000100    0000003c     labra_pem3.oem3 (.const:ti_sysbios_knl_Task_Object__PARAMS__C)

.const:ti_sysbios_knl_Mailbox_Object__PARAMS__C 
*          0    0000013c    00000034     
                  0000013c    00000034     labra_pem3.oem3 (.const:ti_sysbios_knl_Mailbox_Object__PARAMS__C)

.const:ti_sysbios_family_arm_m3_Hwi_Object__PARAMS__C 
*          0    00000170    00000030     
                  00000170    00000030     labra_pem3.oem3 (.const:ti_sysbios_family_arm_m3_Hwi_Object__PARAMS__C)

.const:ti_sysbios_hal_Hwi_Object__PARAMS__C 
*          0    000001a0    0000002c     
                  000001a0    0000002c     labra_pem3.oem3 (.const:ti_sysbios_hal_Hwi_Object__PARAMS__C)

.const:ti_sysbios_heaps_HeapMem_Module__FXNS__C 
*          0    000001cc    00000028     
                  000001cc    00000028     labra_pem3.oem3 (.const:ti_sysbios_heaps_HeapMem_Module__FXNS__C)

.const:ti_sysbios_knl_Swi_Object__PARAMS__C 
*          0    000001f4    00000028     
                  000001f4    00000028     labra_pem3.oem3 (.const:ti_sysbios_knl_Swi_Object__PARAMS__C)

.const:ti_sysbios_gates_GateHwi_Module__FXNS__C 
*          0    0000021c    00000024     
                  0000021c    00000024     labra_pem3.oem3 (.const:ti_sysbios_gates_GateHwi_Module__FXNS__C)

.const:ti_sysbios_gates_GateMutex_Module__FXNS__C 
*          0    00000240    00000024     
                  00000240    00000024     labra_pem3.oem3 (.const:ti_sysbios_gates_GateMutex_Module__FXNS__C)

.const:ti_sysbios_heaps_HeapMem_Object__PARAMS__C 
*          0    00000264    00000024     
                  00000264    00000024     labra_pem3.oem3 (.const:ti_sysbios_heaps_HeapMem_Object__PARAMS__C)

.const:ti_sysbios_knl_Clock_Object__PARAMS__C 
*          0    00000288    00000024     
                  00000288    00000024     labra_pem3.oem3 (.const:ti_sysbios_knl_Clock_Object__PARAMS__C)

.const:ti_sysbios_knl_Semaphore_Object__PARAMS__C 
*          0    000002ac    00000024     
                  000002ac    00000024     labra_pem3.oem3 (.const:ti_sysbios_knl_Semaphore_Object__PARAMS__C)

.const:ti_sysbios_family_arm_m3_Hwi_Object__DESC__C 
*          0    000002d0    00000020     
                  000002d0    00000020     labra_pem3.oem3 (.const:ti_sysbios_family_arm_m3_Hwi_Object__DESC__C)

.const:ti_sysbios_gates_GateHwi_Object__DESC__C 
*          0    000002f0    00000020     
                  000002f0    00000020     labra_pem3.oem3 (.const:ti_sysbios_gates_GateHwi_Object__DESC__C)

.const:ti_sysbios_gates_GateMutex_Object__DESC__C 
*          0    00000310    00000020     
                  00000310    00000020     labra_pem3.oem3 (.const:ti_sysbios_gates_GateMutex_Object__DESC__C)

.const:ti_sysbios_hal_Hwi_Object__DESC__C 
*          0    00000330    00000020     
                  00000330    00000020     labra_pem3.oem3 (.const:ti_sysbios_hal_Hwi_Object__DESC__C)

.const:ti_sysbios_heaps_HeapMem_Object__DESC__C 
*          0    00000350    00000020     
                  00000350    00000020     labra_pem3.oem3 (.const:ti_sysbios_heaps_HeapMem_Object__DESC__C)

.const:ti_sysbios_knl_Clock_Object__DESC__C 
*          0    00000370    00000020     
                  00000370    00000020     labra_pem3.oem3 (.const:ti_sysbios_knl_Clock_Object__DESC__C)

.const:ti_sysbios_knl_Mailbox_Object__DESC__C 
*          0    00000390    00000020     
                  00000390    00000020     labra_pem3.oem3 (.const:ti_sysbios_knl_Mailbox_Object__DESC__C)

.const:ti_sysbios_knl_Queue_Object__DESC__C 
*          0    000003b0    00000020     
                  000003b0    00000020     labra_pem3.oem3 (.const:ti_sysbios_knl_Queue_Object__DESC__C)

.const:ti_sysbios_knl_Semaphore_Object__DESC__C 
*          0    000003d0    00000020     
                  000003d0    00000020     labra_pem3.oem3 (.const:ti_sysbios_knl_Semaphore_Object__DESC__C)

.const:ti_sysbios_knl_Swi_Object__DESC__C 
*          0    000003f0    00000020     
                  000003f0    00000020     labra_pem3.oem3 (.const:ti_sysbios_knl_Swi_Object__DESC__C)

.const:ti_sysbios_knl_Task_Object__DESC__C 
*          0    00000410    00000020     
                  00000410    00000020     labra_pem3.oem3 (.const:ti_sysbios_knl_Task_Object__DESC__C)

.const:ti_sysbios_gates_GateHwi_Object__PARAMS__C 
*          0    00000430    00000018     
                  00000430    00000018     labra_pem3.oem3 (.const:ti_sysbios_gates_GateHwi_Object__PARAMS__C)

.const:ti_sysbios_gates_GateMutex_Object__PARAMS__C 
*          0    00000448    00000018     
                  00000448    00000018     labra_pem3.oem3 (.const:ti_sysbios_gates_GateMutex_Object__PARAMS__C)

.const:ti_sysbios_knl_Queue_Object__PARAMS__C 
*          0    00000460    00000018     
                  00000460    00000018     labra_pem3.oem3 (.const:ti_sysbios_knl_Queue_Object__PARAMS__C)

.const:ti_sysbios_knl_Idle_funcList__C 
*          0    00000478    00000008     
                  00000478    00000008     labra_pem3.oem3 (.const:ti_sysbios_knl_Idle_funcList__C)

.const:ti_sysbios_family_arm_cc26xx_Timer_startupNeeded__C 
*          0    00000484    00000004     
                  00000484    00000004     labra_pem3.oem3 (.const:ti_sysbios_family_arm_cc26xx_Timer_startupNeeded__C)

.const:ti_sysbios_family_arm_m3_Hwi_E_alreadyDefined__C 
*          0    00000488    00000004     
                  00000488    00000004     labra_pem3.oem3 (.const:ti_sysbios_family_arm_m3_Hwi_E_alreadyDefined__C)

.const:ti_sysbios_family_arm_m3_Hwi_E_hwiLimitExceeded__C 
*          0    0000048c    00000004     
                  0000048c    00000004     labra_pem3.oem3 (.const:ti_sysbios_family_arm_m3_Hwi_E_hwiLimitExceeded__C)

.const:ti_sysbios_family_arm_m3_Hwi_NUM_INTERRUPTS__C 
*          0    00000490    00000004     
                  00000490    00000004     labra_pem3.oem3 (.const:ti_sysbios_family_arm_m3_Hwi_NUM_INTERRUPTS__C)

.const:ti_sysbios_family_arm_m3_Hwi_Object__count__C 
*          0    00000494    00000004     
                  00000494    00000004     labra_pem3.oem3 (.const:ti_sysbios_family_arm_m3_Hwi_Object__count__C)

.const:ti_sysbios_family_arm_m3_Hwi_Object__table__C 
*          0    00000498    00000004     
                  00000498    00000004     labra_pem3.oem3 (.const:ti_sysbios_family_arm_m3_Hwi_Object__table__C)

.const:ti_sysbios_family_arm_m3_Hwi_ccr__C 
*          0    0000049c    00000004     
                  0000049c    00000004     labra_pem3.oem3 (.const:ti_sysbios_family_arm_m3_Hwi_ccr__C)

.const:ti_sysbios_family_arm_m3_Hwi_excHandlerFunc__C 
*          0    000004a0    00000004     
                  000004a0    00000004     labra_pem3.oem3 (.const:ti_sysbios_family_arm_m3_Hwi_excHandlerFunc__C)

.const:ti_sysbios_family_arm_m3_Hwi_nullIsrFunc__C 
*          0    000004a4    00000004     
                  000004a4    00000004     labra_pem3.oem3 (.const:ti_sysbios_family_arm_m3_Hwi_nullIsrFunc__C)

.const:ti_sysbios_family_arm_m3_Hwi_numSparseInterrupts__C 
*          0    000004a8    00000004     
                  000004a8    00000004     labra_pem3.oem3 (.const:ti_sysbios_family_arm_m3_Hwi_numSparseInterrupts__C)

.const:ti_sysbios_family_arm_m3_Hwi_priGroup__C 
*          0    000004ac    00000004     
                  000004ac    00000004     labra_pem3.oem3 (.const:ti_sysbios_family_arm_m3_Hwi_priGroup__C)

.const:ti_sysbios_family_arm_m3_TaskSupport_stackAlignment__C 
*          0    000004b0    00000004     
                  000004b0    00000004     labra_pem3.oem3 (.const:ti_sysbios_family_arm_m3_TaskSupport_stackAlignment__C)

.const:ti_sysbios_heaps_HeapMem_E_memory__C 
*          0    000004b4    00000004     
                  000004b4    00000004     labra_pem3.oem3 (.const:ti_sysbios_heaps_HeapMem_E_memory__C)

.const:ti_sysbios_heaps_HeapMem_Module__gateObj__C 
*          0    000004b8    00000004     
                  000004b8    00000004     labra_pem3.oem3 (.const:ti_sysbios_heaps_HeapMem_Module__gateObj__C)

.const:ti_sysbios_heaps_HeapMem_Object__count__C 
*          0    000004bc    00000004     
                  000004bc    00000004     labra_pem3.oem3 (.const:ti_sysbios_heaps_HeapMem_Object__count__C)

.const:ti_sysbios_heaps_HeapMem_Object__table__C 
*          0    000004c0    00000004     
                  000004c0    00000004     labra_pem3.oem3 (.const:ti_sysbios_heaps_HeapMem_Object__table__C)

.const:ti_sysbios_heaps_HeapMem_reqAlign__C 
*          0    000004c4    00000004     
                  000004c4    00000004     labra_pem3.oem3 (.const:ti_sysbios_heaps_HeapMem_reqAlign__C)

.const:ti_sysbios_knl_Clock_serviceMargin__C 
*          0    000004c8    00000004     
                  000004c8    00000004     labra_pem3.oem3 (.const:ti_sysbios_knl_Clock_serviceMargin__C)

.const:ti_sysbios_knl_Mailbox_Object__count__C 
*          0    000004cc    00000004     
                  000004cc    00000004     labra_pem3.oem3 (.const:ti_sysbios_knl_Mailbox_Object__count__C)

.const:ti_sysbios_knl_Mailbox_Object__table__C 
*          0    000004d0    00000004     
                  000004d0    00000004     labra_pem3.oem3 (.const:ti_sysbios_knl_Mailbox_Object__table__C)

.const:ti_sysbios_knl_Queue_Object__count__C 
*          0    000004d4    00000004     
                  000004d4    00000004     labra_pem3.oem3 (.const:ti_sysbios_knl_Queue_Object__count__C)

.const:ti_sysbios_knl_Queue_Object__table__C 
*          0    000004d8    00000004     
                  000004d8    00000004     labra_pem3.oem3 (.const:ti_sysbios_knl_Queue_Object__table__C)

.const:ti_sysbios_knl_Swi_Object__count__C 
*          0    000004dc    00000004     
                  000004dc    00000004     labra_pem3.oem3 (.const:ti_sysbios_knl_Swi_Object__count__C)

.const:ti_sysbios_knl_Swi_Object__table__C 
*          0    000004e0    00000004     
                  000004e0    00000004     labra_pem3.oem3 (.const:ti_sysbios_knl_Swi_Object__table__C)

.const:ti_sysbios_knl_Swi_numPriorities__C 
*          0    000004e4    00000004     
                  000004e4    00000004     labra_pem3.oem3 (.const:ti_sysbios_knl_Swi_numPriorities__C)

.const:ti_sysbios_knl_Task_Object__count__C 
*          0    000004e8    00000004     
                  000004e8    00000004     labra_pem3.oem3 (.const:ti_sysbios_knl_Task_Object__count__C)

.const:ti_sysbios_knl_Task_Object__table__C 
*          0    000004ec    00000004     
                  000004ec    00000004     labra_pem3.oem3 (.const:ti_sysbios_knl_Task_Object__table__C)

.const:ti_sysbios_knl_Task_allBlockedFunc__C 
*          0    000004f0    00000004     
                  000004f0    00000004     labra_pem3.oem3 (.const:ti_sysbios_knl_Task_allBlockedFunc__C)

.const:ti_sysbios_knl_Task_defaultStackHeap__C 
*          0    000004f4    00000004     
                  000004f4    00000004     labra_pem3.oem3 (.const:ti_sysbios_knl_Task_defaultStackHeap__C)

.const:ti_sysbios_knl_Task_defaultStackSize__C 
*          0    000004f8    00000004     
                  000004f8    00000004     labra_pem3.oem3 (.const:ti_sysbios_knl_Task_defaultStackSize__C)

.const:ti_sysbios_knl_Task_numConstructedTasks__C 
*          0    000004fc    00000004     
                  000004fc    00000004     labra_pem3.oem3 (.const:ti_sysbios_knl_Task_numConstructedTasks__C)

.const:ti_sysbios_family_arm_cc26xx_Timer_Module__id__C 
*          0    00000502    00000002     
                  00000502    00000002     labra_pem3.oem3 (.const:ti_sysbios_family_arm_cc26xx_Timer_Module__id__C)

.const:ti_sysbios_family_arm_cc26xx_TimestampProvider_useClockTimer__C 
*          0    00000504    00000002     
                  00000504    00000002     labra_pem3.oem3 (.const:ti_sysbios_family_arm_cc26xx_TimestampProvider_useClockTimer__C)

.const:ti_sysbios_family_arm_m3_Hwi_Module__id__C 
*          0    00000506    00000002     
                  00000506    00000002     labra_pem3.oem3 (.const:ti_sysbios_family_arm_m3_Hwi_Module__id__C)

.const:ti_sysbios_gates_GateHwi_Module__id__C 
*          0    00000508    00000002     
                  00000508    00000002     labra_pem3.oem3 (.const:ti_sysbios_gates_GateHwi_Module__id__C)

.const:ti_sysbios_gates_GateMutex_Module__id__C 
*          0    0000050a    00000002     
                  0000050a    00000002     labra_pem3.oem3 (.const:ti_sysbios_gates_GateMutex_Module__id__C)

.const:ti_sysbios_heaps_HeapMem_Module__id__C 
*          0    0000050c    00000002     
                  0000050c    00000002     labra_pem3.oem3 (.const:ti_sysbios_heaps_HeapMem_Module__id__C)

.const:ti_sysbios_knl_Task_initStackFlag__C 
*          0    0000050e    00000002     
                  0000050e    00000002     labra_pem3.oem3 (.const:ti_sysbios_knl_Task_initStackFlag__C)

.const:ti_sysbios_knl_Clock_tickMode__C 
*          0    00000510    00000001     
                  00000510    00000001     labra_pem3.oem3 (.const:ti_sysbios_knl_Clock_tickMode__C)

.const:xdc_runtime_Startup_firstFxns__C 
*          0    00000514    00000008     
                  00000514    00000008     labra_pem3.oem3 (.const:xdc_runtime_Startup_firstFxns__C)

.const:xdc_runtime_Startup_lastFxns__C 
*          0    0000051c    00000008     
                  0000051c    00000008     labra_pem3.oem3 (.const:xdc_runtime_Startup_lastFxns__C)

.const:xdc_runtime_Assert_E_assertFailed__C 
*          0    00000524    00000004     
                  00000524    00000004     labra_pem3.oem3 (.const:xdc_runtime_Assert_E_assertFailed__C)

.const:xdc_runtime_Error_E_memory__C 
*          0    00000528    00000004     
                  00000528    00000004     labra_pem3.oem3 (.const:xdc_runtime_Error_E_memory__C)

.const:xdc_runtime_Error_policyFxn__C 
*          0    0000052c    00000004     
                  0000052c    00000004     labra_pem3.oem3 (.const:xdc_runtime_Error_policyFxn__C)

.const:xdc_runtime_IGateProvider_Interface__BASE__C 
*          0    00000530    00000004     
                  00000530    00000004     labra_pem3.oem3 (.const:xdc_runtime_IGateProvider_Interface__BASE__C)

.const:xdc_runtime_IHeap_Interface__BASE__C 
*          0    00000534    00000004     
                  00000534    00000004     labra_pem3.oem3 (.const:xdc_runtime_IHeap_Interface__BASE__C)

.const:xdc_runtime_IModule_Interface__BASE__C 
*          0    00000538    00000004     
                  00000538    00000004     labra_pem3.oem3 (.const:xdc_runtime_IModule_Interface__BASE__C)

.const:xdc_runtime_Main_Module__diagsEnabled__C 
*          0    0000053c    00000004     
                  0000053c    00000004     labra_pem3.oem3 (.const:xdc_runtime_Main_Module__diagsEnabled__C)

.const:xdc_runtime_Main_Module__diagsIncluded__C 
*          0    00000540    00000004     
                  00000540    00000004     labra_pem3.oem3 (.const:xdc_runtime_Main_Module__diagsIncluded__C)

.const:xdc_runtime_Main_Module__diagsMask__C 
*          0    00000544    00000004     
                  00000544    00000004     labra_pem3.oem3 (.const:xdc_runtime_Main_Module__diagsMask__C)

.const:xdc_runtime_Memory_defaultHeapInstance__C 
*          0    00000548    00000004     
                  00000548    00000004     labra_pem3.oem3 (.const:xdc_runtime_Memory_defaultHeapInstance__C)

.const:xdc_runtime_Startup_execImpl__C 
*          0    0000054c    00000004     
                  0000054c    00000004     labra_pem3.oem3 (.const:xdc_runtime_Startup_execImpl__C)

.const:xdc_runtime_Startup_maxPasses__C 
[...]
1001c24d  ti_sysbios_BIOS_RtsGateProxy_leave__E                                     
1001c251  ti_sysbios_family_arm_cc26xx_Timer_getExpiredTicks__E                     
1001c255  ti_sysbios_family_arm_cc26xx_Timer_getPeriod__E                           
1001c259  ti_sysbios_family_arm_cc26xx_Timer_setPeriod__E                           
1001c25d  ti_sysbios_family_arm_m3_Hwi_delete                                       
1001c261  ti_sysbios_family_arm_m3_Hwi_destruct                                     
1001c265  ti_sysbios_family_arm_m3_TaskSupport_Module__startupDone__S               
1001c269  ti_sysbios_gates_GateHwi_query__E                                         
1001c269  xdc_runtime_System_Module_GateProxy_query__E                              
1001c26d  ti_sysbios_gates_GateMutex_delete                                         
1001c271  ti_sysbios_gates_GateMutex_destruct                                       
1001c275  ti_sysbios_BIOS_RtsGateProxy_query__E                                     
1001c275  ti_sysbios_gates_GateMutex_query__E                                       
1001c275  ti_sysbios_heaps_HeapMem_Module_GateProxy_query__E                        
1001c279  ti_sysbios_hal_Hwi_HwiProxy_Module__startupDone__S                        
1001c27d  ti_sysbios_hal_Hwi_HwiProxy_delete                                        
1001c281  ti_sysbios_hal_Hwi_HwiProxy_disableInterrupt__E                           
1001c281  ti_sysbios_hal_Hwi_disableInterrupt__E                                    
1001c285  ti_sysbios_hal_Hwi_HwiProxy_enableInterrupt__E                            
1001c285  ti_sysbios_hal_Hwi_enableInterrupt__E                                     
1001c289  ti_sysbios_hal_Hwi_HwiProxy_getStackInfo__E                               
1001c289  ti_sysbios_hal_Hwi_getStackInfo__E                                        
1001c28d  ti_sysbios_hal_Hwi_HwiProxy_startup__E                                    
1001c28d  ti_sysbios_hal_Hwi_startup__E                                             
1001c291  ti_sysbios_hal_Hwi_HwiProxy_switchFromBootStack__E                        
1001c295  ti_sysbios_hal_Hwi_delete                                                 
1001c299  ti_sysbios_hal_Hwi_switchFromBootStack__E                                 
1001c29d  ti_sysbios_heaps_HeapMem_Module_GateProxy_enter__E                        
1001c2a1  ti_sysbios_heaps_HeapMem_Module_GateProxy_leave__E                        
1001c2a5  ti_sysbios_heaps_HeapMem_isBlocking__E                                    
1001c2a9  ti_sysbios_knl_Clock_TimerProxy_Module__startupDone__S                    
1001c2ad  ti_sysbios_knl_Clock_TimerProxy_getExpiredTicks__E                        
1001c2b1  ti_sysbios_knl_Clock_TimerProxy_getPeriod__E                              
1001c2b5  ti_sysbios_knl_Clock_delete                                               
1001c2b9  ti_sysbios_knl_Clock_destruct                                             
1001c2bd  ti_sysbios_knl_Clock_removeI__E                                           
1001c2c1  ti_sysbios_knl_Clock_setTimeout__E                                        
1001c2c5  ti_sysbios_knl_Mailbox_delete                                             
1001c2c9  ti_sysbios_knl_Mailbox_destruct                                           
1001c2cd  ti_sysbios_knl_Queue_delete                                               
1001c2d1  ti_sysbios_knl_Queue_destruct                                             
1001c2d5  ti_sysbios_knl_Queue_head__E                                              
1001c2d9  ti_sysbios_knl_Queue_next__E                                              
1001c2dd  ti_sysbios_knl_Semaphore_delete                                           
1001c2e1  ti_sysbios_knl_Semaphore_destruct                                         
1001c2e5  ti_sysbios_knl_Swi_delete                                                 
1001c2e9  ti_sysbios_knl_Swi_destruct                                               
1001c2ed  ti_sysbios_knl_Swi_postInit__I                                            
1001c2f1  ti_sysbios_knl_Task_SupportProxy_Module__startupDone__S                   
1001c2f5  ti_sysbios_knl_Task_SupportProxy_getStackAlignment__E                     
1001c2f9  ti_sysbios_knl_Task_SupportProxy_start__E                                 
1001c2fd  ti_sysbios_knl_Task_SupportProxy_swap__E                                  
1001c301  ti_sysbios_knl_Task_delete                                                
1001c305  ti_sysbios_knl_Task_destruct                                              
1001c309  ti_sysbios_knl_Task_startup__E                                            
1001c30d  xdc_runtime_Startup_startMods__I                                          
1001c405  xdc_runtime_Core_createObject__I                                          
1001c487  xdc_runtime_Error_policySpin__E                                           
1001c489  xdc_runtime_Memory_alloc__E                                               
1001c4f9  xdc_runtime_Core_deleteObject__I                                          
1001c559  xdc_runtime_Startup_exec__E                                               
1001c5a9  xdc_runtime_Assert_raise__I                                               
1001c5f1  xdc_runtime_Core_assignParams__I                                          
1001c639  xdc_runtime_Core_constructObject__I                                       
1001c681  xdc_runtime_System_atexit__E                                              
1001c6b9  xdc_runtime_System_processAtExit__E                                       
1001c6ed  xdc_runtime_Core_assignLabel__I                                           
1001c71d  xdc_runtime_Text_cordText__E                                              
1001c749  xdc_runtime_System_abort__E                                               
1001c769  xdc_runtime_Error_raiseX__E                                               
1001c785  xdc_runtime_Memory_valloc__E                                              
1001c7a1  xdc_runtime_Core_destructObject__I                                        
1001c7b9  xdc_runtime_Error_check__E                                                
1001c7d1  xdc_runtime_System_exit__E                                                
1001c7e9  xdc_runtime_Text_ropeText__E                                              
1001c801  xdc_runtime_Memory_free__E                                                
1001c811  xdc_runtime_SysCallback_abort__E                                          
1001c821  xdc_runtime_SysCallback_exit__E                                           
1001c831  xdc_runtime_Timestamp_SupportProxy_get32__E                               
1001c831  xdc_runtime_Timestamp_get32__E                                            
1001c841  xdc_runtime_Error_init__E                                                 
1001c84d  xdc_runtime_Memory_calloc__E                                              
1001c859  xdc_runtime_Memory_getMaxDefaultTypeAlign__E                              
1001c879  xdc_runtime_Gate_leaveSystem__E                                           
1001c87f  xdc_runtime_System_Module_startup__E                                      
1001c885  xdc_runtime_Gate_enterSystem__E                                           
1001c889  xdc_runtime_Memory_HeapProxy_alloc__E                                     
1001c88d  xdc_runtime_Memory_HeapProxy_free__E                                      
1001c891  xdc_runtime_System_Module_GateProxy_enter__E                              
1001c895  xdc_runtime_System_Module_GateProxy_leave__E                              
1001c899  xdc_runtime_System_abortSpin__E                                           
1001c89b  xdc_runtime_System_exitSpin__E                                            
1001c89d  ti_sysbios_family_arm_m3_Hwi_dispatch__I                                  
1001c96d  ti_sysbios_family_arm_m3_TaskSupport_buildTaskStack                       
1001c9b9  ti_sysbios_family_arm_m3_Hwi_initStacks__E                                
1001ca01  ti_sysbios_family_arm_m3_Hwi_excHandlerAsm__I                             
1001ca21  ti_sysbios_family_xxx_Hwi_switchAndRunFunc                                
1001ca3f  ti_sysbios_family_arm_m3_Hwi_pendSV__I                                    
1001ca57  ti_sysbios_family_arm_m3_Hwi_return                                       
1001ca59  ti_sysbios_family_arm_m3_TaskSupport_glue                                 
1001ca69  ti_sysbios_family_arm_m3_TaskSupport_swap__E                              
1001ca71  ti_sysbios_knl_Task_swapReturn                                            
1001ca9b  ti_sysbios_rom_cortexm_cc26xx_CC26xx_getRevision__E                       
20000000  ti_sysbios_family_arm_m3_Hwi_ramVectors                                   
20000100  ti_sysbios_knl_Task_Module__state__V                                      
20000144  ti_sysbios_family_arm_m3_Hwi_Module__state__V                             
20000178  ti_sysbios_knl_Clock_Module__state__V                                     
200001a4  ti_sysbios_BIOS_Module__state__V                                          
200001c8  ti_sysbios_knl_Swi_Module__state__V                                       
200001e4  ti_sysbios_family_arm_cc26xx_Timer_Module__state__V                       
200001ec  ti_sysbios_family_arm_cc26xx_TimestampProvider_Module__state__V           
200001f0  xdc_runtime_Startup_Module__state__V                                      
200001f8  xdc_runtime_System_Module__state__V                                       
20000200  xdc_runtime_Memory_Module__state__V                                       
20000520  commTaskStack                                                             
20000d20  dispTaskStack                                                             
20001520  musicTaskStack                                                            
20001d20  sensorTaskStack                                                           
200029a0  ti_sysbios_heaps_HeapMem_Instance_State_0_buf__A                          
20002fa0  ti_sysbios_knl_Task_Instance_State_0_stack__A                             
200031a0  spiCC26XXDMAObjects                                                       
20003358  __CIOBUF_                                                                 
20003478  i2cCC26xxObjects                                                          
20003558  ti_sysbios_family_arm_m3_Hwi_dispatchTable                                
20003750  xdc_runtime_SysMin_Module_State_0_outbuf__A                               
200037d0  PIN_HandleTable                                                           
2000384c  displaySharpObject                                                        
2000392c  cpe0Params                                                                
20003958  cpe1Params                                                                
200039a4  udmaObjects                                                               
20003a44  SelfTest                                                                  
20003a84  time                                                                      
20003b00  PIN_NumPins                                                               
20003b04  aRes                                                                      
20003b08  cpe0Handle                                                                
20003b0c  cpe1Handle                                                                
20003b10  gRes                                                                      
20003b14  i2c                                                                       
20003b20  rx_read_entry                                                             
20003b2b  driverlib_release_0_46593                                                 
20003b30  PowerCC26XX_module                                                        
20003cbf  rssi                                                                      
20003cc0  ti_sysbios_knl_Task_Object__table__V                                      
20003d10  ti_sysbios_family_arm_cc26xx_Timer_Object__table__V                       
20003d58  ti_sysbios_gates_GateMutex_Object__table__V                               
20003d90  ti_sysbios_knl_Swi_Module_State_0_readyQ__A                               
20003dc0  ti_sysbios_knl_Swi_Object__table__V                                       
20003e1c  ti_sysbios_knl_Clock_Object__table__V                                     
20003e3c  ti_sysbios_knl_Task_Module_State_0_readyQ__A                              
20003e74  ti_sysbios_family_arm_m3_Hwi_Object__table__V                             
20003e8c  ti_sysbios_heaps_HeapMem_Object__table__V                                 
20003ea4  accelBias                                                                 
20003eb0  gyroBias                                                                  
20003ebc  xdc_runtime_SysMin_Module__state__V                                       
20003ec8  _lock                                                                     
20003ecc  _unlock                                                                   
20003ed0  ButtonTableShutdown                                                       
20003ed8  ButtonTableWakeUp                                                         
20003ee8  buzzerConfig                                                              
20003ef0  imgPalette                                                                
20003f00  ti_sysbios_family_arm_m3_Hwi_Module__root__V                              
20003f08  ti_sysbios_gates_GateHwi_Module__root__V                                  
20003f10  ti_sysbios_gates_GateMutex_Module__root__V                                
20003f18  ti_sysbios_hal_Hwi_Module__root__V                                        
20003f20  ti_sysbios_heaps_HeapMem_Module__root__V                                  
20003f28  ti_sysbios_knl_Clock_Module__root__V                                      
20003f30  ti_sysbios_knl_Mailbox_Module__root__V                                    
20003f38  ti_sysbios_knl_Queue_Module__root__V                                      
20003f40  ti_sysbios_knl_Semaphore_Module__root__V                                  
20003f48  ti_sysbios_knl_Swi_Module__root__V                                        
20003f50  ti_sysbios_knl_Task_Module__root__V                                       
20003f58  topButtonPress                                                            
20003f60  xdc_runtime_Registry_Module__state__V                                     
20003f68  xdc_runtime_System_Module_State_0_atexitHandlers__A                       
20003f78  errno                                                                     
20003f7c  main_func_sp                                                              
20003f84  ti_sysbios_family_arm_m3_Hwi_Module_State_0_excContext__A                 
20003f88  ti_sysbios_family_arm_m3_Hwi_Module_State_0_excStack__A                   
20003f8c  ti_sysbios_knl_Task_Module_State_0_idleTask__A                            
20003f92  Gscale                                                                    
20003f93  Ascale                                                                    
20003f94  ti_sysbios_family_arm_m3_Hwi_Module_State_0_excActive__A                  
20003f96  myState                                                                   
20004d00  __stack                                                                   
20005000  __STACK_END                                                               
e000e000  ti_sysbios_family_arm_m3_Hwi_nvic                                         
ffffffff  __TI_pprof_out_hndl                                                       
ffffffff  __TI_prof_data_size                                                       
ffffffff  __TI_prof_data_start                                                      
ffffffff  __binit__                                                                 
ffffffff  __c_args__                                                                
ffffffff  binit                                                                     
UNDEFED   HwiP_restore                                                              
UNDEFED   SHT$$INIT_ARRAY$$Base                                                     
UNDEFED   SHT$$INIT_ARRAY$$Limit                                                    
UNDEFED   ti_sysbios_BIOS_RtsGateProxy_Handle__label__S__mangled__                  
UNDEFED   ti_sysbios_BIOS_RtsGateProxy_Object__delete__S__mangled__                 
UNDEFED   ti_sysbios_BIOS_RtsGateProxy_Params__init__S__mangled__                   
UNDEFED   ti_sysbios_BIOS_RtsGateProxy_query__E__mangled__                          
UNDEFED   ti_sysbios_hal_Hwi_HwiProxy_Module__startupDone__S__mangled__             
UNDEFED   ti_sysbios_hal_Hwi_HwiProxy_Object__delete__S__mangled__                  
UNDEFED   ti_sysbios_hal_Hwi_HwiProxy_Params__init__S__mangled__                    
UNDEFED   ti_sysbios_hal_Hwi_HwiProxy_disableInterrupt__E__mangled__                
UNDEFED   ti_sysbios_hal_Hwi_HwiProxy_enableInterrupt__E__mangled__                 
UNDEFED   ti_sysbios_hal_Hwi_HwiProxy_getStackInfo__E__mangled__                    
UNDEFED   ti_sysbios_hal_Hwi_HwiProxy_startup__E__mangled__                         
UNDEFED   ti_sysbios_hal_Hwi_HwiProxy_switchFromBootStack__E__mangled__             
UNDEFED   ti_sysbios_hal_Hwi_disableInterrupt__E                                    
UNDEFED   ti_sysbios_hal_Hwi_enableInterrupt__E                                     
UNDEFED   ti_sysbios_hal_Hwi_getStackInfo__E                                        
UNDEFED   ti_sysbios_hal_Hwi_startup__E                                             
UNDEFED   ti_sysbios_hal_Hwi_switchFromBootStack__E                                 
UNDEFED   ti_sysbios_heaps_HeapMem_Module_GateProxy_Handle__label__S__mangled__     
UNDEFED   ti_sysbios_heaps_HeapMem_Module_GateProxy_Object__delete__S__mangled__    
UNDEFED   ti_sysbios_heaps_HeapMem_Module_GateProxy_Params__init__S__mangled__      
UNDEFED   ti_sysbios_heaps_HeapMem_Module_GateProxy_query__E__mangled__             
UNDEFED   ti_sysbios_knl_Clock_TimerProxy_Module__startupDone__S__mangled__         
UNDEFED   ti_sysbios_knl_Clock_TimerProxy_startup__E__mangled__                     
UNDEFED   ti_sysbios_knl_Task_SupportProxy_Module__startupDone__S__mangled__        
UNDEFED   ti_sysbios_knl_Task_SupportProxy_getStackAlignment__E__mangled__          
UNDEFED   ti_sysbios_knl_Task_SupportProxy_start__E__mangled__                      
UNDEFED   ti_sysbios_knl_Task_SupportProxy_swap__E__mangled__                       
UNDEFED   xdc_runtime_Main_Module_GateProxy_Handle__label__S                        
UNDEFED   xdc_runtime_Main_Module_GateProxy_Object__delete__S                       
UNDEFED   xdc_runtime_Main_Module_GateProxy_query__E                                
UNDEFED   xdc_runtime_Memory_HeapProxy_Handle__label__S__mangled__                  
UNDEFED   xdc_runtime_Memory_HeapProxy_Object__delete__S__mangled__                 
UNDEFED   xdc_runtime_System_Module_GateProxy_Handle__label__S__mangled__           
UNDEFED   xdc_runtime_System_Module_GateProxy_Object__delete__S__mangled__          
UNDEFED   xdc_runtime_System_Module_GateProxy_query__E__mangled__                   
UNDEFED   xdc_runtime_Timestamp_SupportProxy_get64__E__mangled__                    
UNDEFED   xdc_runtime_Timestamp_SupportProxy_getFreq__E__mangled__                  
UNDEFED   xdc_runtime_Timestamp_get32__E                                            
UNDEFED   xdc_runtime_Timestamp_get64__E                                            
UNDEFED   xdc_runtime_Timestamp_getFreq__E                                          

[933 symbols]
