******************************************************************************
                  TI ARM Linker PC v15.12.3                    
******************************************************************************
>> Linked Tue Oct 27 12:11:34 2020

OUTPUT FILE NAME:   <JTKJ_labra.out>
ENTRY POINT SYMBOL: "ResetISR"  address: 0000862d


MEMORY CONFIGURATION

         name            origin    length      used     unused   attr    fill
----------------------  --------  ---------  --------  --------  ----  --------
  FLASH                 00000000   00020000  0000ba4b  000145b5  R  X
  SRAM                  20000000   00005000  00002c15  000023eb  RW X


SEGMENT ALLOCATION MAP

run origin  load origin   length   init length attrs members
----------  ----------- ---------- ----------- ----- -------
00000000    00000000    0000003c   0000003c    r--
  00000000    00000000    0000003c   0000003c    r-- .resetVecs
00000100    00000100    0000b9cc   0000b9cc    r-x
  00000100    00000100    0000003c   0000003c    r-- .const:ti_sysbios_knl_Task_Object__PARAMS__C
  0000013c    0000013c    00000034   00000034    r-- .const:ti_sysbios_knl_Mailbox_Object__PARAMS__C
  00000170    00000170    00000030   00000030    r-- .const:ti_sysbios_family_arm_m3_Hwi_Object__PARAMS__C
  000001a0    000001a0    0000002c   0000002c    r-- .const:ti_sysbios_hal_Hwi_Object__PARAMS__C
  000001cc    000001cc    00000028   00000028    r-- .const:ti_sysbios_heaps_HeapMem_Module__FXNS__C
  000001f4    000001f4    00000028   00000028    r-- .const:ti_sysbios_knl_Swi_Object__PARAMS__C
  0000021c    0000021c    00000024   00000024    r-- .const:ti_sysbios_gates_GateHwi_Module__FXNS__C
  00000240    00000240    00000024   00000024    r-- .const:ti_sysbios_gates_GateMutex_Module__FXNS__C
  00000264    00000264    00000024   00000024    r-- .const:ti_sysbios_heaps_HeapMem_Object__PARAMS__C
  00000288    00000288    00000024   00000024    r-- .const:ti_sysbios_knl_Clock_Object__PARAMS__C
  000002ac    000002ac    00000024   00000024    r-- .const:ti_sysbios_knl_Semaphore_Object__PARAMS__C
  000002d0    000002d0    00000020   00000020    r-- .const:ti_sysbios_family_arm_m3_Hwi_Object__DESC__C
  000002f0    000002f0    00000020   00000020    r-- .const:ti_sysbios_gates_GateHwi_Object__DESC__C
  00000310    00000310    00000020   00000020    r-- .const:ti_sysbios_gates_GateMutex_Object__DESC__C
  00000330    00000330    00000020   00000020    r-- .const:ti_sysbios_hal_Hwi_Object__DESC__C
  00000350    00000350    00000020   00000020    r-- .const:ti_sysbios_heaps_HeapMem_Object__DESC__C
  00000370    00000370    00000020   00000020    r-- .const:ti_sysbios_knl_Clock_Object__DESC__C
  00000390    00000390    00000020   00000020    r-- .const:ti_sysbios_knl_Mailbox_Object__DESC__C
  000003b0    000003b0    00000020   00000020    r-- .const:ti_sysbios_knl_Queue_Object__DESC__C
  000003d0    000003d0    00000020   00000020    r-- .const:ti_sysbios_knl_Semaphore_Object__DESC__C
  000003f0    000003f0    00000020   00000020    r-- .const:ti_sysbios_knl_Swi_Object__DESC__C
  00000410    00000410    00000020   00000020    r-- .const:ti_sysbios_knl_Task_Object__DESC__C
  00000430    00000430    00000018   00000018    r-- .const:ti_sysbios_gates_GateHwi_Object__PARAMS__C
  00000448    00000448    00000018   00000018    r-- .const:ti_sysbios_gates_GateMutex_Object__PARAMS__C
  00000460    00000460    00000018   00000018    r-- .const:ti_sysbios_knl_Queue_Object__PARAMS__C
  00000478    00000478    00000008   00000008    r-- .const:ti_sysbios_knl_Idle_funcList__C
  00000484    00000484    00000004   00000004    r-- .const:ti_sysbios_family_arm_cc26xx_Timer_startupNeeded__C
  00000488    00000488    00000004   00000004    r-- .const:ti_sysbios_family_arm_m3_Hwi_E_alreadyDefined__C
  0000048c    0000048c    00000004   00000004    r-- .const:ti_sysbios_family_arm_m3_Hwi_E_hwiLimitExceeded__C
  00000490    00000490    00000004   00000004    r-- .const:ti_sysbios_family_arm_m3_Hwi_NUM_INTERRUPTS__C
  00000494    00000494    00000004   00000004    r-- .const:ti_sysbios_family_arm_m3_Hwi_Object__count__C
  00000498    00000498    00000004   00000004    r-- .const:ti_sysbios_family_arm_m3_Hwi_Object__table__C
  0000049c    0000049c    00000004   00000004    r-- .const:ti_sysbios_family_arm_m3_Hwi_ccr__C
  000004a0    000004a0    00000004   00000004    r-- .const:ti_sysbios_family_arm_m3_Hwi_excHandlerFunc__C
  000004a4    000004a4    00000004   00000004    r-- .const:ti_sysbios_family_arm_m3_Hwi_nullIsrFunc__C
  000004a8    000004a8    00000004   00000004    r-- .const:ti_sysbios_family_arm_m3_Hwi_numSparseInterrupts__C
  000004ac    000004ac    00000004   00000004    r-- .const:ti_sysbios_family_arm_m3_Hwi_priGroup__C
  000004b0    000004b0    00000004   00000004    r-- .const:ti_sysbios_family_arm_m3_TaskSupport_stackAlignment__C
  000004b4    000004b4    00000004   00000004    r-- .const:ti_sysbios_heaps_HeapMem_E_memory__C
  000004b8    000004b8    00000004   00000004    r-- .const:ti_sysbios_heaps_HeapMem_Module__gateObj__C
  000004bc    000004bc    00000004   00000004    r-- .const:ti_sysbios_heaps_HeapMem_Object__count__C
  000004c0    000004c0    00000004   00000004    r-- .const:ti_sysbios_heaps_HeapMem_Object__table__C
  000004c4    000004c4    00000004   00000004    r-- .const:ti_sysbios_heaps_HeapMem_reqAlign__C
  000004c8    000004c8    00000004   00000004    r-- .const:ti_sysbios_knl_Clock_serviceMargin__C
  000004cc    000004cc    00000004   00000004    r-- .const:ti_sysbios_knl_Mailbox_Object__count__C
  000004d0    000004d0    00000004   00000004    r-- .const:ti_sysbios_knl_Mailbox_Object__table__C
  000004d4    000004d4    00000004   00000004    r-- .const:ti_sysbios_knl_Queue_Object__count__C
  000004d8    000004d8    00000004   00000004    r-- .const:ti_sysbios_knl_Queue_Object__table__C
  000004dc    000004dc    00000004   00000004    r-- .const:ti_sysbios_knl_Swi_Object__count__C
  000004e0    000004e0    00000004   00000004    r-- .const:ti_sysbios_knl_Swi_Object__table__C
  000004e4    000004e4    00000004   00000004    r-- .const:ti_sysbios_knl_Swi_numPriorities__C
  000004e8    000004e8    00000004   00000004    r-- .const:ti_sysbios_knl_Task_Object__count__C
  000004ec    000004ec    00000004   00000004    r-- .const:ti_sysbios_knl_Task_Object__table__C
  000004f0    000004f0    00000004   00000004    r-- .const:ti_sysbios_knl_Task_allBlockedFunc__C
  000004f4    000004f4    00000004   00000004    r-- .const:ti_sysbios_knl_Task_defaultStackHeap__C
  000004f8    000004f8    00000004   00000004    r-- .const:ti_sysbios_knl_Task_defaultStackSize__C
  000004fc    000004fc    00000004   00000004    r-- .const:ti_sysbios_knl_Task_numConstructedTasks__C
  00000502    00000502    00000002   00000002    r-- .const:ti_sysbios_family_arm_cc26xx_Timer_Module__id__C
  00000504    00000504    00000002   00000002    r-- .const:ti_sysbios_family_arm_cc26xx_TimestampProvider_useClockTimer__C
  00000506    00000506    00000002   00000002    r-- .const:ti_sysbios_family_arm_m3_Hwi_Module__id__C
  00000508    00000508    00000002   00000002    r-- .const:ti_sysbios_gates_GateHwi_Module__id__C
  0000050a    0000050a    00000002   00000002    r-- .const:ti_sysbios_gates_GateMutex_Module__id__C
  0000050c    0000050c    00000002   00000002    r-- .const:ti_sysbios_heaps_HeapMem_Module__id__C
  0000050e    0000050e    00000002   00000002    r-- .const:ti_sysbios_knl_Task_initStackFlag__C
  00000510    00000510    00000001   00000001    r-- .const:ti_sysbios_knl_Clock_tickMode__C
  00000514    00000514    00000008   00000008    r-- .const:xdc_runtime_Startup_firstFxns__C
  0000051c    0000051c    00000008   00000008    r-- .const:xdc_runtime_Startup_lastFxns__C
  00000524    00000524    00000004   00000004    r-- .const:xdc_runtime_Assert_E_assertFailed__C
  00000528    00000528    00000004   00000004    r-- .const:xdc_runtime_Error_E_memory__C
  0000052c    0000052c    00000004   00000004    r-- .const:xdc_runtime_Error_policyFxn__C
  00000530    00000530    00000004   00000004    r-- .const:xdc_runtime_IGateProvider_Interface__BASE__C
  00000534    00000534    00000004   00000004    r-- .const:xdc_runtime_IHeap_Interface__BASE__C
  00000538    00000538    00000004   00000004    r-- .const:xdc_runtime_IModule_Interface__BASE__C
  0000053c    0000053c    00000004   00000004    r-- .const:xdc_runtime_Main_Module__diagsEnabled__C
  00000540    00000540    00000004   00000004    r-- .const:xdc_runtime_Main_Module__diagsIncluded__C
  00000544    00000544    00000004   00000004    r-- .const:xdc_runtime_Main_Module__diagsMask__C
  00000548    00000548    00000004   00000004    r-- .const:xdc_runtime_Memory_defaultHeapInstance__C
  0000054c    0000054c    00000004   00000004    r-- .const:xdc_runtime_Startup_execImpl__C
  00000550    00000550    00000004   00000004    r-- .const:xdc_runtime_Startup_maxPasses__C
  00000554    00000554    00000004   00000004    r-- .const:xdc_runtime_Startup_sfxnRts__C
  00000558    00000558    00000004   00000004    r-- .const:xdc_runtime_Startup_sfxnTab__C
  0000055c    0000055c    00000004   00000004    r-- .const:xdc_runtime_Startup_startModsFxn__C
  00000560    00000560    00000004   00000004    r-- .const:xdc_runtime_SysCallback_abortFxn__C
  00000564    00000564    00000004   00000004    r-- .const:xdc_runtime_SysCallback_exitFxn__C
  00000568    00000568    00000004   00000004    r-- .const:xdc_runtime_System_abortFxn__C
  0000056c    0000056c    00000004   00000004    r-- .const:xdc_runtime_System_exitFxn__C
  00000570    00000570    00000004   00000004    r-- .const:xdc_runtime_System_maxAtexitHandlers__C
  00000574    00000574    00000004   00000004    r-- .const:xdc_runtime_Text_charTab__C
  00000578    00000578    00000004   00000004    r-- .const:xdc_runtime_Text_nameEmpty__C
  0000057c    0000057c    00000004   00000004    r-- .const:xdc_runtime_Text_nameStatic__C
  00000580    00000580    00000004   00000004    r-- .const:xdc_runtime_Text_nameUnknown__C
  00000584    00000584    00000002   00000002    r-- .const:xdc_runtime_Main_Module__id__C
  00000586    00000586    00000002   00000002    r-- .const:xdc_runtime_Memory_Module__id__C
  00000588    00000588    00000002   00000002    r-- .const:xdc_runtime_Text_charCnt__C
  0000058a    0000058a    00000002   00000002    r-- .const:xdc_runtime_Text_isLoaded__C
  0000058c    0000058c    00000001   00000001    r-- .const:xdc_runtime_Error_policy__C
  00000590    00000590    00000004   00000004    r-- .const:ti_sysbios_rom_ROM_AONRTCChannelEnable
  00000594    00000594    00000004   00000004    r-- .const:ti_sysbios_rom_ROM_AONRTCCompareValueSet
  00000598    00000598    00000004   00000004    r-- .const:ti_sysbios_rom_ROM_AONRTCCurrentCompareValueGet
  0000059c    0000059c    00000004   00000004    r-- .const:ti_sysbios_rom_ROM_AONRTCEventClear
  000005a0    000005a0    00000004   00000004    r-- .const:ti_sysbios_rom_ROM_ti_sysbios_family_arm_cc26xx_Timer_getCount64__E
  000005a4    000005a4    00000004   00000004    r-- .const:ti_sysbios_rom_ROM_ti_sysbios_family_arm_cc26xx_Timer_getCurrentTick__E
  000005a8    000005a8    00000004   00000004    r-- .const:ti_sysbios_rom_ROM_ti_sysbios_family_arm_cc26xx_Timer_getMaxTicks__E
  000005ac    000005ac    00000004   00000004    r-- .const:ti_sysbios_rom_ROM_ti_sysbios_family_arm_cc26xx_Timer_initDevice__I
  000005b0    000005b0    00000004   00000004    r-- .const:ti_sysbios_rom_ROM_ti_sysbios_family_arm_cc26xx_Timer_setNextTick__E
  000005b4    000005b4    00000004   00000004    r-- .const:ti_sysbios_rom_ROM_ti_sysbios_family_arm_cc26xx_Timer_setThreshold__I
  000005b8    000005b8    00000004   00000004    r-- .const:ti_sysbios_rom_ROM_ti_sysbios_family_arm_cc26xx_Timer_start__E
  000005bc    000005bc    00000004   00000004    r-- .const:ti_sysbios_rom_ROM_ti_sysbios_family_arm_cc26xx_TimestampProvider_get32__E
  000005c0    000005c0    00000004   00000004    r-- .const:ti_sysbios_rom_ROM_xdc_runtime_Startup_getState__I
  000005c4    000005c4    00000004   00000004    r-- .const:ti_sysbios_rom_ROM_xdc_runtime_System_SupportProxy_abort__E
  000005c8    000005c8    00000004   00000004    r-- .const:ti_sysbios_rom_ROM_xdc_runtime_System_SupportProxy_exit__E
  000005cc    000005cc    00000004   00000004    r-- .const:ti_sysbios_gates_GateMutex_Instance_State_sem__O
  000005d0    000005d0    00000004   00000004    r-- .const:ti_sysbios_knl_Clock_Module_State_clockQ__O
  000005d4    000005d4    00000004   00000004    r-- .const:ti_sysbios_knl_Mailbox_Instance_State_dataQue__O
  000005d8    000005d8    00000004   00000004    r-- .const:ti_sysbios_knl_Mailbox_Instance_State_dataSem__O
  000005dc    000005dc    00000004   00000004    r-- .const:ti_sysbios_knl_Mailbox_Instance_State_freeQue__O
  000005e0    000005e0    00000004   00000004    r-- .const:ti_sysbios_knl_Mailbox_Instance_State_freeSem__O
  000005e4    000005e4    00000004   00000004    r-- .const:ti_sysbios_knl_Semaphore_Instance_State_pendQ__O
  000005e8    000005e8    00000004   00000004    r-- .const:ti_sysbios_knl_Task_Module_State_inactiveQ__O
  000005ec    000005ec    000093a8   000093a8    r-x .text
  00009998    00009998    00001d63   00001d63    r-- .const
  0000b700    0000b700    000003cc   000003cc    r-- .cinit
0001ffa8    0001ffa8    00000058   00000058    r--
  0001ffa8    0001ffa8    00000058   00000058    r-- .ccfg
20000000    20000000    000000c8   00000000    rw-
  20000000    20000000    000000c8   00000000    rw- .vecs
20000100    20000100    00000104   00000000    rw-
  20000100    20000100    00000044   00000000    rw- .data:ti_sysbios_knl_Task_Module__state__V
  20000144    20000144    00000034   00000000    rw- .data:ti_sysbios_family_arm_m3_Hwi_Module__state__V
  20000178    20000178    0000002c   00000000    rw- .data:ti_sysbios_knl_Clock_Module__state__V
  200001a4    200001a4    00000024   00000000    rw- .data:ti_sysbios_BIOS_Module__state__V
  200001c8    200001c8    0000001c   00000000    rw- .data:ti_sysbios_knl_Swi_Module__state__V
  200001e4    200001e4    00000008   00000000    rw- .data:ti_sysbios_family_arm_cc26xx_Timer_Module__state__V
  200001ec    200001ec    00000004   00000000    rw- .data:ti_sysbios_family_arm_cc26xx_TimestampProvider_Module__state__V
  200001f0    200001f0    00000008   00000000    rw- .data:xdc_runtime_Startup_Module__state__V
  200001f8    200001f8    00000008   00000000    rw- .data:xdc_runtime_System_Module__state__V
  20000200    20000200    00000004   00000000    rw- .data:xdc_runtime_Memory_Module__state__V
20000430    20000430    00000010   00000000    rw-
  20000430    20000430    00000010   00000000    rw- .TI.bound:dmaSpi0RxControlTableEntry
20000440    20000440    00000010   00000000    rw-
  20000440    20000440    00000010   00000000    rw- .TI.bound:dmaSpi0TxControlTableEntry
20000500    20000500    00000010   00000000    rw-
  20000500    20000500    00000010   00000000    rw- .TI.bound:dmaSpi1RxControlTableEntry
20000510    20000510    0000271b   00000000    rw-
  20000510    20000510    00000010   00000000    rw- .TI.bound:dmaSpi1TxControlTableEntry
  20000520    20000520    00002396   00000000    rw- .bss
  200028b8    200028b8    00000373   00000000    rw- .data
20004d00    20004d00    00000300   00000000    rw-
  20004d00    20004d00    00000300   00000000    rw- .stack


SECTION ALLOCATION MAP

 output                                  attributes/
section   page    origin      length       input sections
--------  ----  ----------  ----------   ----------------
.text      0    000005ec    000093a8     
                  000005ec    000010f0     rtsv7M3_T_le_eabi.lib : _printfi.obj (.text)
                  000016dc    000009b0                           : e_pow.obj (.text)
                  0000208c    00000578     mpu9250.obj (.text:MPU9250SelfTest)
                  00002604    000004c4     mpu9250.obj (.text:accelgyrocalMPU9250)
                  00002ac8    00000338     rom_sysbios.aem3 : rom_sysbios.obj (.text:xdc_runtime_System_doPrint__I)
                  00002e00    00000324     rtsv7M3_T_le_eabi.lib : trgdrv.obj (.text)
                  00003124    000002ec     main.obj (.text:displayTask)
                  00003410    000002e8     grlib.aem3 : string.oem3 (.text:GrStringDraw)
                  000036f8    00000228     drivers_cc26xxware.aem3 : PowerCC26XX.oem3 (.text:Power_sleep)
                  00003920    00000204     driverlib.lib : sys_ctrl.obj (.text:NOROM_SysCtrlSetRechargeBeforePowerDown)
                  00003b24    000001f6     grlib.aem3 : image.oem3 (.text:GrImageDraw)
                  00003d1a    000001f4     rtsv7M3_T_le_eabi.lib : ull_div_t2.obj (.text)
                  00003f0e    00000002     drivers_cc26xxware.aem3 : SPICC26XXDMA.oem3 (.text:SPICC26XXDMA_serviceISR)
                  00003f10    000001e4     main.obj (.text:sensorFxn)
                  000040f4    000001d0     drivers_cc26xxware.aem3 : PowerCC26XX_calibrateRCOSC.oem3 (.text:calibrateRcoscHf1)
                  000042c4    000001c4                             : PINCC26XX.oem3 (.text:PIN_init)
                  00004488    000001b6     rtsv7M3_T_le_eabi.lib : fd_add_t2.obj (.text)
                  0000463e    00000002     drivers_cc26xxware.aem3 : PowerCC26XX.oem3 (.text:emptyClockFunc)
                  00004640    00000184                             : PowerCC26XX_calibrateRCOSC.oem3 (.text:PowerCC26XX_doCalibrate)
                  000047c4    00000184     rtsv7M3_T_le_eabi.lib : e_sqrt.obj (.text)
                  00004948    00000160     drivers_cc26xxware.aem3 : SPICC26XXDMA.oem3 (.text:SPICC26XXDMA_initIO)
                  00004aa8    0000015c     main.obj (.text:main)
                  00004c04    00000148     drivers_cc26xxware.aem3 : SPICC26XXDMA.oem3 (.text:SPICC26XXDMA_open)
                  00004d4c    00000140     display.aem3 : DisplaySharp.oem3 (.text:DisplaySharp_open)
                  00004e8c    00000136     rtsv7M3_T_le_eabi.lib : fd_div_t2.obj (.text)
                  00004fc2    00000002                           : i_div0.obj (.text)
                  00004fc4    00000130     driverlib.lib : setup.obj (.text:NOROM_SetupAfterColdResetWakeupFromShutDownCfg3)
                  000050f4    0000011c     drivers_cc26xxware.aem3 : PowerCC26XX.oem3 (.text:Power_init)
                  00005210    00000100     lcd.aem3 : SharpGrLib.oem3 (.text:SharpGrLib_flush)
                  00005310    000000fc     rtsv7M3_T_le_eabi.lib : fd_mul_t2.obj (.text)
                  0000540c    000000fa                           : fs_add_t2.obj (.text)
                  00005506    00000002     rom_sysbios.aem3 : rom_sysbios.obj (.text:ti_sysbios_BIOS_linkedWithIncorrectBootLibrary__E)
                  00005508    000000f8     drivers_cc26xxware.aem3 : I2CCC26XX.oem3 (.text:I2CCC26XX_open)
                  00005600    000000f8     mpu9250.obj (.text:mpu9250_get_data)
                  000056f8    000000f8     labra_pem3.oem3 (.text:xdc_runtime_System_printfExtend__I)
                  000057f0    000000ec     drivers_cc26xxware.aem3 : SPICC26XXDMA.oem3 (.text:SPICC26XXDMA_transferCancel)
                  000058dc    000000e8                             : I2CCC26XX.oem3 (.text:I2CCC26XX_hwiFxn)
                  000059c4    000000e8     mpu9250.obj (.text:initMPU9250)
                  00005aac    000000e6     lcd.aem3 : SharpGrLib.oem3 (.text:SharpGrLib_rectFill)
                  00005b92    00000002     labra_pem3.oem3 (.text:ti_sysbios_BIOS_nullFunc__I)
                  00005b94    000000e4     driverlib.lib : setup.obj (.text:NOROM_SetupAfterColdResetWakeupFromShutDownCfg2)
                  00005c78    000000e0     display.aem3 : DisplaySharp.oem3 (.text:DisplaySharp_put5)
                  00005d58    000000d4     drivers_cc26xxware.aem3 : PowerCC26XX.oem3 (.text:Power_releaseDependency)
                  00005e2c    000000d4                             : SPICC26XXDMA.oem3 (.text:SPICC26XXDMA_configDMA)
                  00005f00    000000d0     display.aem3 : DisplaySharp.oem3 (.text:DisplaySharp_control)
                  00005fd0    000000d0     drivers_cc26xxware.aem3 : PowerCC26XX.oem3 (.text:Power_setDependency)
                  000060a0    000000d0     rtsv7M3_T_le_eabi.lib : s_scalbn.obj (.text)
                  00006170    000000cc     driverlib.lib : setup.obj (.text:TrimAfterColdResetWakeupFromShutDown)
                  0000623c    000000c4     drivers_cc26xxware.aem3 : SPICC26XXDMA.oem3 (.text:SPICC26XXDMA_transfer)
                  00006300    000000c2                             : I2CCC26XX.oem3 (.text:I2CCC26XX_transfer)
                  000063c2    00000002     rom_sysbios.aem3 : rom_sysbios.obj (.text:ti_sysbios_knl_Clock_triggerFunc__I)
                  000063c4    000000bc     power_cc26xx_tirtos.aem3 : PowerCC26XX_tirtos.oem3 (.text:PowerCC26XX_standbyPolicy)
                  00006480    000000bc     lcd.aem3 : SharpGrLib.oem3 (.text:SharpGrLib_clearScreen)
                  0000653c    000000b8     drivers_cc26xxware.aem3 : PINCC26XX.oem3 (.text:PINCC26XX_setIoCfg)
                  000065f4    000000aa     lcd.aem3 : SharpGrLib.oem3 (.text:SharpGrLib_lineDrawH)
                  0000669e    00000002     labra_pem3.oem3 (.text:ti_sysbios_rom_cortexm_cc26xx_CC26xx_badRomRevision__E)
                  000066a0    000000a4     driverlib.lib : setup.obj (.text:NOROM_SetupTrimDevice)
                  00006744    000000a2     drivers_cc26xxware.aem3 : SPICC26XXDMA.oem3 (.text:SPICC26XXDMA_hwiFxn)
                  000067e6    00000002     rom_sysbios.aem3 : rom_sysbios.obj (.text:xdc_runtime_SysCallback_defaultAbort)
                  000067e8    000000a0     auto_init.aem3 : auto_init.oem3 (.text)
                  00006888    0000009c     rtsv7M3_T_le_eabi.lib : memcpy_t2.obj (.text)
                  00006924    0000009a     rom_sysbios.aem3 : rom_sysbios.obj (.text:xdc_runtime_Text_putSite__E)
                  000069be    00000002                      : rom_sysbios.obj (.text:xdc_runtime_SysCallback_defaultExit)
                  000069c0    00000098                      : rom_sysbios.obj (.text:ti_sysbios_knl_Clock_workFuncDynamic__E)
                  00006a58    00000094     drivers_cc26xxware.aem3 : PINCC26XX.oem3 (.text:PIN_open)
                  00006aec    00000094     rom_sysbios.aem3 : rom_sysbios.obj (.text:xdc_runtime_Text_putMod__E)
                  00006b80    00000092     rtsv7M3_T_le_eabi.lib : fs_div_t2.obj (.text)
                  00006c12    00000002     --HOLE-- [fill = 0]
                  00006c14    00000090     drivers_cc26xxware.aem3 : I2CCC26XX.oem3 (.text:I2CCC26XX_cancel)
                  00006ca4    00000090     mpu9250.obj (.text:mpu9250_setup)
                  00006d34    00000090     drivers_cc26xxware.aem3 : PowerCC26XX.oem3 (.text:switchXOSCHFclockFunc)
                  00006dc4    0000008c                             : I2CCC26XX.oem3 (.text:I2CCC26XX_primeTransfer)
                  00006e50    0000008c                             : SPICC26XXDMA.oem3 (.text:SPICC26XXDMA_control)
                  00006edc    00000088     grlib.aem3 : rectangle.oem3 (.text:GrRectFill)
                  00006f64    00000086     rtsv7M3_T_le_eabi.lib : fd_cmp_t2.obj (.text:__aeabi_cdcmple)
                  00006fea    00000086                           : fd_cmp_t2.obj (.text:__aeabi_cdrcmple)
                  00007070    00000080     mpu9250.obj (.text:writeByte)
                  000070f0    0000007c     drivers_cc26xxware.aem3 : PowerCC26XX.oem3 (.text:disableLFClockQualifiers)
                  0000716c    0000007c     mpu9250.obj (.text:readByte)
                  000071e8    0000007a     rtsv7M3_T_le_eabi.lib : fs_mul_t2.obj (.text)
                  00007262    0000007a                           : memset_t2.obj (.text)
                  000072dc    00000078     driverlib.lib : setup.obj (.text:NOROM_SetupAfterColdResetWakeupFromShutDownCfg1)
                  00007354    00000074     drivers_cc26xxware.aem3 : PowerCC26XX_calibrateRCOSC.oem3 (.text:PowerCC26XX_auxISR)
                  000073c8    00000074                             : PowerCC26XX_calibrateRCOSC.oem3 (.text:calibrateRcoscHf2)
                  0000743c    00000070     driverlib.lib : chipinfo.obj (.text:NOROM_ChipInfo_GetHwRevision)
                  000074ac    0000006e     rtsv7M3_T_le_eabi.lib : fd_tos_t2.obj (.text)
                  0000751a    00000002     --HOLE-- [fill = 0]
                  0000751c    0000006d     rom_sysbios.aem3 : rom_sysbios.obj (.text:xdc_runtime_System_formatNum__I)
                  00007589    00000003     --HOLE-- [fill = 0]
                  0000758c    0000006c     driverlib.lib : setup.obj (.text:NOROM_SetupGetTrimForAmpcompCtrl)
                  000075f8    0000006c     drivers_cc26xxware.aem3 : PINCC26XX.oem3 (.text:PIN_add)
                  00007664    0000006c                             : PowerCC26XX.oem3 (.text:PowerCC26XX_calibrate)
                  000076d0    0000006a     rtsv7M3_T_le_eabi.lib : copy_decompress_rle.obj (.text)
                  0000773a    00000002     --HOLE-- [fill = 0]
                  0000773c    00000068     driverlib.lib : setup.obj (.text:NOROM_SetupGetTrimForAnabypassValue1)
                  000077a4    00000068                   : sys_ctrl.obj (.text:NOROM_SysCtrl_DCDC_VoltageConditionalControl)
                  0000780c    00000068     rtsv7M3_T_le_eabi.lib : trgmsg.obj (.text)
                  00007874    00000064     drivers_cc26xxware.aem3 : I2CCC26XX.oem3 (.text:I2CCC26XX_close)
                  000078d8    00000064                             : I2CCC26XX.oem3 (.text:I2CCC26XX_initIO)
                  0000793c    00000064     rom_sysbios.aem3 : rom_sysbios.obj (.text:ti_sysbios_family_arm_cc26xx_Timer_start__E)
                  000079a0    00000060     display.aem3 : DisplaySharp.oem3 (.text:DisplaySharp_clearLines)
                  00007a00    00000060     drivers_cc26xxware.aem3 : PowerCC26XX_calibrateRCOSC.oem3 (.text:PowerCC26XX_RCOSC_clockFunc)
                  00007a60    00000060                             : SPICC26XXDMA.oem3 (.text:SPICC26XXDMA_initHw)
                  00007ac0    00000060     rtsv7M3_T_le_eabi.lib : fs_cmp_t2.obj (.text:__aeabi_cfcmple)
                  00007b20    00000060                           : fs_cmp_t2.obj (.text:__aeabi_cfrcmple)
                  00007b80    00000060                           : sprintf.obj (.text)
                  00007be0    00000060     drivers_cc26xxware.aem3 : PowerCC26XX_calibrateRCOSC.oem3 (.text:updateSubSecInc)
                  00007c40    0000005c     driverlib.lib : osc.obj (.text:NOROM_OSCHF_AttemptToSwitchToXosc)
                  00007c9c    0000005c                   : sys_ctrl.obj (.text:NOROM_SysCtrlAdjustRechargeAfterPowerDown)
                  00007cf8    0000005c     drivers_cc26xxware.aem3 : PINCC26XX.oem3 (.text:PIN_remove)
                  00007d54    0000005c                             : UDMACC26XX.oem3 (.text:UDMACC26XX_open)
                  00007db0    0000005c     rtsv7M3_T_le_eabi.lib : s_frexp.obj (.text)
                  00007e0c    0000005c     labra_pem3.oem3 (.text:xdc_runtime_Startup_getState__I)
                  00007e68    0000005b     rom_sysbios.aem3 : rom_sysbios.obj (.text:xdc_runtime_Text_putLab__E)
                  00007ec3    00000001     --HOLE-- [fill = 0]
                  00007ec4    0000005a     drivers_cc26xxware.aem3 : SPICC26XXDMA.oem3 (.text:SPICC26XXDMA_close)
                  00007f1e    00000058                             : I2CCC26XX.oem3 (.text:I2CCC26XX_swiFxn)
                  00007f76    00000002     --HOLE-- [fill = 0]
                  00007f78    00000058                             : PowerCC26XX_calibrateRCOSC.oem3 (.text:PowerCC26XX_initiateCalibration)
                  00007fd0    00000058     lcd.aem3 : SharpGrLib.oem3 (.text:SharpGrLib_lineDrawV)
                  00008028    00000056     rtsv7M3_T_le_eabi.lib : ltoa.obj (.text)
                  0000807e    00000002     --HOLE-- [fill = 0]
                  00008080    00000054     drivers_cc26xxware.aem3 : PowerCC26XX.oem3 (.text:configureXOSCHF)
                  000080d4    00000054     mpu9250.obj (.text:getAres)
                  00008128    00000054     mpu9250.obj (.text:getGres)
                  0000817c    00000052     drivers_cc26xxware.aem3 : SPICC26XXDMA.oem3 (.text:SPICC26XXDMA_swiFxn)
                  000081ce    00000002     --HOLE-- [fill = 0]
                  000081d0    00000050     driverlib.lib : setup.obj (.text:NOROM_SetupSetCacheModeAccordingToCcfgSetting)
                  00008220    0000004e     grlib.aem3 : line.oem3 (.text:GrLineDrawH)
                  0000826e    00000002     --HOLE-- [fill = 0]
                  00008270    0000004c     driverlib.lib : osc.obj (.text:NOROM_OSCClockSourceSet)
                  000082bc    0000004c     main.obj (.text:clkFxn)
                  00008308    0000004c     rtsv7M3_T_le_eabi.lib : atoi.obj (.text)
                  00008354    0000004c                           : cpy_tbl.obj (.text)
                  000083a0    0000004a     display.aem3 : DisplaySharp.oem3 (.text:DisplaySharp_close)
                  000083ea    0000004a     lcd.aem3 : SharpGrLib.oem3 (.text:SharpGrLib_drawMultiple)
                  00008434    00000048     display.aem3 : Display.oem3 (.text:Display_doOpen)
                  0000847c    00000048     drivers_cc26xxware.aem3 : I2CCC26XX.oem3 (.text:I2CCC26XX_initHw)
                  000084c4    00000048     driverlib.lib : chipinfo.obj (.text:NOROM_ChipInfo_GetChipFamily)
                  0000850c    00000048                   : ddi.obj (.text:NOROM_DDI16BitfieldWrite)
                  00008554    00000048     drivers_cc26xxware.aem3 : PINCC26XX.oem3 (.text:PIN_swi)
                  0000859c    00000048                             : PowerCC26XX.oem3 (.text:notify)
                  000085e4    00000048     rtsv7M3_T_le_eabi.lib : fd_toi_t2.obj (.text)
                  0000862c    00000044     boot.aem3 : boot.oem3 (.text)
                  00008670    00000044     rom_sysbios.aem3 : rom_sysbios.obj (.text:xdc_runtime_SysMin_flush__E)
                  000086b4    00000044                      : rom_sysbios.obj (.text:xdc_runtime_Text_xprintf__I)
                  000086f8    00000042     lcd.aem3 : SharpGrLib.oem3 (.text:SharpGrLib_pixelDraw)
                  0000873a    00000002     --HOLE-- [fill = 0]
                  0000873c    00000040     grlib.aem3 : image.oem3 (.text:GrPaletteConversion)
                  0000877c    00000040     driverlib.lib : ddi.obj (.text:NOROM_DDI16BitfieldRead)
                  000087bc    00000040     rtsv7M3_T_le_eabi.lib : u_divt2.obj (.text)
                  000087fc    0000003c     driverlib.lib : osc.obj (.text:NOROM_OSC_HPOSCRelativeFrequencyOffsetGet)
                  00008838    0000003c     drivers_cc26xxware.aem3 : PINCC26XX.oem3 (.text:PINCC26XX_getConfig)
                  00008874    0000003c                             : PINCC26XX.oem3 (.text:PIN_setOutputValue)
                  000088b0    0000003c                             : SPICC26XXDMA.oem3 (.text:SPICC26XXDMA_csnCallback)
                  000088ec    00000038                             : I2C.oem3 (.text:I2C_init)
                  00008924    00000038                             : PINCC26XX.oem3 (.text:PIN_setInterrupt)
                  0000895c    00000038     rtsv7M3_T_le_eabi.lib : fs_tod_t2.obj (.text)
                  00008994    00000038                           : i_tofs_t2.obj (.text)
                  000089cc    00000038     rom_sysbios.aem3 : rom_sysbios.obj (.text:ti_sysbios_family_arm_cc26xx_Timer_getCurrentTick__E)
                  00008a04    00000038                      : rom_sysbios.obj (.text:xdc_runtime_SysMin_putch__E)
                  00008a3c    00000036     drivers_cc26xxware.aem3 : UDMACC26XX.oem3 (.text:UDMACC26XX_close)
                  00008a72    00000002     --HOLE-- [fill = 0]
                  00008a74    00000034     driverlib.lib : osc.obj (.text:NOROM_OSCHF_SwitchToRcOscTurnOffXosc)
                  00008aa8    00000034     drivers_cc26xxware.aem3 : PINCC26XX.oem3 (.text:PIN_setConfig)
                  00008adc    00000032     display.aem3 : DisplaySharp.oem3 (.text:DisplaySharp_clear)
                  00008b0e    00000032     rom_sysbios.aem3 : rom_sysbios.obj (.text:ti_sysbios_family_arm_cc26xx_Timer_setNextTick__E)
                  00008b40    00000030     drivers_cc26xxware.aem3 : I2C.oem3 (.text:I2C_open)
                  00008b70    00000030     driverlib.lib : setup.obj (.text:NOROM_SetupSetAonRtcSubSecInc)
                  00008ba0    00000030     drivers_cc26xxware.aem3 : PowerCC26XX.oem3 (.text:Power_releaseConstraint)
                  00008bd0    00000030                             : PowerCC26XX.oem3 (.text:Power_setConstraint)
                  00008c00    00000030                             : SPI.oem3 (.text:SPI_open)
                  00008c30    00000030     labra_pem3.oem3 (.text:ti_sysbios_BIOS_atExitFunc__I)
                  00008c60    00000030     labra_pem3.oem3 (.text:ti_sysbios_BIOS_startFunc__I)
                  00008c90    00000030     rom_sysbios.aem3 : rom_sysbios.obj (.text:ti_sysbios_family_arm_cc26xx_Timer_initDevice__I)
                  00008cc0    00000030                      : rom_sysbios.obj (.text:ti_sysbios_family_arm_cc26xx_Timer_setThreshold__I)
                  00008cf0    00000030                      : rom_sysbios.obj (.text:xdc_runtime_SysMin_abort__E)
                  00008d20    0000002f                      : rom_sysbios.obj (.text:xdc_runtime_Text_printVisFxn__I)
                  00008d4f    00000001     --HOLE-- [fill = 0]
                  00008d50    0000002e     lcd.aem3 : SharpGrLib.oem3 (.text:SharpGrLib_initializeDisplayBuffer)
                  00008d7e    0000002e     rtsv7M3_T_le_eabi.lib : i_tofd_t2.obj (.text)
                  00008dac    0000002c     driverlib.lib : ddi.obj (.text:NOROM_DDI32RegWrite)
                  00008dd8    0000002c                   : setup.obj (.text:NOROM_SetupGetTrimForRadcExtCfg)
                  00008e04    0000002c     drivers_cc26xxware.aem3 : PINCC26XX.oem3 (.text:PINCC26XX_setMux)
                  00008e30    0000002c     lcd.aem3 : SharpGrLib.oem3 (.text:SharpGrLib_init)
                  00008e5c    0000002c     rom_sysbios.aem3 : rom_sysbios.obj (.text:ti_sysbios_knl_Clock_getTicksUntilInterrupt__E)
                  00008e88    0000002a                      : rom_sysbios.obj (.text:xdc_runtime_System_putchar__I)
                  00008eb2    00000002     --HOLE-- [fill = 0]
                  00008eb4    00000028     driverlib.lib : aon_batmon.obj (.text:NOROM_AONBatMonTemperatureGetDegC)
                  00008edc    00000028     drivers_cc26xxware.aem3 : PowerCC26XX.oem3 (.text:Power_registerNotify)
                  00008f04    00000028                             : SPICC26XXDMA.oem3 (.text:SPICC26XXDMA_flushFifos)
                  00008f2c    00000028     driverlib.lib : adi.obj (.text:SafeHapiVoid)
                  00008f54    00000028     rom_sysbios.aem3 : rom_sysbios.obj (.text:ti_sysbios_family_arm_cc26xx_Timer_getMaxTicks__E)
                  00008f7c    00000026     display.aem3 : Display.oem3 (.text:Display_doPut5)
                  00008fa2    00000026     drivers_cc26xxware.aem3 : List.oem3 (.text:List_put)
                  00008fc8    00000024                             : PINCC26XX.oem3 (.text:PINCC26XX_getPinCount)
                  00008fec    00000024     mpu9250.obj (.text:delay)
                  00009010    00000024     drivers_cc26xxware.aem3 : PowerCC26XX_calibrateRCOSC.oem3 (.text:getTdcSemaphore)
                  00009034    00000024     rtsv7M3_T_le_eabi.lib : u_tofs_t2.obj (.text)
                  00009058    00000024     labra_pem3.oem3 (.text:ti_sysbios_BIOS_registerRTSLock__I)
                  0000907c    00000024     labra_pem3.oem3 (.text:ti_sysbios_BIOS_removeRTSLock__I)
                  000090a0    00000024     rom_sysbios.aem3 : rom_sysbios.obj (.text:xdc_runtime_System_vprintf__E)
                  000090c4    00000022     grlib.aem3 : context.oem3 (.text:GrContextInit)
                  000090e6    00000022     labra_pem3.oem3 (.text:xdc_runtime_SysMin_output__I)
                  00009108    00000020     driverlib.lib : setup.obj (.text:NOROM_SetupGetTrimForXoscHfCtl)
                  00009128    00000020     drivers_cc26xxware.aem3 : PowerCC26XX.oem3 (.text:Power_unregisterNotify)
                  00009148    00000020     rtsv7M3_T_le_eabi.lib : u_tofd_t2.obj (.text)
                  00009168    00000020     labra_pem3.oem3 (.text:ti_sysbios_BIOS_rtsLock__I)
                  00009188    00000020     rom_sysbios.aem3 : rom_sysbios.obj (.text:ti_sysbios_knl_Clock_stop__E)
                  000091a8    00000020                      : rom_sysbios.obj (.text:xdc_runtime_Registry_findById__E)
                  000091c8    00000020                      : rom_sysbios.obj (.text:xdc_runtime_SysMin_Module_startup__E)
                  000091e8    0000001e     drivers_cc26xxware.aem3 : PINCC26XX.oem3 (.text:PIN_close)
                  00009206    0000001e                             : PowerCC26XX.oem3 (.text:Power_getTransitionLatency)
                  00009224    0000001c     driverlib.lib : osc.obj (.text:NOROM_OSCClockSourceGet)
                  00009240    0000001c                   : setup.obj (.text:NOROM_SetupGetTrimForAmpcompTh2)
                  0000925c    0000001c                   : setup.obj (.text:NOROM_SetupGetTrimForRcOscLfRtuneCtuneTrim)
                  00009278    0000001c     drivers_cc26xxware.aem3 : PINCC26XX.oem3 (.text:PINCC26XX_setIoCfgMux)
                  00009294    0000001c                             : PINCC26XX.oem3 (.text:PIN_hwi)
                  000092b0    0000001c                             : UDMACC26XX.oem3 (.text:UDMACC26XX_initHw)
                  000092cc    0000001c     rom_sysbios.aem3 : rom_sysbios.obj (.text:ti_sysbios_family_arm_cc26xx_Timer_dynamicStub__E)
                  000092e8    0000001c                      : rom_sysbios.obj (.text:xdc_runtime_SysMin_exit__E)
                  00009304    0000001a     drivers_cc26xxware.aem3 : List.oem3 (.text:List_remove)
                  0000931e    0000001a     grlib.aem3 : string.oem3 (.text:NumLeadingZeros)
                  00009338    0000001a     rtsv7M3_T_le_eabi.lib : memccpy.obj (.text)
                  00009352    0000001a     rom_sysbios.aem3 : rom_sysbios_config.obj (.text:xdc_runtime_System_printf__E)
                  0000936c    0000001a                      : rom_sysbios_config.obj (.text:xdc_runtime_System_snprintf__E)
                  00009386    00000018     display.aem3 : DisplayExt.oem3 (.text:DisplayExt_doGetGrlibContext)
                  0000939e    00000002     --HOLE-- [fill = 0]
                  000093a0    00000018     driverlib.lib : aon_rtc.obj (.text:NOROM_AONRTCCurrentCompareValueGet)
                  000093b8    00000018                   : chipinfo.obj (.text:NOROM_ChipInfo_GetPackageType)
                  000093d0    00000018                   : osc.obj (.text:NOROM_OSCHF_TurnOnXosc)
                  000093e8    00000018                   : setup.obj (.text:NOROM_SetupGetTrimForAdcShModeEn)
                  00009400    00000018                   : setup.obj (.text:NOROM_SetupGetTrimForAdcShVbufEn)
                  00009418    00000018                   : setup.obj (.text:NOROM_SetupGetTrimForAmpcompTh1)
                  00009430    00000018                   : setup.obj (.text:NOROM_SetupGetTrimForDblrLoopFilterResetVoltage)
                  00009448    00000018                   : setup.obj (.text:NOROM_SetupGetTrimForRcOscLfIBiasTrim)
                  00009460    00000018                   : setup.obj (.text:NOROM_SetupGetTrimForXoscLfRegulatorAndCmirrwrRatio)
                  00009478    00000018     drivers_cc26xxware.aem3 : PINCC26XX.oem3 (.text:PIN_getConfig)
                  00009490    00000018                             : PowerCC26XX.oem3 (.text:Power_idleFunc)
                  000094a8    00000018                             : PowerCC26XX.oem3 (.text:configureRFCoreClocks)
                  000094c0    00000018     lcd.aem3 : SharpGrLib.oem3 (.text:reverse)
                  000094d8    00000018     rtsv7M3_T_le_eabi.lib : args_main.obj (.text)
                  000094f0    00000018                           : ll_mul_t2.obj (.text)
                  00009508    00000018     labra_pem3.oem3 (.text:ti_sysbios_BIOS_rtsUnlock__I)
                  00009520    00000018     rom_sysbios.aem3 : rom_sysbios.obj (.text:ti_sysbios_knl_Swi_or__E)
                  00009538    00000018     labra_pem3.oem3 (.text:ti_sysbios_rom_cortexm_cc26xx_CC26xx_checkRevision__E)
                  00009550    00000016     rtsv7M3_T_le_eabi.lib : strchr.obj (.text)
                  00009566    00000016                           : strcpy.obj (.text)
                  0000957c    00000016     labra_pem3.oem3 (.text:ti_sysbios_BIOS_exitFunc__I)
                  00009592    00000016     main.obj (.text:ti_sysbios_knl_Clock_Params_init)
                  000095a8    00000016     main.obj (.text:ti_sysbios_knl_Task_Params_init)
                  000095be    00000002     --HOLE-- [fill = 0]
                  000095c0    00000014     driverlib.lib : aon_rtc.obj (.text:NOROM_AONRTCCurrent64BitValueGet)
                  000095d4    00000014                   : chipinfo.obj (.text:NOROM_ThisCodeIsBuiltForCC26xxHwRev22AndLater_HaltIfViolated)
                  000095e8    00000014     drivers_cc26xxware.aem3 : SPI.oem3 (.text:SPI_Params_init)
                  000095fc    00000014     rtsv7M3_T_le_eabi.lib : _lock.obj (.text)
                  00009610    00000014                           : strlen.obj (.text)
                  00009624    00000014     labra_pem3.oem3 (.text:ti_sysbios_knl_Clock_doTick__I)
                  00009638    00000012     labra_pem3.oem3 (.text:xdc_runtime_Startup_exec__I)
                  0000964a    00000002     --HOLE-- [fill = 0]
                  0000964c    00000010     drivers_cc26xxware.aem3 : I2C.oem3 (.text:I2C_Params_init)
                  0000965c    00000010     driverlib.lib : setup.obj (.text:NOROM_SetupGetTrimForXoscHfFastStart)
                  0000966c    00000010                   : setup.obj (.text:NOROM_SetupGetTrimForXoscHfIbiastherm)
                  0000967c    00000010     drivers_cc26xxware.aem3 : I2CCC26XX.oem3 (.text:i2cPostNotify)
                  0000968c    00000010     rom_sysbios.aem3 : rom_sysbios.obj (.text:xdc_runtime_SysMin_ready__E)
                  0000969c    00000010                      : rom_sysbios.obj (.text:xdc_runtime_System_vsnprintf__E)
                  000096ac    0000000e     driverlib.lib : setup.obj (.text:NOROM_SetupSignExtendVddrTrimValue)
                  000096ba    0000000e                   : vims.obj (.text:NOROM_VIMSModeGet)
                  000096c8    0000000e     drivers_cc26xxware.aem3 : SPICC26XXDMA.oem3 (.text:SPICC26XXDMA_init)
                  000096d6    0000000e     rtsv7M3_T_le_eabi.lib : copy_decompress_none.obj (.text:decompress:none)
                  000096e4    0000000e     rom_sysbios.aem3 : rom_sysbios.obj (.text:ti_sysbios_family_arm_cc26xx_TimestampProvider_get32__E)
                  000096f2    0000000c     driverlib.lib : cpu.obj (.text:NOROM_CPUcpsid)
                  000096fe    0000000c                   : cpu.obj (.text:NOROM_CPUcpsie)
                  0000970a    0000000c     drivers_cc26xxware.aem3 : PINCC26XX.oem3 (.text:PIN_registerIntCb)
                  00009716    00000002     --HOLE-- [fill = 0]
                  00009718    0000000c                             : PowerCC26XX.oem3 (.text:Power_getConstraintMask)
                  00009724    0000000c                             : PowerCC26XX.oem3 (.text:Power_getDependencyCount)
                  00009730    0000000c                             : SPICC26XXDMA.oem3 (.text:spiPostNotify)
                  0000973c    0000000c     rom_sysbios.aem3 : rom_sysbios.obj (.text:ti_sysbios_knl_Swi_getTrigger__E)
                  00009748    0000000c     labra_pem3.oem3 (.text:xdc_runtime_Startup_reset__I)
                  00009754    0000000c     rom_sysbios.aem3 : rom_sysbios.obj (.text:xdc_runtime_Startup_rtsDone__E)
                  00009760    0000000a     drivers_cc26xxware.aem3 : I2CCC26XX.oem3 (.text:I2CCC26XX_init)
                  0000976a    0000000a                             : I2C.oem3 (.text:I2C_close)
                  00009774    0000000a                             : I2C.oem3 (.text:I2C_transfer)
                  0000977e    0000000a                             : List.oem3 (.text:List_empty)
                  00009788    0000000a                             : SPI.oem3 (.text:SPI_close)
                  00009792    0000000a                             : SPI.oem3 (.text:SPI_transfer)
                  0000979c    0000000a     lcd.aem3 : SharpGrLib.oem3 (.text:SharpGrLib_colorTranslate)
                  000097a6    0000000a     drivers_cc26xxware.aem3 : UDMACC26XX.oem3 (.text:UDMACC26XX_hwiIntFxn)
                  000097b0    00000008     display.aem3 : DisplaySharp.oem3 (.text:DisplaySharp_getType)
                  000097b8    00000008     drivers_cc26xxware.aem3 : I2CCC26XX.oem3 (.text:I2CCC26XX_blockingCallback)
                  000097c0    00000008                             : SPICC26XXDMA.oem3 (.text:SPICC26XXDMA_transferCallback)
                  000097c8    00000008     rtsv7M3_T_le_eabi.lib : s_copysign.obj (.text)
                  000097d0    00000008     labra_pem3.oem3 (.text:xdc_runtime_Text_visitRope__I)
                  000097d8    00000006     display.aem3 : Display.oem3 (.text:Display_doParamsInit)
                  000097de    00000006     drivers_cc26xxware.aem3 : I2CCC26XX.oem3 (.text:I2CCC26XX_control)
                  000097e4    00000006     driverlib.lib : cpu.obj (.text:NOROM_CPUdelay)
                  000097ea    00000006     rtsv7M3_T_le_eabi.lib : copy_decompress_rle.obj (.text:decompress:rle24)
                  000097f0    00000004     tirtosport.aem3 : HwiP_tirtos.oem3 (.text:HwiP_disable)
                  000097f4    00000004     drivers_cc26xxware.aem3 : List.oem3 (.text:List_head)
                  000097f8    00000004                             : List.oem3 (.text:List_next)
                  000097fc    00000004                             : PowerCC26XX.oem3 (.text:nopResourceHandler)
                  00009800    00000004     rom_sysbios.aem3 : rom_sysbios.obj (.text:ti_sysbios_family_arm_cc26xx_Timer_getCount64__E)
                  00009804    00000004                      : rom_sysbios.obj (.text:xdc_runtime_System_printf_va__F)
                  00009808    00000004                      : rom_sysbios.obj (.text:xdc_runtime_System_snprintf_va__F)
                  0000980c    00000008     (.tramp.xdc_runtime_Startup_startMods__I.1)
                  00009814    00000008     (.tramp.ti_sysbios_knl_Clock_logTick__E.1)
                  0000981c    00000008     (.tramp.ti_sysbios_knl_Task_Params__init__S.1)
                  00009824    00000008     (.tramp.ti_sysbios_BIOS_RtsGateProxy_leave__E.1)
                  0000982c    00000008     (.tramp.ti_sysbios_BIOS_RtsGateProxy_enter__E.1)
                  00009834    00000008     (.tramp.ti_sysbios_knl_Task_startup__E.1)
                  0000983c    00000008     (.tramp.ti_sysbios_knl_Swi_startup__E.1)
                  00009844    00000008     (.tramp.ti_sysbios_hal_Hwi_startup__E.1)
                  0000984c    00000008     (.tramp.ti_sysbios_family_arm_cc26xx_Timer_startup__E.1)
                  00009854    00000008     (.tramp.xdc_runtime_System_atexit__E.1)
                  0000985c    00000008     (.tramp.ti_sysbios_BIOS_setThreadType__E.1)
                  00009864    00000008     (.tramp.xdc_runtime_Gate_leaveSystem__E.1)
                  0000986c    00000008     (.tramp.xdc_runtime_Gate_enterSystem__E.1)
                  00009874    00000008     (.tramp.xdc_runtime_System_exit__E.1)
                  0000987c    00000008     (.tramp.ti_sysbios_knl_Clock_getTicks__E.1)
                  00009884    00000008     (.tramp.ti_sysbios_BIOS_getCpuFreq__E.1)
                  0000988c    00000008     (.tramp.ti_sysbios_knl_Semaphore_destruct.1)
                  00009894    00000008     (.tramp.ti_sysbios_knl_Swi_destruct.1)
                  0000989c    00000008     (.tramp.ti_sysbios_family_arm_m3_Hwi_destruct.1)
                  000098a4    00000008     (.tramp.ti_sysbios_knl_Clock_scheduleNextTick__E.1)
                  000098ac    00000008     (.tramp.ti_sysbios_knl_Clock_walkQueueDynamic__E.1)
                  000098b4    00000008     (.tramp.ti_sysbios_knl_Clock_TimerProxy_getCurrentTick__E.1)
                  000098bc    00000008     (.tramp.ti_sysbios_family_arm_m3_Hwi_enableInterrupt__E.1)
                  000098c4    00000008     (.tramp.ti_sysbios_family_arm_m3_Hwi_disableInterrupt__E.1)
                  000098cc    00000008     (.tramp.ti_sysbios_knl_Swi_post__E.1)
                  000098d4    00000008     (.tramp.ti_sysbios_knl_Clock_setTimeout__E.1)
                  000098dc    00000008     (.tramp.ti_sysbios_knl_Clock_construct.1)
                  000098e4    00000008     (.tramp.ti_sysbios_knl_Clock_Params__init__S.1)
                  000098ec    00000008     (.tramp.ti_sysbios_knl_Semaphore_post__E.1)
                  000098f4    00000008     (.tramp.ti_sysbios_knl_Semaphore_pend__E.1)
                  000098fc    00000008     (.tramp.ti_sysbios_family_arm_m3_Hwi_restoreFxn__E.1)
                  00009904    00000008     (.tramp.ti_sysbios_family_arm_m3_Hwi_disableFxn__E.1)
                  0000990c    00000008     (.tramp.ti_sysbios_BIOS_start__E.1)
                  00009914    00000008     (.tramp.ti_sysbios_knl_Clock_create.1)
                  0000991c    00000008     (.tramp.ti_sysbios_knl_Task_create.1)
                  00009924    00000008     (.tramp.ti_sysbios_knl_Clock_start__E.1)
                  0000992c    00000008     (.tramp.xdc_runtime_System_abortSpin__E.1)
                  00009934    00000008     (.tramp.ti_sysbios_knl_Swi_construct.1)
                  0000993c    00000008     (.tramp.ti_sysbios_knl_Swi_Params__init__S.1)
                  00009944    00000008     (.tramp.ti_sysbios_family_arm_m3_Hwi_construct.1)
                  0000994c    00000008     (.tramp.ti_sysbios_family_arm_m3_Hwi_Params__init__S.1)
                  00009954    00000008     (.tramp.ti_sysbios_knl_Semaphore_construct.1)
                  0000995c    00000008     (.tramp.ti_sysbios_knl_Semaphore_Params__init__S.1)
                  00009964    00000008     (.tramp.xdc_runtime_System_abort__E.1)
                  0000996c    00000008     (.tramp.ti_sysbios_knl_Task_restore__E.1)
                  00009974    00000008     (.tramp.ti_sysbios_knl_Swi_restore__E.1)
                  0000997c    00000008     (.tramp.ti_sysbios_knl_Swi_disable__E.1)
                  00009984    00000008     (.tramp.ti_sysbios_knl_Task_disable__E.1)
                  0000998c    00000008     (.tramp.ti_sysbios_knl_Task_sleep__E.1)

.const     0    00009998    00001d63     
                  00009998    00000480     splash_image.obj (.const:.string:downData)
                  00009e18    00000480     splash_image.obj (.const:.string:leftData)
                  0000a298    00000480     splash_image.obj (.const:.string:rightData)
                  0000a718    000003c0     splash_image.obj (.const:.string:otitData)
                  0000aad8    0000039c     splash_image.obj (.const:.string:upData)
                  0000ae74    000002f8     grlib.aem3 : fontfixed6x8.oem3 (.const:.string:g_pucFontFixed6x8Data)
                  0000b16c    00000101     rtsv7M3_T_le_eabi.lib : ctype.obj (.const:.string:_ctypes_)
                  0000b26d    00000002     main.obj (.const:i2cMPUCfg)
                  0000b26f    00000001     display.aem3 : Display.oem3 (.const)
                  0000b270    000000c8     grlib.aem3 : fontfixed6x8.oem3 (.const:g_sFontFixed6x8)
                  0000b338    00000068     CC2650STK.obj (.const:BoardGpioInitTable)
                  0000b3a0    00000054     drivers_cc26xxware.aem3 : SPICC26XXDMA.oem3 (.const)
                  0000b3f4    0000004c                             : PowerCC26XX.oem3 (.const:resourceDB)
                  0000b440    00000048     labra_pem3.oem3 (.const:.string)
                  0000b488    00000038     CC2650STK.obj (.const:spiCC26XXDMAHWAttrs)
                  0000b4c0    00000030     rtsv7M3_T_le_eabi.lib : e_pow.obj (.const:$O1$$)
                  0000b4f0    00000028     labra_pem3.oem3 (.const:xdc_runtime_Startup_sfxnTab__A)
                  0000b518    00000024     CC2650STK.obj (.const:SPI_config)
                  0000b53c    00000024     display.aem3 : DisplaySharp.oem3 (.const)
                  0000b560    00000020     drivers_cc26xxware.aem3 : I2CCC26XX.oem3 (.const)
                  0000b580    00000020                             : SPI.oem3 (.const)
                  0000b5a0    00000020     lcd.aem3 : SharpGrLib.oem3 (.const)
                  0000b5c0    00000018     CC2650STK.obj (.const:Display_config)
                  0000b5d8    00000018     CC2650STK.obj (.const:I2C_config)
                  0000b5f0    00000018     CC2650STK.obj (.const:i2cCC26xxHWAttrs)
                  0000b608    00000014     labra_pem3.oem3 (.const:xdc_runtime_Startup_sfxnRts__A)
                  0000b61c    00000010     lcd.aem3 : SharpGrLib.oem3 (.const:.string)
                  0000b62c    00000010     CC2650STK.obj (.const:PowerCC26XX_config)
                  0000b63c    00000010     CC2650STK.obj (.const:UDMACC26XX_config)
                  0000b64c    00000010     CC2650STK.obj (.const:displaySharpHWattrs)
                  0000b65c    00000010     splash_image.obj (.const:downImage)
                  0000b66c    00000010     drivers_cc26xxware.aem3 : I2C.oem3 (.const)
                  0000b67c    00000010     splash_image.obj (.const:leftImage)
                  0000b68c    00000010     splash_image.obj (.const:otitImage)
                  0000b69c    00000010     splash_image.obj (.const:rightImage)
                  0000b6ac    00000010     splash_image.obj (.const:upImage)
                  0000b6bc    0000000c     labra_pem3.oem3 (.const:xdc_runtime_Startup_firstFxns__A)
                  0000b6c8    00000008     CC2650STK.obj (.const:PINCC26XX_hwAttrs)
                  0000b6d0    00000008     CC2650STK.obj (.const:udmaHWAttrs)
                  0000b6d8    00000004     labra_pem3.oem3 (.const:ti_sysbios_knl_Clock_tickPeriod__C)
                  0000b6dc    00000004     labra_pem3.oem3 (.const:ti_sysbios_knl_Clock_triggerClock__C)
                  0000b6e0    00000004     labra_pem3.oem3 (.const:ti_sysbios_knl_Idle_funcList__A)
                  0000b6e4    00000004     labra_pem3.oem3 (.const:xdc_runtime_SysMin_bufSize__C)
                  0000b6e8    00000004     labra_pem3.oem3 (.const:xdc_runtime_SysMin_outputFunc__C)
                  0000b6ec    00000004     labra_pem3.oem3 (.const:xdc_runtime_System_extendFxn__C)
                  0000b6f0    00000004     labra_pem3.oem3 (.const:xdc_runtime_Text_visitRopeFxn__C)
                  0000b6f4    00000002     labra_pem3.oem3 (.const:xdc_runtime_SysMin_flushAtExit__C)
                  0000b6f6    00000002     labra_pem3.oem3 (.const:xdc_runtime_Text_registryModsLastId__C)
                  0000b6f8    00000002     labra_pem3.oem3 (.const:xdc_runtime_Text_unnamedModsLastId__C)
                  0000b6fa    00000001     labra_pem3.oem3 (.const:xdc_runtime_Text_charTab__A)

.cinit     0    0000b700    000003cc     
                  0000b700    000001ca     (.cinit..data.load) [load image, compression = rle]
                  0000b8ca    00000006     --HOLE-- [fill = 0]
                  0000b8d0    0000002c     (.cinit..data:ti_sysbios_family_arm_m3_Hwi_Module__state__V.load) [load image, compression = rle]
                  0000b8fc    00000004     --HOLE-- [fill = 0]
                  0000b900    0000002c     (.cinit..data:ti_sysbios_knl_Task_Module__state__V.load) [load image, compression = rle]
                  0000b92c    00000004     --HOLE-- [fill = 0]
                  0000b930    00000021     (.cinit..data:ti_sysbios_knl_Clock_Module__state__V.load) [load image, compression = rle]
                  0000b951    00000007     --HOLE-- [fill = 0]
                  0000b958    0000001f     (.cinit..data:ti_sysbios_BIOS_Module__state__V.load) [load image, compression = rle]
                  0000b977    00000001     --HOLE-- [fill = 0]
                  0000b978    00000011     (.cinit..data:ti_sysbios_knl_Swi_Module__state__V.load) [load image, compression = rle]
                  0000b989    00000007     --HOLE-- [fill = 0]
                  0000b990    0000000d     (.cinit..data:ti_sysbios_family_arm_cc26xx_Timer_Module__state__V.load) [load image, compression = rle]
                  0000b99d    00000003     --HOLE-- [fill = 0]
                  0000b9a0    0000000d     (.cinit..data:xdc_runtime_System_Module__state__V.load) [load image, compression = rle]
                  0000b9ad    00000003     --HOLE-- [fill = 0]
                  0000b9b0    0000000b     (.cinit..bss.load) [load image, compression = rle]
                  0000b9bb    00000005     --HOLE-- [fill = 0]
                  0000b9c0    0000000a     (.cinit..data:xdc_runtime_Memory_Module__state__V.load) [load image, compression = rle]
                  0000b9ca    00000006     --HOLE-- [fill = 0]
                  0000b9d0    00000009     (.cinit..TI.bound:dmaSpi0RxControlTableEntry.load) [load image, compression = rle]
                  0000b9d9    00000007     --HOLE-- [fill = 0]
                  0000b9e0    00000009     (.cinit..TI.bound:dmaSpi0TxControlTableEntry.load) [load image, compression = rle]
                  0000b9e9    00000007     --HOLE-- [fill = 0]
                  0000b9f0    00000009     (.cinit..TI.bound:dmaSpi1RxControlTableEntry.load) [load image, compression = rle]
                  0000b9f9    00000007     --HOLE-- [fill = 0]
                  0000ba00    00000009     (.cinit..TI.bound:dmaSpi1TxControlTableEntry.load) [load image, compression = rle]
                  0000ba09    00000007     --HOLE-- [fill = 0]
                  0000ba10    00000009     (.cinit..data:ti_sysbios_family_arm_cc26xx_TimestampProvider_Module__state__V.load) [load image, compression = rle]
                  0000ba19    00000007     --HOLE-- [fill = 0]
                  0000ba20    00000009     (.cinit..data:xdc_runtime_Startup_Module__state__V.load) [load image, compression = rle]
                  0000ba29    00000007     --HOLE-- [fill = 0]
                  0000ba30    00000009     (.cinit..vecs.load) [load image, compression = rle]
                  0000ba39    00000003     --HOLE-- [fill = 0]
                  0000ba3c    00000008     (__TI_handler_table)
                  0000ba44    00000088     (__TI_cinit_table)

.init_array 
*          0    00000000    00000000     UNINITIALIZED

.ccfg      0    0001ffa8    00000058     
                  0001ffa8    00000058     ccfg.obj (.ccfg:retain)

.resetVecs 
*          0    00000000    0000003c     
                  00000000    0000003c     labra_pem3.oem3 (.resetVecs)

.binit     0    00000000    00000000     

.const:ti_sysbios_knl_Task_Object__PARAMS__C 
*          0    00000100    0000003c     
                  00000100    0000003c     labra_pem3.oem3 (.const:ti_sysbios_knl_Task_Object__PARAMS__C)

.const:ti_sysbios_knl_Mailbox_Object__PARAMS__C 
*          0    0000013c    00000034     
                  0000013c    00000034     labra_pem3.oem3 (.const:ti_sysbios_knl_Mailbox_Object__PARAMS__C)

.const:ti_sysbios_family_arm_m3_Hwi_Object__PARAMS__C 
*          0    00000170    00000030     
                  00000170    00000030     labra_pem3.oem3 (.const:ti_sysbios_family_arm_m3_Hwi_Object__PARAMS__C)

.const:ti_sysbios_hal_Hwi_Object__PARAMS__C 
*          0    000001a0    0000002c     
                  000001a0    0000002c     labra_pem3.oem3 (.const:ti_sysbios_hal_Hwi_Object__PARAMS__C)

.const:ti_sysbios_heaps_HeapMem_Module__FXNS__C 
*          0    000001cc    00000028     
                  000001cc    00000028     labra_pem3.oem3 (.const:ti_sysbios_heaps_HeapMem_Module__FXNS__C)

.const:ti_sysbios_knl_Swi_Object__PARAMS__C 
*          0    000001f4    00000028     
                  000001f4    00000028     labra_pem3.oem3 (.const:ti_sysbios_knl_Swi_Object__PARAMS__C)

.const:ti_sysbios_gates_GateHwi_Module__FXNS__C 
*          0    0000021c    00000024     
                  0000021c    00000024     labra_pem3.oem3 (.const:ti_sysbios_gates_GateHwi_Module__FXNS__C)

.const:ti_sysbios_gates_GateMutex_Module__FXNS__C 
*          0    00000240    00000024     
                  00000240    00000024     labra_pem3.oem3 (.const:ti_sysbios_gates_GateMutex_Module__FXNS__C)

.const:ti_sysbios_heaps_HeapMem_Object__PARAMS__C 
*          0    00000264    00000024     
                  00000264    00000024     labra_pem3.oem3 (.const:ti_sysbios_heaps_HeapMem_Object__PARAMS__C)

.const:ti_sysbios_knl_Clock_Object__PARAMS__C 
*          0    00000288    00000024     
                  00000288    00000024     labra_pem3.oem3 (.const:ti_sysbios_knl_Clock_Object__PARAMS__C)

.const:ti_sysbios_knl_Semaphore_Object__PARAMS__C 
*          0    000002ac    00000024     
                  000002ac    00000024     labra_pem3.oem3 (.const:ti_sysbios_knl_Semaphore_Object__PARAMS__C)

.const:ti_sysbios_family_arm_m3_Hwi_Object__DESC__C 
*          0    000002d0    00000020     
                  000002d0    00000020     labra_pem3.oem3 (.const:ti_sysbios_family_arm_m3_Hwi_Object__DESC__C)

.const:ti_sysbios_gates_GateHwi_Object__DESC__C 
*          0    000002f0    00000020     
                  000002f0    00000020     labra_pem3.oem3 (.const:ti_sysbios_gates_GateHwi_Object__DESC__C)

.const:ti_sysbios_gates_GateMutex_Object__DESC__C 
*          0    00000310    00000020     
                  00000310    00000020     labra_pem3.oem3 (.const:ti_sysbios_gates_GateMutex_Object__DESC__C)

.const:ti_sysbios_hal_Hwi_Object__DESC__C 
*          0    00000330    00000020     
                  00000330    00000020     labra_pem3.oem3 (.const:ti_sysbios_hal_Hwi_Object__DESC__C)

.const:ti_sysbios_heaps_HeapMem_Object__DESC__C 
*          0    00000350    00000020     
                  00000350    00000020     labra_pem3.oem3 (.const:ti_sysbios_heaps_HeapMem_Object__DESC__C)

.const:ti_sysbios_knl_Clock_Object__DESC__C 
*          0    00000370    00000020     
                  00000370    00000020     labra_pem3.oem3 (.const:ti_sysbios_knl_Clock_Object__DESC__C)

.const:ti_sysbios_knl_Mailbox_Object__DESC__C 
*          0    00000390    00000020     
                  00000390    00000020     labra_pem3.oem3 (.const:ti_sysbios_knl_Mailbox_Object__DESC__C)

.const:ti_sysbios_knl_Queue_Object__DESC__C 
*          0    000003b0    00000020     
                  000003b0    00000020     labra_pem3.oem3 (.const:ti_sysbios_knl_Queue_Object__DESC__C)

.const:ti_sysbios_knl_Semaphore_Object__DESC__C 
*          0    000003d0    00000020     
                  000003d0    00000020     labra_pem3.oem3 (.const:ti_sysbios_knl_Semaphore_Object__DESC__C)

.const:ti_sysbios_knl_Swi_Object__DESC__C 
*          0    000003f0    00000020     
                  000003f0    00000020     labra_pem3.oem3 (.const:ti_sysbios_knl_Swi_Object__DESC__C)

.const:ti_sysbios_knl_Task_Object__DESC__C 
*          0    00000410    00000020     
                  00000410    00000020     labra_pem3.oem3 (.const:ti_sysbios_knl_Task_Object__DESC__C)

.const:ti_sysbios_gates_GateHwi_Object__PARAMS__C 
*          0    00000430    00000018     
                  00000430    00000018     labra_pem3.oem3 (.const:ti_sysbios_gates_GateHwi_Object__PARAMS__C)

.const:ti_sysbios_gates_GateMutex_Object__PARAMS__C 
*          0    00000448    00000018     
                  00000448    00000018     labra_pem3.oem3 (.const:ti_sysbios_gates_GateMutex_Object__PARAMS__C)

.const:ti_sysbios_knl_Queue_Object__PARAMS__C 
*          0    00000460    00000018     
                  00000460    00000018     labra_pem3.oem3 (.const:ti_sysbios_knl_Queue_Object__PARAMS__C)

.const:ti_sysbios_knl_Idle_funcList__C 
*          0    00000478    00000008     
                  00000478    00000008     labra_pem3.oem3 (.const:ti_sysbios_knl_Idle_funcList__C)

.const:ti_sysbios_family_arm_cc26xx_Timer_startupNeeded__C 
*          0    00000484    00000004     
                  00000484    00000004     labra_pem3.oem3 (.const:ti_sysbios_family_arm_cc26xx_Timer_startupNeeded__C)

.const:ti_sysbios_family_arm_m3_Hwi_E_alreadyDefined__C 
*          0    00000488    00000004     
                  00000488    00000004     labra_pem3.oem3 (.const:ti_sysbios_family_arm_m3_Hwi_E_alreadyDefined__C)

.const:ti_sysbios_family_arm_m3_Hwi_E_hwiLimitExceeded__C 
*          0    0000048c    00000004     
                  0000048c    00000004     labra_pem3.oem3 (.const:ti_sysbios_family_arm_m3_Hwi_E_hwiLimitExceeded__C)

.const:ti_sysbios_family_arm_m3_Hwi_NUM_INTERRUPTS__C 
*          0    00000490    00000004     
                  00000490    00000004     labra_pem3.oem3 (.const:ti_sysbios_family_arm_m3_Hwi_NUM_INTERRUPTS__C)

.const:ti_sysbios_family_arm_m3_Hwi_Object__count__C 
*          0    00000494    00000004     
                  00000494    00000004     labra_pem3.oem3 (.const:ti_sysbios_family_arm_m3_Hwi_Object__count__C)

.const:ti_sysbios_family_arm_m3_Hwi_Object__table__C 
*          0    00000498    00000004     
                  00000498    00000004     labra_pem3.oem3 (.const:ti_sysbios_family_arm_m3_Hwi_Object__table__C)

.const:ti_sysbios_family_arm_m3_Hwi_ccr__C 
*          0    0000049c    00000004     
                  0000049c    00000004     labra_pem3.oem3 (.const:ti_sysbios_family_arm_m3_Hwi_ccr__C)

.const:ti_sysbios_family_arm_m3_Hwi_excHandlerFunc__C 
*          0    000004a0    00000004     
                  000004a0    00000004     labra_pem3.oem3 (.const:ti_sysbios_family_arm_m3_Hwi_excHandlerFunc__C)

.const:ti_sysbios_family_arm_m3_Hwi_nullIsrFunc__C 
*          0    000004a4    00000004     
                  000004a4    00000004     labra_pem3.oem3 (.const:ti_sysbios_family_arm_m3_Hwi_nullIsrFunc__C)

.const:ti_sysbios_family_arm_m3_Hwi_numSparseInterrupts__C 
*          0    000004a8    00000004     
                  000004a8    00000004     labra_pem3.oem3 (.const:ti_sysbios_family_arm_m3_Hwi_numSparseInterrupts__C)

.const:ti_sysbios_family_arm_m3_Hwi_priGroup__C 
*          0    000004ac    00000004     
                  000004ac    00000004     labra_pem3.oem3 (.const:ti_sysbios_family_arm_m3_Hwi_priGroup__C)

.const:ti_sysbios_family_arm_m3_TaskSupport_stackAlignment__C 
*          0    000004b0    00000004     
                  000004b0    00000004     labra_pem3.oem3 (.const:ti_sysbios_family_arm_m3_TaskSupport_stackAlignment__C)

.const:ti_sysbios_heaps_HeapMem_E_memory__C 
*          0    000004b4    00000004     
                  000004b4    00000004     labra_pem3.oem3 (.const:ti_sysbios_heaps_HeapMem_E_memory__C)

.const:ti_sysbios_heaps_HeapMem_Module__gateObj__C 
*          0    000004b8    00000004     
                  000004b8    00000004     labra_pem3.oem3 (.const:ti_sysbios_heaps_HeapMem_Module__gateObj__C)

.const:ti_sysbios_heaps_HeapMem_Object__count__C 
*          0    000004bc    00000004     
                  000004bc    00000004     labra_pem3.oem3 (.const:ti_sysbios_heaps_HeapMem_Object__count__C)

.const:ti_sysbios_heaps_HeapMem_Object__table__C 
*          0    000004c0    00000004     
                  000004c0    00000004     labra_pem3.oem3 (.const:ti_sysbios_heaps_HeapMem_Object__table__C)

.const:ti_sysbios_heaps_HeapMem_reqAlign__C 
*          0    000004c4    00000004     
                  000004c4    00000004     labra_pem3.oem3 (.const:ti_sysbios_heaps_HeapMem_reqAlign__C)

.const:ti_sysbios_knl_Clock_serviceMargin__C 
*          0    000004c8    00000004     
                  000004c8    00000004     labra_pem3.oem3 (.const:ti_sysbios_knl_Clock_serviceMargin__C)

.const:ti_sysbios_knl_Mailbox_Object__count__C 
*          0    000004cc    00000004     
                  000004cc    00000004     labra_pem3.oem3 (.const:ti_sysbios_knl_Mailbox_Object__count__C)

.const:ti_sysbios_knl_Mailbox_Object__table__C 
*          0    000004d0    00000004     
                  000004d0    00000004     labra_pem3.oem3 (.const:ti_sysbios_knl_Mailbox_Object__table__C)

.const:ti_sysbios_knl_Queue_Object__count__C 
*          0    000004d4    00000004     
                  000004d4    00000004     labra_pem3.oem3 (.const:ti_sysbios_knl_Queue_Object__count__C)

.const:ti_sysbios_knl_Queue_Object__table__C 
*          0    000004d8    00000004     
                  000004d8    00000004     labra_pem3.oem3 (.const:ti_sysbios_knl_Queue_Object__table__C)

.const:ti_sysbios_knl_Swi_Object__count__C 
*          0    000004dc    00000004     
                  000004dc    00000004     labra_pem3.oem3 (.const:ti_sysbios_knl_Swi_Object__count__C)

.const:ti_sysbios_knl_Swi_Object__table__C 
*          0    000004e0    00000004     
                  000004e0    00000004     labra_pem3.oem3 (.const:ti_sysbios_knl_Swi_Object__table__C)

.const:ti_sysbios_knl_Swi_numPriorities__C 
*          0    000004e4    00000004     
                  000004e4    00000004     labra_pem3.oem3 (.const:ti_sysbios_knl_Swi_numPriorities__C)

.const:ti_sysbios_knl_Task_Object__count__C 
*          0    000004e8    00000004     
                  000004e8    00000004     labra_pem3.oem3 (.const:ti_sysbios_knl_Task_Object__count__C)

.const:ti_sysbios_knl_Task_Object__table__C 
*          0    000004ec    00000004     
                  000004ec    00000004     labra_pem3.oem3 (.const:ti_sysbios_knl_Task_Object__table__C)

.const:ti_sysbios_knl_Task_allBlockedFunc__C 
*          0    000004f0    00000004     
                  000004f0    00000004     labra_pem3.oem3 (.const:ti_sysbios_knl_Task_allBlockedFunc__C)

.const:ti_sysbios_knl_Task_defaultStackHeap__C 
*          0    000004f4    00000004     
                  000004f4    00000004     labra_pem3.oem3 (.const:ti_sysbios_knl_Task_defaultStackHeap__C)

.const:ti_sysbios_knl_Task_defaultStackSize__C 
*          0    000004f8    00000004     
                  000004f8    00000004     labra_pem3.oem3 (.const:ti_sysbios_knl_Task_defaultStackSize__C)

.const:ti_sysbios_knl_Task_numConstructedTasks__C 
*          0    000004fc    00000004     
                  000004fc    00000004     labra_pem3.oem3 (.const:ti_sysbios_knl_Task_numConstructedTasks__C)

.const:ti_sysbios_family_arm_cc26xx_Timer_Module__id__C 
*          0    00000502    00000002     
                  00000502    00000002     labra_pem3.oem3 (.const:ti_sysbios_family_arm_cc26xx_Timer_Module__id__C)

.const:ti_sysbios_family_arm_cc26xx_TimestampProvider_useClockTimer__C 
*          0    00000504    00000002     
                  00000504    00000002     labra_pem3.oem3 (.const:ti_sysbios_family_arm_cc26xx_TimestampProvider_useClockTimer__C)

.const:ti_sysbios_family_arm_m3_Hwi_Module__id__C 
*          0    00000506    00000002     
                  00000506    00000002     labra_pem3.oem3 (.const:ti_sysbios_family_arm_m3_Hwi_Module__id__C)

.const:ti_sysbios_gates_GateHwi_Module__id__C 
*          0    00000508    00000002     
                  00000508    00000002     labra_pem3.oem3 (.const:ti_sysbios_gates_GateHwi_Module__id__C)

.const:ti_sysbios_gates_GateMutex_Module__id__C 
*          0    0000050a    00000002     
                  0000050a    00000002     labra_pem3.oem3 (.const:ti_sysbios_gates_GateMutex_Module__id__C)

.const:ti_sysbios_heaps_HeapMem_Module__id__C 
*          0    0000050c    00000002     
                  0000050c    00000002     labra_pem3.oem3 (.const:ti_sysbios_heaps_HeapMem_Module__id__C)

.const:ti_sysbios_knl_Task_initStackFlag__C 
*          0    0000050e    00000002     
                  0000050e    00000002     labra_pem3.oem3 (.const:ti_sysbios_knl_Task_initStackFlag__C)

.const:ti_sysbios_knl_Clock_tickMode__C 
*          0    00000510    00000001     
                  00000510    00000001     labra_pem3.oem3 (.const:ti_sysbios_knl_Clock_tickMode__C)

.const:xdc_runtime_Startup_firstFxns__C 
*          0    00000514    00000008     
                  00000514    00000008     labra_pem3.oem3 (.const:xdc_runtime_Startup_firstFxns__C)

.const:xdc_runtime_Startup_lastFxns__C 
*          0    0000051c    00000008     
                  0000051c    00000008     labra_pem3.oem3 (.const:xdc_runtime_Startup_lastFxns__C)

.const:xdc_runtime_Assert_E_assertFailed__C 
*          0    00000524    00000004     
                  00000524    00000004     labra_pem3.oem3 (.const:xdc_runtime_Assert_E_assertFailed__C)

.const:xdc_runtime_Error_E_memory__C 
*          0    00000528    00000004     
                  00000528    00000004     labra_pem3.oem3 (.const:xdc_runtime_Error_E_memory__C)

.const:xdc_runtime_Error_policyFxn__C 
*          0    0000052c    00000004     
                  0000052c    00000004     labra_pem3.oem3 (.const:xdc_runtime_Error_policyFxn__C)

.const:xdc_runtime_IGateProvider_Interface__BASE__C 
*          0    00000530    00000004     
                  00000530    00000004     labra_pem3.oem3 (.const:xdc_runtime_IGateProvider_Interface__BASE__C)

.const:xdc_runtime_IHeap_Interface__BASE__C 
*          0    00000534    00000004     
                  00000534    00000004     labra_pem3.oem3 (.const:xdc_runtime_IHeap_Interface__BASE__C)

.const:xdc_runtime_IModule_Interface__BASE__C 
*          0    00000538    00000004     
                  00000538    00000004     labra_pem3.oem3 (.const:xdc_runtime_IModule_Interface__BASE__C)

.const:xdc_runtime_Main_Module__diagsEnabled__C 
*          0    0000053c    00000004     
                  0000053c    00000004     labra_pem3.oem3 (.const:xdc_runtime_Main_Module__diagsEnabled__C)

.const:xdc_runtime_Main_Module__diagsIncluded__C 
*          0    00000540    00000004     
                  00000540    00000004     labra_pem3.oem3 (.const:xdc_runtime_Main_Module__diagsIncluded__C)

.const:xdc_runtime_Main_Module__diagsMask__C 
*          0    00000544    00000004     
                  00000544    00000004     labra_pem3.oem3 (.const:xdc_runtime_Main_Module__diagsMask__C)

.const:xdc_runtime_Memory_defaultHeapInstance__C 
*          0    00000548    00000004     
                  00000548    00000004     labra_pem3.oem3 (.const:xdc_runtime_Memory_defaultHeapInstance__C)

.const:xdc_runtime_Startup_execImpl__C 
*          0    0000054c    00000004     
                  0000054c    00000004     labra_pem3.oem3 (.const:xdc_runtime_Startup_execImpl__C)

.const:xdc_runtime_Startup_maxPasses__C 
*          0    00000550    00000004     
                  00000550    00000004     labra_pem3.oem3 (.const:xdc_runtime_Startup_maxPasses__C)

.const:xdc_runtime_Startup_sfxnRts__C 
*          0    00000554    00000004     
                  00000554    00000004     labra_pem3.oem3 (.const:xdc_runtime_Startup_sfxnRts__C)

.const:xdc_runtime_Startup_sfxnTab__C 
*          0    00000558    00000004     
                  00000558    00000004     labra_pem3.oem3 (.const:xdc_runtime_Startup_sfxnTab__C)

.const:xdc_runtime_Startup_startModsFxn__C 
*          0    0000055c    00000004     
                  0000055c    00000004     labra_pem3.oem3 (.const:xdc_runtime_Startup_startModsFxn__C)

.const:xdc_runtime_SysCallback_abortFxn__C 
*          0    00000560    00000004     
                  00000560    00000004     labra_pem3.oem3 (.const:xdc_runtime_SysCallback_abortFxn__C)

.const:xdc_runtime_SysCallback_exitFxn__C 
*          0    00000564    00000004     
                  00000564    00000004     labra_pem3.oem3 (.const:xdc_runtime_SysCallback_exitFxn__C)

.const:xdc_runtime_System_abortFxn__C 
*          0    00000568    00000004     
                  00000568    00000004     labra_pem3.oem3 (.const:xdc_runtime_System_abortFxn__C)

.const:xdc_runtime_System_exitFxn__C 
*          0    0000056c    00000004     
                  0000056c    00000004     labra_pem3.oem3 (.const:xdc_runtime_System_exitFxn__C)

.const:xdc_runtime_System_maxAtexitHandlers__C 
*          0    00000570    00000004     
                  00000570    00000004     labra_pem3.oem3 (.const:xdc_runtime_System_maxAtexitHandlers__C)

.const:xdc_runtime_Text_charTab__C 
*          0    00000574    00000004     
                  00000574    00000004     labra_pem3.oem3 (.const:xdc_runtime_Text_charTab__C)

.const:xdc_runtime_Text_nameEmpty__C 
*          0    00000578    00000004     
                  00000578    00000004     labra_pem3.oem3 (.const:xdc_runtime_Text_nameEmpty__C)

.const:xdc_runtime_Text_nameStatic__C 
*          0    0000057c    00000004     
                  0000057c    00000004     labra_pem3.oem3 (.const:xdc_runtime_Text_nameStatic__C)

.const:xdc_runtime_Text_nameUnknown__C 
*          0    00000580    00000004     
                  00000580    00000004     labra_pem3.oem3 (.const:xdc_runtime_Text_nameUnknown__C)

.const:xdc_runtime_Main_Module__id__C 
*          0    00000584    00000002     
                  00000584    00000002     labra_pem3.oem3 (.const:xdc_runtime_Main_Module__id__C)

.const:xdc_runtime_Memory_Module__id__C 
*          0    00000586    00000002     
                  00000586    00000002     labra_pem3.oem3 (.const:xdc_runtime_Memory_Module__id__C)

.const:xdc_runtime_Text_charCnt__C 
*          0    00000588    00000002     
                  00000588    00000002     labra_pem3.oem3 (.const:xdc_runtime_Text_charCnt__C)

.const:xdc_runtime_Text_isLoaded__C 
*          0    0000058a    00000002     
                  0000058a    00000002     labra_pem3.oem3 (.const:xdc_runtime_Text_isLoaded__C)

.const:xdc_runtime_Error_policy__C 
*          0    0000058c    00000001     
                  0000058c    00000001     labra_pem3.oem3 (.const:xdc_runtime_Error_policy__C)

.const:ti_sysbios_rom_ROM_AONRTCChannelEnable 
*          0    00000590    00000004     
                  00000590    00000004     labra_pem3.oem3 (.const:ti_sysbios_rom_ROM_AONRTCChannelEnable)

.const:ti_sysbios_rom_ROM_AONRTCCompareValueSet 
*          0    00000594    00000004     
                  00000594    00000004     labra_pem3.oem3 (.const:ti_sysbios_rom_ROM_AONRTCCompareValueSet)

.const:ti_sysbios_rom_ROM_AONRTCCurrentCompareValueGet 
*          0    00000598    00000004     
                  00000598    00000004     labra_pem3.oem3 (.const:ti_sysbios_rom_ROM_AONRTCCurrentCompareValueGet)

.const:ti_sysbios_rom_ROM_AONRTCEventClear 
*          0    0000059c    00000004     
                  0000059c    00000004     labra_pem3.oem3 (.const:ti_sysbios_rom_ROM_AONRTCEventClear)

.const:ti_sysbios_rom_ROM_ti_sysbios_family_arm_cc26xx_Timer_getCount64__E 
*          0    000005a0    00000004     
                  000005a0    00000004     labra_pem3.oem3 (.const:ti_sysbios_rom_ROM_ti_sysbios_family_arm_cc26xx_Timer_getCount64__E)

.const:ti_sysbios_rom_ROM_ti_sysbios_family_arm_cc26xx_Timer_getCurrentTick__E 
*          0    000005a4    00000004     
                  000005a4    00000004     labra_pem3.oem3 (.const:ti_sysbios_rom_ROM_ti_sysbios_family_arm_cc26xx_Timer_getCurrentTick__E)

.const:ti_sysbios_rom_ROM_ti_sysbios_family_arm_cc26xx_Timer_getMaxTicks__E 
[...]
1001c1fb  ti_sysbios_family_arm_m3_Hwi_doSwiRestore__I                              
1001c203  ti_sysbios_family_arm_m3_Hwi_startup__E                                   
1001c20b  ti_sysbios_knl_Idle_loop__E                                               
1001c213  ti_sysbios_family_arm_m3_Hwi_doTaskRestore__I                             
1001c219  ti_sysbios_family_arm_m3_Hwi_restoreFxn__E                                
1001c21f  ti_sysbios_gates_GateHwi_leave__E                                         
1001c22b  ti_sysbios_knl_Queue_Instance_init__E                                     
1001c231  ti_sysbios_knl_Queue_elemClear__E                                         
1001c237  ti_sysbios_knl_Swi_Module_startup__E                                      
1001c23d  ti_sysbios_knl_Swi_startup__E                                             
1001c243  ti_sysbios_knl_Task_enable__E                                             
1001c249  ti_sysbios_BIOS_RtsGateProxy_enter__E                                     
1001c24d  ti_sysbios_BIOS_RtsGateProxy_leave__E                                     
1001c251  ti_sysbios_family_arm_cc26xx_Timer_getExpiredTicks__E                     
1001c255  ti_sysbios_family_arm_cc26xx_Timer_getPeriod__E                           
1001c259  ti_sysbios_family_arm_cc26xx_Timer_setPeriod__E                           
1001c25d  ti_sysbios_family_arm_m3_Hwi_delete                                       
1001c261  ti_sysbios_family_arm_m3_Hwi_destruct                                     
1001c265  ti_sysbios_family_arm_m3_TaskSupport_Module__startupDone__S               
1001c269  ti_sysbios_gates_GateHwi_query__E                                         
1001c269  xdc_runtime_System_Module_GateProxy_query__E                              
1001c26d  ti_sysbios_gates_GateMutex_delete                                         
1001c271  ti_sysbios_gates_GateMutex_destruct                                       
1001c275  ti_sysbios_BIOS_RtsGateProxy_query__E                                     
1001c275  ti_sysbios_gates_GateMutex_query__E                                       
1001c275  ti_sysbios_heaps_HeapMem_Module_GateProxy_query__E                        
1001c279  ti_sysbios_hal_Hwi_HwiProxy_Module__startupDone__S                        
1001c27d  ti_sysbios_hal_Hwi_HwiProxy_delete                                        
1001c281  ti_sysbios_hal_Hwi_HwiProxy_disableInterrupt__E                           
1001c281  ti_sysbios_hal_Hwi_disableInterrupt__E                                    
1001c285  ti_sysbios_hal_Hwi_HwiProxy_enableInterrupt__E                            
1001c285  ti_sysbios_hal_Hwi_enableInterrupt__E                                     
1001c289  ti_sysbios_hal_Hwi_HwiProxy_getStackInfo__E                               
1001c289  ti_sysbios_hal_Hwi_getStackInfo__E                                        
1001c28d  ti_sysbios_hal_Hwi_HwiProxy_startup__E                                    
1001c28d  ti_sysbios_hal_Hwi_startup__E                                             
1001c291  ti_sysbios_hal_Hwi_HwiProxy_switchFromBootStack__E                        
1001c295  ti_sysbios_hal_Hwi_delete                                                 
1001c299  ti_sysbios_hal_Hwi_switchFromBootStack__E                                 
1001c29d  ti_sysbios_heaps_HeapMem_Module_GateProxy_enter__E                        
1001c2a1  ti_sysbios_heaps_HeapMem_Module_GateProxy_leave__E                        
1001c2a5  ti_sysbios_heaps_HeapMem_isBlocking__E                                    
1001c2a9  ti_sysbios_knl_Clock_TimerProxy_Module__startupDone__S                    
1001c2ad  ti_sysbios_knl_Clock_TimerProxy_getExpiredTicks__E                        
1001c2b1  ti_sysbios_knl_Clock_TimerProxy_getPeriod__E                              
1001c2b5  ti_sysbios_knl_Clock_delete                                               
1001c2b9  ti_sysbios_knl_Clock_destruct                                             
1001c2bd  ti_sysbios_knl_Clock_removeI__E                                           
1001c2c1  ti_sysbios_knl_Clock_setTimeout__E                                        
1001c2c5  ti_sysbios_knl_Mailbox_delete                                             
1001c2c9  ti_sysbios_knl_Mailbox_destruct                                           
1001c2cd  ti_sysbios_knl_Queue_delete                                               
1001c2d1  ti_sysbios_knl_Queue_destruct                                             
1001c2d5  ti_sysbios_knl_Queue_head__E                                              
1001c2d9  ti_sysbios_knl_Queue_next__E                                              
1001c2dd  ti_sysbios_knl_Semaphore_delete                                           
1001c2e1  ti_sysbios_knl_Semaphore_destruct                                         
1001c2e5  ti_sysbios_knl_Swi_delete                                                 
1001c2e9  ti_sysbios_knl_Swi_destruct                                               
1001c2ed  ti_sysbios_knl_Swi_postInit__I                                            
1001c2f1  ti_sysbios_knl_Task_SupportProxy_Module__startupDone__S                   
1001c2f5  ti_sysbios_knl_Task_SupportProxy_getStackAlignment__E                     
1001c2f9  ti_sysbios_knl_Task_SupportProxy_start__E                                 
1001c2fd  ti_sysbios_knl_Task_SupportProxy_swap__E                                  
1001c301  ti_sysbios_knl_Task_delete                                                
1001c305  ti_sysbios_knl_Task_destruct                                              
1001c309  ti_sysbios_knl_Task_startup__E                                            
1001c30d  xdc_runtime_Startup_startMods__I                                          
1001c405  xdc_runtime_Core_createObject__I                                          
1001c487  xdc_runtime_Error_policySpin__E                                           
1001c489  xdc_runtime_Memory_alloc__E                                               
1001c4f9  xdc_runtime_Core_deleteObject__I                                          
1001c559  xdc_runtime_Startup_exec__E                                               
1001c5a9  xdc_runtime_Assert_raise__I                                               
1001c5f1  xdc_runtime_Core_assignParams__I                                          
1001c639  xdc_runtime_Core_constructObject__I                                       
1001c681  xdc_runtime_System_atexit__E                                              
1001c6b9  xdc_runtime_System_processAtExit__E                                       
1001c6ed  xdc_runtime_Core_assignLabel__I                                           
1001c71d  xdc_runtime_Text_cordText__E                                              
1001c749  xdc_runtime_System_abort__E                                               
1001c769  xdc_runtime_Error_raiseX__E                                               
1001c785  xdc_runtime_Memory_valloc__E                                              
1001c7a1  xdc_runtime_Core_destructObject__I                                        
1001c7b9  xdc_runtime_Error_check__E                                                
1001c7d1  xdc_runtime_System_exit__E                                                
1001c7e9  xdc_runtime_Text_ropeText__E                                              
1001c801  xdc_runtime_Memory_free__E                                                
1001c811  xdc_runtime_SysCallback_abort__E                                          
1001c821  xdc_runtime_SysCallback_exit__E                                           
1001c831  xdc_runtime_Timestamp_SupportProxy_get32__E                               
1001c831  xdc_runtime_Timestamp_get32__E                                            
1001c841  xdc_runtime_Error_init__E                                                 
1001c84d  xdc_runtime_Memory_calloc__E                                              
1001c859  xdc_runtime_Memory_getMaxDefaultTypeAlign__E                              
1001c879  xdc_runtime_Gate_leaveSystem__E                                           
1001c87f  xdc_runtime_System_Module_startup__E                                      
1001c885  xdc_runtime_Gate_enterSystem__E                                           
1001c889  xdc_runtime_Memory_HeapProxy_alloc__E                                     
1001c88d  xdc_runtime_Memory_HeapProxy_free__E                                      
1001c891  xdc_runtime_System_Module_GateProxy_enter__E                              
1001c895  xdc_runtime_System_Module_GateProxy_leave__E                              
1001c899  xdc_runtime_System_abortSpin__E                                           
1001c89b  xdc_runtime_System_exitSpin__E                                            
1001c89d  ti_sysbios_family_arm_m3_Hwi_dispatch__I                                  
1001c96d  ti_sysbios_family_arm_m3_TaskSupport_buildTaskStack                       
1001c9b9  ti_sysbios_family_arm_m3_Hwi_initStacks__E                                
1001ca01  ti_sysbios_family_arm_m3_Hwi_excHandlerAsm__I                             
1001ca21  ti_sysbios_family_xxx_Hwi_switchAndRunFunc                                
1001ca3f  ti_sysbios_family_arm_m3_Hwi_pendSV__I                                    
1001ca57  ti_sysbios_family_arm_m3_Hwi_return                                       
1001ca59  ti_sysbios_family_arm_m3_TaskSupport_glue                                 
1001ca69  ti_sysbios_family_arm_m3_TaskSupport_swap__E                              
1001ca71  ti_sysbios_knl_Task_swapReturn                                            
1001ca9b  ti_sysbios_rom_cortexm_cc26xx_CC26xx_getRevision__E                       
20000000  ti_sysbios_family_arm_m3_Hwi_ramVectors                                   
20000100  ti_sysbios_knl_Task_Module__state__V                                      
20000144  ti_sysbios_family_arm_m3_Hwi_Module__state__V                             
20000178  ti_sysbios_knl_Clock_Module__state__V                                     
200001a4  ti_sysbios_BIOS_Module__state__V                                          
200001c8  ti_sysbios_knl_Swi_Module__state__V                                       
200001e4  ti_sysbios_family_arm_cc26xx_Timer_Module__state__V                       
200001ec  ti_sysbios_family_arm_cc26xx_TimestampProvider_Module__state__V           
200001f0  xdc_runtime_Startup_Module__state__V                                      
200001f8  xdc_runtime_System_Module__state__V                                       
20000200  xdc_runtime_Memory_Module__state__V                                       
20000520  dispTaskStack                                                             
20000d20  sensorTaskStack                                                           
200019a0  ti_sysbios_heaps_HeapMem_Instance_State_0_buf__A                          
20001fa0  ti_sysbios_knl_Task_Instance_State_0_stack__A                             
200021a0  spiCC26XXDMAObjects                                                       
20002358  __CIOBUF_                                                                 
20002478  i2cCC26xxObjects                                                          
20002558  ti_sysbios_family_arm_m3_Hwi_dispatchTable                                
20002620  xdc_runtime_SysMin_Module_State_0_outbuf__A                               
200026a0  PIN_HandleTable                                                           
2000271c  displaySharpObject                                                        
200027dc  udmaObjects                                                               
20002834  SelfTest                                                                  
20002894  PIN_NumPins                                                               
20002898  aRes                                                                      
2000289c  gRes                                                                      
200028a0  i2c                                                                       
200028b0  time                                                                      
200028b5  driverlib_release_0_46593                                                 
200028b8  PowerCC26XX_module                                                        
200029c8  ti_sysbios_knl_Task_Object__table__V                                      
20002a18  ti_sysbios_family_arm_cc26xx_Timer_Object__table__V                       
20002a60  ti_sysbios_gates_GateMutex_Object__table__V                               
20002a98  ti_sysbios_knl_Swi_Module_State_0_readyQ__A                               
20002ac8  ti_sysbios_knl_Swi_Object__table__V                                       
20002af8  ti_sysbios_knl_Clock_Object__table__V                                     
20002b18  ti_sysbios_knl_Task_Module_State_0_readyQ__A                              
20002b38  ti_sysbios_family_arm_m3_Hwi_Object__table__V                             
20002b50  ti_sysbios_heaps_HeapMem_Object__table__V                                 
20002b68  accelBias                                                                 
20002b74  gyroBias                                                                  
20002b80  xdc_runtime_SysMin_Module__state__V                                       
20002b8c  _lock                                                                     
20002b90  _unlock                                                                   
20002b9c  imgPalette                                                                
20002ba4  ti_sysbios_family_arm_m3_Hwi_Module__root__V                              
20002bac  ti_sysbios_gates_GateHwi_Module__root__V                                  
20002bb4  ti_sysbios_gates_GateMutex_Module__root__V                                
20002bbc  ti_sysbios_hal_Hwi_Module__root__V                                        
20002bc4  ti_sysbios_heaps_HeapMem_Module__root__V                                  
20002bcc  ti_sysbios_knl_Clock_Module__root__V                                      
20002bd4  ti_sysbios_knl_Mailbox_Module__root__V                                    
20002bdc  ti_sysbios_knl_Queue_Module__root__V                                      
20002be4  ti_sysbios_knl_Semaphore_Module__root__V                                  
20002bec  ti_sysbios_knl_Swi_Module__root__V                                        
20002bf4  ti_sysbios_knl_Task_Module__root__V                                       
20002bfc  xdc_runtime_Registry_Module__state__V                                     
20002c04  xdc_runtime_System_Module_State_0_atexitHandlers__A                       
20002c10  errno                                                                     
20002c14  main_func_sp                                                              
20002c18  ti_sysbios_family_arm_m3_Hwi_Module_State_0_excContext__A                 
20002c1c  ti_sysbios_family_arm_m3_Hwi_Module_State_0_excStack__A                   
20002c20  ti_sysbios_knl_Task_Module_State_0_idleTask__A                            
20002c26  Gscale                                                                    
20002c27  Ascale                                                                    
20002c28  ti_sysbios_family_arm_m3_Hwi_Module_State_0_excActive__A                  
20002c2a  myState                                                                   
20004d00  __stack                                                                   
20005000  __STACK_END                                                               
e000e000  ti_sysbios_family_arm_m3_Hwi_nvic                                         
ffffffff  __TI_pprof_out_hndl                                                       
ffffffff  __TI_prof_data_size                                                       
ffffffff  __TI_prof_data_start                                                      
ffffffff  __binit__                                                                 
ffffffff  __c_args__                                                                
ffffffff  binit                                                                     
UNDEFED   HwiP_restore                                                              
UNDEFED   SHT$$INIT_ARRAY$$Base                                                     
UNDEFED   SHT$$INIT_ARRAY$$Limit                                                    
UNDEFED   ti_sysbios_BIOS_RtsGateProxy_Handle__label__S__mangled__                  
UNDEFED   ti_sysbios_BIOS_RtsGateProxy_Object__delete__S__mangled__                 
UNDEFED   ti_sysbios_BIOS_RtsGateProxy_Params__init__S__mangled__                   
UNDEFED   ti_sysbios_BIOS_RtsGateProxy_query__E__mangled__                          
UNDEFED   ti_sysbios_hal_Hwi_HwiProxy_Module__startupDone__S__mangled__             
UNDEFED   ti_sysbios_hal_Hwi_HwiProxy_Object__delete__S__mangled__                  
UNDEFED   ti_sysbios_hal_Hwi_HwiProxy_Params__init__S__mangled__                    
UNDEFED   ti_sysbios_hal_Hwi_HwiProxy_disableInterrupt__E__mangled__                
UNDEFED   ti_sysbios_hal_Hwi_HwiProxy_enableInterrupt__E__mangled__                 
UNDEFED   ti_sysbios_hal_Hwi_HwiProxy_getStackInfo__E__mangled__                    
UNDEFED   ti_sysbios_hal_Hwi_HwiProxy_startup__E__mangled__                         
UNDEFED   ti_sysbios_hal_Hwi_HwiProxy_switchFromBootStack__E__mangled__             
UNDEFED   ti_sysbios_hal_Hwi_disableInterrupt__E                                    
UNDEFED   ti_sysbios_hal_Hwi_enableInterrupt__E                                     
UNDEFED   ti_sysbios_hal_Hwi_getStackInfo__E                                        
UNDEFED   ti_sysbios_hal_Hwi_startup__E                                             
UNDEFED   ti_sysbios_hal_Hwi_switchFromBootStack__E                                 
UNDEFED   ti_sysbios_heaps_HeapMem_Module_GateProxy_Handle__label__S__mangled__     
UNDEFED   ti_sysbios_heaps_HeapMem_Module_GateProxy_Object__delete__S__mangled__    
UNDEFED   ti_sysbios_heaps_HeapMem_Module_GateProxy_Params__init__S__mangled__      
UNDEFED   ti_sysbios_heaps_HeapMem_Module_GateProxy_query__E__mangled__             
UNDEFED   ti_sysbios_knl_Clock_TimerProxy_Module__startupDone__S__mangled__         
UNDEFED   ti_sysbios_knl_Clock_TimerProxy_startup__E__mangled__                     
UNDEFED   ti_sysbios_knl_Task_SupportProxy_Module__startupDone__S__mangled__        
UNDEFED   ti_sysbios_knl_Task_SupportProxy_getStackAlignment__E__mangled__          
UNDEFED   ti_sysbios_knl_Task_SupportProxy_start__E__mangled__                      
UNDEFED   ti_sysbios_knl_Task_SupportProxy_swap__E__mangled__                       
UNDEFED   xdc_runtime_Main_Module_GateProxy_Handle__label__S                        
UNDEFED   xdc_runtime_Main_Module_GateProxy_Object__delete__S                       
UNDEFED   xdc_runtime_Main_Module_GateProxy_query__E                                
UNDEFED   xdc_runtime_Memory_HeapProxy_Handle__label__S__mangled__                  
UNDEFED   xdc_runtime_Memory_HeapProxy_Object__delete__S__mangled__                 
UNDEFED   xdc_runtime_System_Module_GateProxy_Handle__label__S__mangled__           
UNDEFED   xdc_runtime_System_Module_GateProxy_Object__delete__S__mangled__          
UNDEFED   xdc_runtime_System_Module_GateProxy_query__E__mangled__                   
UNDEFED   xdc_runtime_Timestamp_SupportProxy_get64__E__mangled__                    
UNDEFED   xdc_runtime_Timestamp_SupportProxy_getFreq__E__mangled__                  
UNDEFED   xdc_runtime_Timestamp_get32__E                                            
UNDEFED   xdc_runtime_Timestamp_get64__E                                            
UNDEFED   xdc_runtime_Timestamp_getFreq__E                                          

[883 symbols]
